<?xml version="1.0"?>
<link_info>
   <banner>MSP430 Linker PC v4.2.1</banner>
   <copyright>Copyright (c) 2003-2013 Texas Instruments Incorporated</copyright>
   <link_time>0x537f3248</link_time>
   <link_errors>0x0</link_errors>
   <output_file>Analyze.out</output_file>
   <entry_point>
      <name>_c_int00</name>
      <address>0x5c00</address>
   </entry_point>
   <input_file_list>
      <input_file id="fl-2">
         <path>.\ipstack\</path>
         <kind>object</kind>
         <file>UDP.obj</file>
         <name>UDP.obj</name>
      </input_file>
      <input_file id="fl-3">
         <path>.\ipstack\</path>
         <kind>object</kind>
         <file>TFTPc.obj</file>
         <name>TFTPc.obj</name>
      </input_file>
      <input_file id="fl-4">
         <path>.\ipstack\</path>
         <kind>object</kind>
         <file>StackTsk.obj</file>
         <name>StackTsk.obj</name>
      </input_file>
      <input_file id="fl-5">
         <path>.\ipstack\</path>
         <kind>object</kind>
         <file>IP.obj</file>
         <name>IP.obj</name>
      </input_file>
      <input_file id="fl-6">
         <path>.\ipstack\</path>
         <kind>object</kind>
         <file>ICMP.obj</file>
         <name>ICMP.obj</name>
      </input_file>
      <input_file id="fl-7">
         <path>.\ipstack\</path>
         <kind>object</kind>
         <file>DHCP.obj</file>
         <name>DHCP.obj</name>
      </input_file>
      <input_file id="fl-8">
         <path>.\ipstack\</path>
         <kind>object</kind>
         <file>ARP.obj</file>
         <name>ARP.obj</name>
      </input_file>
      <input_file id="fl-9">
         <path>.\</path>
         <kind>object</kind>
         <file>main.obj</file>
         <name>main.obj</name>
      </input_file>
      <input_file id="fl-a">
         <path>.\</path>
         <kind>object</kind>
         <file>hardware_board.obj</file>
         <name>hardware_board.obj</name>
      </input_file>
      <input_file id="fl-b">
         <path>.\</path>
         <kind>object</kind>
         <file>hal_pmm.obj</file>
         <name>hal_pmm.obj</name>
      </input_file>
      <input_file id="fl-c">
         <path>.\</path>
         <kind>object</kind>
         <file>config.obj</file>
         <name>config.obj</name>
      </input_file>
      <input_file id="fl-d">
         <path>.\</path>
         <kind>object</kind>
         <file>appconfig.obj</file>
         <name>appconfig.obj</name>
      </input_file>
      <input_file id="fl-e">
         <path>.\</path>
         <kind>object</kind>
         <file>Tick.obj</file>
         <name>Tick.obj</name>
      </input_file>
      <input_file id="fl-f">
         <path>.\</path>
         <kind>object</kind>
         <file>ENC28J60.obj</file>
         <name>ENC28J60.obj</name>
      </input_file>
      <input_file id="fl-10">
         <path>.\</path>
         <kind>object</kind>
         <file>Compiler.obj</file>
         <name>Compiler.obj</name>
      </input_file>
      <input_file id="fl-30">
         <path>C:\ti\ccsv5\tools\compiler\msp430_4.2.1\lib\</path>
         <kind>archive</kind>
         <file>rts430x_lc_sd_eabi.lib</file>
         <name>boot.obj</name>
      </input_file>
      <input_file id="fl-31">
         <path>C:\ti\ccsv5\tools\compiler\msp430_4.2.1\lib\</path>
         <kind>archive</kind>
         <file>rts430x_lc_sd_eabi.lib</file>
         <name>copy_decompress_none.obj</name>
      </input_file>
      <input_file id="fl-32">
         <path>C:\ti\ccsv5\tools\compiler\msp430_4.2.1\lib\</path>
         <kind>archive</kind>
         <file>rts430x_lc_sd_eabi.lib</file>
         <name>copy_decompress_rle.obj</name>
      </input_file>
      <input_file id="fl-33">
         <path>C:\ti\ccsv5\tools\compiler\msp430_4.2.1\lib\</path>
         <kind>archive</kind>
         <file>rts430x_lc_sd_eabi.lib</file>
         <name>copy_zero_init.obj</name>
      </input_file>
      <input_file id="fl-34">
         <path>C:\ti\ccsv5\tools\compiler\msp430_4.2.1\lib\</path>
         <kind>archive</kind>
         <file>rts430x_lc_sd_eabi.lib</file>
         <name>cpy_util.obj</name>
      </input_file>
      <input_file id="fl-35">
         <path>C:\ti\ccsv5\tools\compiler\msp430_4.2.1\lib\</path>
         <kind>archive</kind>
         <file>rts430x_lc_sd_eabi.lib</file>
         <name>exit.obj</name>
      </input_file>
      <input_file id="fl-36">
         <path>C:\ti\ccsv5\tools\compiler\msp430_4.2.1\lib\</path>
         <kind>archive</kind>
         <file>rts430x_lc_sd_eabi.lib</file>
         <name>int41.obj</name>
      </input_file>
      <input_file id="fl-37">
         <path>C:\ti\ccsv5\tools\compiler\msp430_4.2.1\lib\</path>
         <kind>archive</kind>
         <file>rts430x_lc_sd_eabi.lib</file>
         <name>int42.obj</name>
      </input_file>
      <input_file id="fl-38">
         <path>C:\ti\ccsv5\tools\compiler\msp430_4.2.1\lib\</path>
         <kind>archive</kind>
         <file>rts430x_lc_sd_eabi.lib</file>
         <name>int45.obj</name>
      </input_file>
      <input_file id="fl-39">
         <path>C:\ti\ccsv5\tools\compiler\msp430_4.2.1\lib\</path>
         <kind>archive</kind>
         <file>rts430x_lc_sd_eabi.lib</file>
         <name>int46.obj</name>
      </input_file>
      <input_file id="fl-3a">
         <path>C:\ti\ccsv5\tools\compiler\msp430_4.2.1\lib\</path>
         <kind>archive</kind>
         <file>rts430x_lc_sd_eabi.lib</file>
         <name>int47.obj</name>
      </input_file>
      <input_file id="fl-3b">
         <path>C:\ti\ccsv5\tools\compiler\msp430_4.2.1\lib\</path>
         <kind>archive</kind>
         <file>rts430x_lc_sd_eabi.lib</file>
         <name>int48.obj</name>
      </input_file>
      <input_file id="fl-3c">
         <path>C:\ti\ccsv5\tools\compiler\msp430_4.2.1\lib\</path>
         <kind>archive</kind>
         <file>rts430x_lc_sd_eabi.lib</file>
         <name>int49.obj</name>
      </input_file>
      <input_file id="fl-3d">
         <path>C:\ti\ccsv5\tools\compiler\msp430_4.2.1\lib\</path>
         <kind>archive</kind>
         <file>rts430x_lc_sd_eabi.lib</file>
         <name>int50.obj</name>
      </input_file>
      <input_file id="fl-3e">
         <path>C:\ti\ccsv5\tools\compiler\msp430_4.2.1\lib\</path>
         <kind>archive</kind>
         <file>rts430x_lc_sd_eabi.lib</file>
         <name>int53.obj</name>
      </input_file>
      <input_file id="fl-3f">
         <path>C:\ti\ccsv5\tools\compiler\msp430_4.2.1\lib\</path>
         <kind>archive</kind>
         <file>rts430x_lc_sd_eabi.lib</file>
         <name>int54.obj</name>
      </input_file>
      <input_file id="fl-40">
         <path>C:\ti\ccsv5\tools\compiler\msp430_4.2.1\lib\</path>
         <kind>archive</kind>
         <file>rts430x_lc_sd_eabi.lib</file>
         <name>int55.obj</name>
      </input_file>
      <input_file id="fl-41">
         <path>C:\ti\ccsv5\tools\compiler\msp430_4.2.1\lib\</path>
         <kind>archive</kind>
         <file>rts430x_lc_sd_eabi.lib</file>
         <name>int56.obj</name>
      </input_file>
      <input_file id="fl-42">
         <path>C:\ti\ccsv5\tools\compiler\msp430_4.2.1\lib\</path>
         <kind>archive</kind>
         <file>rts430x_lc_sd_eabi.lib</file>
         <name>int57.obj</name>
      </input_file>
      <input_file id="fl-43">
         <path>C:\ti\ccsv5\tools\compiler\msp430_4.2.1\lib\</path>
         <kind>archive</kind>
         <file>rts430x_lc_sd_eabi.lib</file>
         <name>int58.obj</name>
      </input_file>
      <input_file id="fl-44">
         <path>C:\ti\ccsv5\tools\compiler\msp430_4.2.1\lib\</path>
         <kind>archive</kind>
         <file>rts430x_lc_sd_eabi.lib</file>
         <name>int59.obj</name>
      </input_file>
      <input_file id="fl-45">
         <path>C:\ti\ccsv5\tools\compiler\msp430_4.2.1\lib\</path>
         <kind>archive</kind>
         <file>rts430x_lc_sd_eabi.lib</file>
         <name>int60.obj</name>
      </input_file>
      <input_file id="fl-46">
         <path>C:\ti\ccsv5\tools\compiler\msp430_4.2.1\lib\</path>
         <kind>archive</kind>
         <file>rts430x_lc_sd_eabi.lib</file>
         <name>int61.obj</name>
      </input_file>
      <input_file id="fl-47">
         <path>C:\ti\ccsv5\tools\compiler\msp430_4.2.1\lib\</path>
         <kind>archive</kind>
         <file>rts430x_lc_sd_eabi.lib</file>
         <name>int62.obj</name>
      </input_file>
      <input_file id="fl-48">
         <path>C:\ti\ccsv5\tools\compiler\msp430_4.2.1\lib\</path>
         <kind>archive</kind>
         <file>rts430x_lc_sd_eabi.lib</file>
         <name>isr_trap.obj</name>
      </input_file>
      <input_file id="fl-49">
         <path>C:\ti\ccsv5\tools\compiler\msp430_4.2.1\lib\</path>
         <kind>archive</kind>
         <file>rts430x_lc_sd_eabi.lib</file>
         <name>lsr32.obj</name>
      </input_file>
      <input_file id="fl-4a">
         <path>C:\ti\ccsv5\tools\compiler\msp430_4.2.1\lib\</path>
         <kind>archive</kind>
         <file>rts430x_lc_sd_eabi.lib</file>
         <name>memcpy.obj</name>
      </input_file>
      <input_file id="fl-4b">
         <path>C:\ti\ccsv5\tools\compiler\msp430_4.2.1\lib\</path>
         <kind>archive</kind>
         <file>rts430x_lc_sd_eabi.lib</file>
         <name>memset.obj</name>
      </input_file>
      <input_file id="fl-4c">
         <path>C:\ti\ccsv5\tools\compiler\msp430_4.2.1\lib\</path>
         <kind>archive</kind>
         <file>rts430x_lc_sd_eabi.lib</file>
         <name>mult16_f5hw.obj</name>
      </input_file>
      <input_file id="fl-4d">
         <path>C:\ti\ccsv5\tools\compiler\msp430_4.2.1\lib\</path>
         <kind>archive</kind>
         <file>rts430x_lc_sd_eabi.lib</file>
         <name>pre_init.obj</name>
      </input_file>
      <input_file id="fl-4e">
         <path>C:\ti\ccsv5\tools\compiler\msp430_4.2.1\lib\</path>
         <kind>archive</kind>
         <file>rts430x_lc_sd_eabi.lib</file>
         <name>strlen.obj</name>
      </input_file>
      <input_file id="fl-4f">
         <path>C:\ti\ccsv5\tools\compiler\msp430_4.2.1\lib\</path>
         <kind>archive</kind>
         <file>rts430x_lc_sd_eabi.lib</file>
         <name>_lock.obj</name>
      </input_file>
      <input_file id="fl-50">
         <path>C:\ti\ccsv5\tools\compiler\msp430_4.2.1\lib\</path>
         <kind>archive</kind>
         <file>rts430x_lc_sd_eabi.lib</file>
         <name>args_main.obj</name>
      </input_file>
      <input_file id="fl-51">
         <path>C:\ti\ccsv5\tools\compiler\msp430_4.2.1\lib\</path>
         <kind>archive</kind>
         <file>rts430x_lc_sd_eabi.lib</file>
         <name>autoinit.obj</name>
      </input_file>
   </input_file_list>
   <object_component_list>
      <object_component id="oc-8b">
         <name>.stack</name>
         <uninitialized>true</uninitialized>
         <run_address>0x5800</run_address>
         <size>0x2</size>
         <input_file_ref idref="fl-30"/>
      </object_component>
      <object_component id="oc-521">
         <name>.stack</name>
         <uninitialized>true</uninitialized>
         <run_address>0x5800</run_address>
         <size>0x0</size>
      </object_component>
      <object_component id="oc-167">
         <name>.text:DHCPTask</name>
         <load_address>0x5c24</load_address>
         <run_address>0x5c24</run_address>
         <size>0x340</size>
         <input_file_ref idref="fl-7"/>
      </object_component>
      <object_component id="oc-246">
         <name>.text:_DHCPReceive</name>
         <load_address>0x5f64</load_address>
         <run_address>0x5f64</run_address>
         <size>0x320</size>
         <input_file_ref idref="fl-7"/>
      </object_component>
      <object_component id="oc-2f1">
         <name>.text:MACMemCopyAsync</name>
         <load_address>0x6284</load_address>
         <run_address>0x6284</run_address>
         <size>0x260</size>
         <input_file_ref idref="fl-f"/>
      </object_component>
      <object_component id="oc-264">
         <name>.text:_DHCPSend</name>
         <load_address>0x64e4</load_address>
         <run_address>0x64e4</run_address>
         <size>0x1f6</size>
         <input_file_ref idref="fl-7"/>
      </object_component>
      <object_component id="oc-104">
         <name>.text:MACFlush</name>
         <load_address>0x66da</load_address>
         <run_address>0x66da</run_address>
         <size>0x1b6</size>
         <input_file_ref idref="fl-f"/>
      </object_component>
      <object_component id="oc-13c">
         <name>.text:MACInit</name>
         <load_address>0x6890</load_address>
         <run_address>0x6890</run_address>
         <size>0x1ae</size>
         <input_file_ref idref="fl-f"/>
      </object_component>
      <object_component id="oc-172">
         <name>.text:UDPTask</name>
         <load_address>0x6a3e</load_address>
         <run_address>0x6a3e</run_address>
         <size>0x130</size>
         <input_file_ref idref="fl-2"/>
      </object_component>
      <object_component id="oc-f3">
         <name>.text:StackTask</name>
         <load_address>0x6b6e</load_address>
         <run_address>0x6b6e</run_address>
         <size>0x112</size>
         <input_file_ref idref="fl-4"/>
      </object_component>
      <object_component id="oc-1cc">
         <name>.text:UDPFlush</name>
         <load_address>0x6c80</load_address>
         <run_address>0x6c80</run_address>
         <size>0xec</size>
         <input_file_ref idref="fl-2"/>
      </object_component>
      <object_component id="oc-185">
         <name>.text:ARPProcess</name>
         <load_address>0x6d6c</load_address>
         <run_address>0x6d6c</run_address>
         <size>0xda</size>
         <input_file_ref idref="fl-8"/>
      </object_component>
      <object_component id="oc-b9">
         <name>.text:__TI_decompress_rle_core</name>
         <load_address>0x6e46</load_address>
         <run_address>0x6e46</run_address>
         <size>0xd8</size>
         <input_file_ref idref="fl-32"/>
      </object_component>
      <object_component id="oc-1ef">
         <name>.text:SetVCoreUp</name>
         <load_address>0x6f1e</load_address>
         <run_address>0x6f1e</run_address>
         <size>0xca</size>
         <input_file_ref idref="fl-b"/>
      </object_component>
      <object_component id="oc-19c">
         <name>.text:UDPProcess</name>
         <load_address>0x6fe8</load_address>
         <run_address>0x6fe8</run_address>
         <size>0xc8</size>
         <input_file_ref idref="fl-2"/>
      </object_component>
      <object_component id="oc-35f">
         <name>.text:CalcIPBufferChecksum</name>
         <load_address>0x70b0</load_address>
         <run_address>0x70b0</run_address>
         <size>0xbc</size>
         <input_file_ref idref="fl-f"/>
      </object_component>
      <object_component id="oc-1bb">
         <name>.text:UDPOpenEx</name>
         <load_address>0x716c</load_address>
         <run_address>0x716c</run_address>
         <size>0xba</size>
         <input_file_ref idref="fl-2"/>
      </object_component>
      <object_component id="oc-190">
         <name>.text:MACGetHeader</name>
         <load_address>0x7226</load_address>
         <run_address>0x7226</run_address>
         <size>0xb0</size>
         <input_file_ref idref="fl-f"/>
      </object_component>
      <object_component id="oc-196">
         <name>.text:IPGetHeader</name>
         <load_address>0x72d6</load_address>
         <run_address>0x72d6</run_address>
         <size>0x9e</size>
         <input_file_ref idref="fl-5"/>
      </object_component>
      <object_component id="oc-1f4">
         <name>.text:SetVCoreDown</name>
         <load_address>0x7374</load_address>
         <run_address>0x7374</run_address>
         <size>0x9c</size>
         <input_file_ref idref="fl-b"/>
      </object_component>
      <object_component id="oc-239">
         <name>.text:ReadPHYReg</name>
         <load_address>0x7410</load_address>
         <run_address>0x7410</run_address>
         <size>0x90</size>
         <input_file_ref idref="fl-f"/>
      </object_component>
      <object_component id="oc-2e7">
         <name>.text:IPPutHeader</name>
         <load_address>0x74a0</load_address>
         <run_address>0x74a0</run_address>
         <size>0x8e</size>
         <input_file_ref idref="fl-5"/>
      </object_component>
      <object_component id="oc-9c">
         <name>.text:main</name>
         <load_address>0x752e</load_address>
         <run_address>0x752e</run_address>
         <size>0x82</size>
         <input_file_ref idref="fl-9"/>
      </object_component>
      <object_component id="oc-180">
         <name>.text:ICMPProcess</name>
         <load_address>0x75b0</load_address>
         <run_address>0x75b0</run_address>
         <size>0x80</size>
         <input_file_ref idref="fl-6"/>
      </object_component>
      <object_component id="oc-2d8">
         <name>.text:MACCalcRxChecksum</name>
         <load_address>0x7630</load_address>
         <run_address>0x7630</run_address>
         <size>0x7e</size>
         <input_file_ref idref="fl-f"/>
      </object_component>
      <object_component id="oc-364">
         <name>.text:FindMatchingSocket</name>
         <load_address>0x76ae</load_address>
         <run_address>0x76ae</run_address>
         <size>0x78</size>
         <input_file_ref idref="fl-2"/>
      </object_component>
      <object_component id="oc-318">
         <name>.text:ARPPut</name>
         <load_address>0x7726</load_address>
         <run_address>0x7726</run_address>
         <size>0x70</size>
         <input_file_ref idref="fl-8"/>
      </object_component>
      <object_component id="oc-44a">
         <name>.text:MACPutHeader</name>
         <load_address>0x7796</load_address>
         <run_address>0x7796</run_address>
         <size>0x70</size>
         <input_file_ref idref="fl-f"/>
      </object_component>
      <object_component id="oc-ff">
         <name>.text:UDPPerformanceTaskSending</name>
         <load_address>0x7806</load_address>
         <run_address>0x7806</run_address>
         <size>0x70</size>
         <input_file_ref idref="fl-9"/>
      </object_component>
      <object_component id="oc-97">
         <name>.text:_auto_init</name>
         <load_address>0x7876</load_address>
         <run_address>0x7876</run_address>
         <size>0x70</size>
         <input_file_ref idref="fl-51"/>
      </object_component>
      <object_component id="oc-d0">
         <name>.text:InitializeClocks</name>
         <load_address>0x78e6</load_address>
         <run_address>0x78e6</run_address>
         <size>0x64</size>
         <input_file_ref idref="fl-c"/>
      </object_component>
      <object_component id="oc-2d1">
         <name>.text:ARPResolve</name>
         <load_address>0x794a</load_address>
         <run_address>0x794a</run_address>
         <size>0x62</size>
         <input_file_ref idref="fl-8"/>
      </object_component>
      <object_component id="oc-219">
         <name>.text:WritePHYReg</name>
         <load_address>0x79ac</load_address>
         <run_address>0x79ac</run_address>
         <size>0x5e</size>
         <input_file_ref idref="fl-f"/>
      </object_component>
      <object_component id="oc-e4">
         <name>.text:InitAppConfig</name>
         <load_address>0x7a0a</load_address>
         <run_address>0x7a0a</run_address>
         <size>0x5a</size>
         <input_file_ref idref="fl-d"/>
      </object_component>
      <object_component id="oc-2e2">
         <name>.text:MACSetWritePtr</name>
         <load_address>0x7a64</load_address>
         <run_address>0x7a64</run_address>
         <size>0x56</size>
         <input_file_ref idref="fl-f"/>
      </object_component>
      <object_component id="oc-2bf">
         <name>.text:ARPIsResolved</name>
         <load_address>0x7aba</load_address>
         <run_address>0x7aba</run_address>
         <size>0x54</size>
         <input_file_ref idref="fl-8"/>
      </object_component>
      <object_component id="oc-39b">
         <name>.text:MACSetReadPtr</name>
         <load_address>0x7b0e</load_address>
         <run_address>0x7b0e</run_address>
         <size>0x52</size>
         <input_file_ref idref="fl-f"/>
      </object_component>
      <object_component id="oc-3b8">
         <name>.text:ReadMACReg</name>
         <load_address>0x7b60</load_address>
         <run_address>0x7b60</run_address>
         <size>0x50</size>
         <input_file_ref idref="fl-f"/>
      </object_component>
      <object_component id="oc-201">
         <name>.text:SendSystemReset</name>
         <load_address>0x7bb0</load_address>
         <run_address>0x7bb0</run_address>
         <size>0x4e</size>
         <input_file_ref idref="fl-f"/>
      </object_component>
      <object_component id="oc-1e9">
         <name>.text:MACGetArray</name>
         <load_address>0x7bfe</load_address>
         <run_address>0x7bfe</run_address>
         <size>0x4a</size>
         <input_file_ref idref="fl-f"/>
      </object_component>
      <object_component id="oc-2ec">
         <name>.text:MACPutArray</name>
         <load_address>0x7c48</load_address>
         <run_address>0x7c48</run_address>
         <size>0x4a</size>
         <input_file_ref idref="fl-f"/>
      </object_component>
      <object_component id="oc-2fe">
         <name>.text:MACDiscardRx</name>
         <load_address>0x7c92</load_address>
         <run_address>0x7c92</run_address>
         <size>0x46</size>
         <input_file_ref idref="fl-f"/>
      </object_component>
      <object_component id="oc-1d7">
         <name>.text:BFCReg</name>
         <load_address>0x7cd8</load_address>
         <run_address>0x7cd8</run_address>
         <size>0x40</size>
         <input_file_ref idref="fl-f"/>
      </object_component>
      <object_component id="oc-1d2">
         <name>.text:BFSReg</name>
         <load_address>0x7d18</load_address>
         <run_address>0x7d18</run_address>
         <size>0x40</size>
         <input_file_ref idref="fl-f"/>
      </object_component>
      <object_component id="oc-11a">
         <name>.text:SetVCore</name>
         <load_address>0x7d58</load_address>
         <run_address>0x7d58</run_address>
         <size>0x40</size>
         <input_file_ref idref="fl-b"/>
      </object_component>
      <object_component id="oc-1e4">
         <name>.text:WriteReg</name>
         <load_address>0x7d98</load_address>
         <run_address>0x7d98</run_address>
         <size>0x40</size>
         <input_file_ref idref="fl-f"/>
      </object_component>
      <object_component id="oc-a7">
         <name>.text:__memcpy_far</name>
         <load_address>0x7dd8</load_address>
         <run_address>0x7dd8</run_address>
         <size>0x40</size>
         <input_file_ref idref="fl-34"/>
      </object_component>
      <object_component id="oc-81">
         <name>.text:decompress:ZI:__TI_zero_init</name>
         <load_address>0x7e18</load_address>
         <run_address>0x7e18</run_address>
         <size>0x3e</size>
         <input_file_ref idref="fl-33"/>
      </object_component>
      <object_component id="oc-3f2">
         <name>.text:l_lsr_const</name>
         <load_address>0x7e56</load_address>
         <run_address>0x7e56</run_address>
         <size>0x3e</size>
         <input_file_ref idref="fl-49"/>
      </object_component>
      <object_component id="oc-208">
         <name>.text:MACPut</name>
         <load_address>0x7e94</load_address>
         <run_address>0x7e94</run_address>
         <size>0x3c</size>
         <input_file_ref idref="fl-f"/>
      </object_component>
      <object_component id="oc-1df">
         <name>.text:ReadETHReg</name>
         <load_address>0x7ed0</load_address>
         <run_address>0x7ed0</run_address>
         <size>0x3c</size>
         <input_file_ref idref="fl-f"/>
      </object_component>
      <object_component id="oc-7c">
         <name>.text:decompress:none:__TI_decompress_none</name>
         <load_address>0x7f0c</load_address>
         <run_address>0x7f0c</run_address>
         <size>0x3c</size>
         <input_file_ref idref="fl-31"/>
      </object_component>
      <object_component id="oc-146">
         <name>.text:DHCPInit</name>
         <load_address>0x7f48</load_address>
         <run_address>0x7f48</run_address>
         <size>0x3a</size>
         <input_file_ref idref="fl-7"/>
      </object_component>
      <object_component id="oc-e9">
         <name>.text:InitializeEthSpi</name>
         <load_address>0x7f82</load_address>
         <run_address>0x7f82</run_address>
         <size>0x36</size>
         <input_file_ref idref="fl-c"/>
      </object_component>
      <object_component id="oc-ee">
         <name>.text:StackInit</name>
         <load_address>0x7fb8</load_address>
         <run_address>0x7fb8</run_address>
         <size>0x36</size>
         <input_file_ref idref="fl-4"/>
      </object_component>
      <object_component id="oc-451">
         <name>.text:MACGet</name>
         <load_address>0x7fee</load_address>
         <run_address>0x7fee</run_address>
         <size>0x34</size>
         <input_file_ref idref="fl-f"/>
      </object_component>
      <object_component id="oc-1a9">
         <name>.text:UDPClose</name>
         <load_address>0x8022</load_address>
         <run_address>0x8022</run_address>
         <size>0x34</size>
         <input_file_ref idref="fl-2"/>
      </object_component>
      <object_component id="oc-1c0">
         <name>.text:UDPIsPutReady</name>
         <load_address>0x8056</load_address>
         <run_address>0x8056</run_address>
         <size>0x34</size>
         <input_file_ref idref="fl-2"/>
      </object_component>
      <object_component id="oc-343">
         <name>.text:MACSetReadPtrInRx</name>
         <load_address>0x808a</load_address>
         <run_address>0x808a</run_address>
         <size>0x30</size>
         <input_file_ref idref="fl-f"/>
      </object_component>
      <object_component id="oc-1c6">
         <name>.text:UDPPutArray</name>
         <load_address>0x80ba</load_address>
         <run_address>0x80ba</run_address>
         <size>0x30</size>
         <input_file_ref idref="fl-2"/>
      </object_component>
      <object_component id="oc-355">
         <name>.text:CalcIPChecksum</name>
         <load_address>0x80ea</load_address>
         <run_address>0x80ea</run_address>
         <size>0x2e</size>
         <input_file_ref idref="fl-5"/>
      </object_component>
      <object_component id="oc-407">
         <name>.text:GetTickCopy</name>
         <load_address>0x8118</load_address>
         <run_address>0x8118</run_address>
         <size>0x2e</size>
         <input_file_ref idref="fl-e"/>
      </object_component>
      <object_component id="oc-3dd">
         <name>.text:UDPGetArray</name>
         <load_address>0x8146</load_address>
         <run_address>0x8146</run_address>
         <size>0x2e</size>
         <input_file_ref idref="fl-2"/>
      </object_component>
      <object_component id="oc-348">
         <name>.text:SwapIPHeader</name>
         <load_address>0x8174</load_address>
         <run_address>0x8174</run_address>
         <size>0x2c</size>
         <input_file_ref idref="fl-5"/>
      </object_component>
      <object_component id="oc-303">
         <name>.text:SwapARPPacket</name>
         <load_address>0x81a0</load_address>
         <run_address>0x81a0</run_address>
         <size>0x2a</size>
         <input_file_ref idref="fl-8"/>
      </object_component>
      <object_component id="oc-3d5">
         <name>.text:UDPGet</name>
         <load_address>0x81ca</load_address>
         <run_address>0x81ca</run_address>
         <size>0x2a</size>
         <input_file_ref idref="fl-2"/>
      </object_component>
      <object_component id="oc-2c4">
         <name>.text:TickGetDiv256</name>
         <load_address>0x81f4</load_address>
         <run_address>0x81f4</run_address>
         <size>0x28</size>
         <input_file_ref idref="fl-e"/>
      </object_component>
      <object_component id="oc-241">
         <name>.text:UDPIsGetReady</name>
         <load_address>0x821c</load_address>
         <run_address>0x821c</run_address>
         <size>0x28</size>
         <input_file_ref idref="fl-2"/>
      </object_component>
      <object_component id="oc-410">
         <name>.text:UDPPut</name>
         <load_address>0x8244</load_address>
         <run_address>0x8244</run_address>
         <size>0x26</size>
         <input_file_ref idref="fl-2"/>
      </object_component>
      <object_component id="oc-20d">
         <name>.text:BankSel</name>
         <load_address>0x826a</load_address>
         <run_address>0x826a</run_address>
         <size>0x22</size>
         <input_file_ref idref="fl-f"/>
      </object_component>
      <object_component id="oc-df">
         <name>.text:InitializeIO</name>
         <load_address>0x828c</load_address>
         <run_address>0x828c</run_address>
         <size>0x22</size>
         <input_file_ref idref="fl-a"/>
      </object_component>
      <object_component id="oc-332">
         <name>.text:swaps</name>
         <load_address>0x82ae</load_address>
         <run_address>0x82ae</run_address>
         <size>0x22</size>
         <input_file_ref idref="fl-10"/>
      </object_component>
      <object_component id="oc-141">
         <name>.text:ARPInit</name>
         <load_address>0x82d0</load_address>
         <run_address>0x82d0</run_address>
         <size>0x20</size>
         <input_file_ref idref="fl-8"/>
      </object_component>
      <object_component id="oc-18a">
         <name>.text:UDPDiscard</name>
         <load_address>0x82f0</load_address>
         <run_address>0x82f0</run_address>
         <size>0x1e</size>
         <input_file_ref idref="fl-2"/>
      </object_component>
      <object_component id="oc-2f6">
         <name>.text:MACIsMemCopyDone</name>
         <load_address>0x830e</load_address>
         <run_address>0x830e</run_address>
         <size>0x1c</size>
         <input_file_ref idref="fl-f"/>
      </object_component>
      <object_component id="oc-fa">
         <name>.text:UDPInit</name>
         <load_address>0x832a</load_address>
         <run_address>0x832a</run_address>
         <size>0x1c</size>
         <input_file_ref idref="fl-2"/>
      </object_component>
      <object_component id="oc-2dd">
         <name>.text:MACIsTxReady</name>
         <load_address>0x8346</load_address>
         <run_address>0x8346</run_address>
         <size>0x1a</size>
         <input_file_ref idref="fl-f"/>
      </object_component>
      <object_component id="oc-14c">
         <name>.text:DHCPDisable</name>
         <load_address>0x8360</load_address>
         <run_address>0x8360</run_address>
         <size>0x18</size>
         <input_file_ref idref="fl-7"/>
      </object_component>
      <object_component id="oc-387">
         <name>.text:UDPSetTxBuffer</name>
         <load_address>0x8378</load_address>
         <run_address>0x8378</run_address>
         <size>0x16</size>
         <input_file_ref idref="fl-2"/>
      </object_component>
      <object_component id="oc-29d">
         <name>.text</name>
         <load_address>0x838e</load_address>
         <run_address>0x838e</run_address>
         <size>0x16</size>
         <input_file_ref idref="fl-4c"/>
      </object_component>
      <object_component id="oc-158">
         <name>.text:MACIsLinked</name>
         <load_address>0x83a4</load_address>
         <run_address>0x83a4</run_address>
         <size>0x14</size>
         <input_file_ref idref="fl-f"/>
      </object_component>
      <object_component id="oc-496">
         <name>.text:TickUpdate</name>
         <load_address>0x83b8</load_address>
         <run_address>0x83b8</run_address>
         <size>0x14</size>
         <input_file_ref idref="fl-e"/>
      </object_component>
      <object_component id="oc-3cd">
         <name>.text:UDPSetRxBuffer</name>
         <load_address>0x83cc</load_address>
         <run_address>0x83cc</run_address>
         <size>0x14</size>
         <input_file_ref idref="fl-2"/>
      </object_component>
      <object_component id="oc-1b6">
         <name>.text:memset</name>
         <load_address>0x83e0</load_address>
         <run_address>0x83e0</run_address>
         <size>0x14</size>
         <input_file_ref idref="fl-4b"/>
      </object_component>
      <object_component id="oc-309">
         <name>.text:memcpy</name>
         <load_address>0x83f4</load_address>
         <run_address>0x83f4</run_address>
         <size>0x12</size>
         <input_file_ref idref="fl-4a"/>
      </object_component>
      <object_component id="oc-da">
         <name>.text:InitializeLeds</name>
         <load_address>0x8406</load_address>
         <run_address>0x8406</run_address>
         <size>0xe</size>
         <input_file_ref idref="fl-a"/>
      </object_component>
      <object_component id="oc-24e">
         <name>.text:TickGet</name>
         <load_address>0x8414</load_address>
         <run_address>0x8414</run_address>
         <size>0xe</size>
         <input_file_ref idref="fl-e"/>
      </object_component>
      <object_component id="oc-86">
         <name>.text:decompress:rle24:__TI_decompress_rle24</name>
         <load_address>0x8422</load_address>
         <run_address>0x8422</run_address>
         <size>0xe</size>
         <input_file_ref idref="fl-32"/>
      </object_component>
      <object_component id="oc-35a">
         <name>.text:IPSetRxBuffer</name>
         <load_address>0x8430</load_address>
         <run_address>0x8430</run_address>
         <size>0xc</size>
         <input_file_ref idref="fl-5"/>
      </object_component>
      <object_component id="oc-16c">
         <name>.text:DHCPIsBound</name>
         <load_address>0x843c</load_address>
         <run_address>0x843c</run_address>
         <size>0x8</size>
         <input_file_ref idref="fl-7"/>
      </object_component>
      <object_component id="oc-d5">
         <name>.text:InitializeTimers</name>
         <load_address>0x8444</load_address>
         <run_address>0x8444</run_address>
         <size>0x8</size>
         <input_file_ref idref="fl-c"/>
      </object_component>
      <object_component id="oc-8e">
         <name>.text:__TI_ISR_TRAP</name>
         <load_address>0x844c</load_address>
         <run_address>0x844c</run_address>
         <size>0x6</size>
         <input_file_ref idref="fl-48"/>
      </object_component>
      <object_component id="oc-92">
         <name>.text:_system_pre_init</name>
         <load_address>0x8452</load_address>
         <run_address>0x8452</run_address>
         <size>0x4</size>
         <input_file_ref idref="fl-4d"/>
      </object_component>
      <object_component id="oc-a1">
         <name>.text:abort</name>
         <load_address>0x8456</load_address>
         <run_address>0x8456</run_address>
         <size>0x4</size>
         <input_file_ref idref="fl-35"/>
      </object_component>
      <object_component id="oc-6c">
         <name>.text:_isr:_c_int00_noexit</name>
         <load_address>0x5c00</load_address>
         <run_address>0x5c00</run_address>
         <size>0x1a</size>
         <input_file_ref idref="fl-30"/>
      </object_component>
      <object_component id="oc-520">
         <name>.cinit..data.load</name>
         <load_address>0x845a</load_address>
         <run_address>0x845a</run_address>
         <size>0xf</size>
      </object_component>
      <object_component id="oc-51d">
         <name>__TI_handler_table</name>
         <load_address>0x846a</load_address>
         <run_address>0x846a</run_address>
         <size>0xc</size>
      </object_component>
      <object_component id="oc-51f">
         <name>.cinit..bss.load</name>
         <load_address>0x8476</load_address>
         <run_address>0x8476</run_address>
         <size>0x6</size>
      </object_component>
      <object_component id="oc-51e">
         <name>__TI_cinit_table</name>
         <load_address>0x847c</load_address>
         <run_address>0x847c</run_address>
         <size>0x10</size>
      </object_component>
      <object_component id="oc-1cb">
         <name>.const:.string</name>
         <load_address>0x5c1a</load_address>
         <run_address>0x5c1a</run_address>
         <size>0x6</size>
         <input_file_ref idref="fl-9"/>
      </object_component>
      <object_component id="oc-474">
         <name>.const</name>
         <load_address>0x5c20</load_address>
         <run_address>0x5c20</run_address>
         <size>0x4</size>
         <input_file_ref idref="fl-f"/>
      </object_component>
      <object_component id="oc-65">
         <name>.int41</name>
         <load_address>0xffd2</load_address>
         <run_address>0xffd2</run_address>
         <size>0x2</size>
         <input_file_ref idref="fl-36"/>
      </object_component>
      <object_component id="oc-66">
         <name>.int42</name>
         <load_address>0xffd4</load_address>
         <run_address>0xffd4</run_address>
         <size>0x2</size>
         <input_file_ref idref="fl-37"/>
      </object_component>
      <object_component id="oc-67">
         <name>.int45</name>
         <load_address>0xffda</load_address>
         <run_address>0xffda</run_address>
         <size>0x2</size>
         <input_file_ref idref="fl-38"/>
      </object_component>
      <object_component id="oc-68">
         <name>.int46</name>
         <load_address>0xffdc</load_address>
         <run_address>0xffdc</run_address>
         <size>0x2</size>
         <input_file_ref idref="fl-39"/>
      </object_component>
      <object_component id="oc-69">
         <name>.int47</name>
         <load_address>0xffde</load_address>
         <run_address>0xffde</run_address>
         <size>0x2</size>
         <input_file_ref idref="fl-3a"/>
      </object_component>
      <object_component id="oc-6a">
         <name>.int48</name>
         <load_address>0xffe0</load_address>
         <run_address>0xffe0</run_address>
         <size>0x2</size>
         <input_file_ref idref="fl-3b"/>
      </object_component>
      <object_component id="oc-6b">
         <name>.int49</name>
         <load_address>0xffe2</load_address>
         <run_address>0xffe2</run_address>
         <size>0x2</size>
         <input_file_ref idref="fl-3c"/>
      </object_component>
      <object_component id="oc-71">
         <name>.int50</name>
         <load_address>0xffe4</load_address>
         <run_address>0xffe4</run_address>
         <size>0x2</size>
         <input_file_ref idref="fl-3d"/>
      </object_component>
      <object_component id="oc-72">
         <name>.int53</name>
         <load_address>0xffea</load_address>
         <run_address>0xffea</run_address>
         <size>0x2</size>
         <input_file_ref idref="fl-3e"/>
      </object_component>
      <object_component id="oc-73">
         <name>.int54</name>
         <load_address>0xffec</load_address>
         <run_address>0xffec</run_address>
         <size>0x2</size>
         <input_file_ref idref="fl-3f"/>
      </object_component>
      <object_component id="oc-74">
         <name>.int55</name>
         <load_address>0xffee</load_address>
         <run_address>0xffee</run_address>
         <size>0x2</size>
         <input_file_ref idref="fl-40"/>
      </object_component>
      <object_component id="oc-75">
         <name>.int56</name>
         <load_address>0xfff0</load_address>
         <run_address>0xfff0</run_address>
         <size>0x2</size>
         <input_file_ref idref="fl-41"/>
      </object_component>
      <object_component id="oc-76">
         <name>.int57</name>
         <load_address>0xfff2</load_address>
         <run_address>0xfff2</run_address>
         <size>0x2</size>
         <input_file_ref idref="fl-42"/>
      </object_component>
      <object_component id="oc-77">
         <name>.int58</name>
         <load_address>0xfff4</load_address>
         <run_address>0xfff4</run_address>
         <size>0x2</size>
         <input_file_ref idref="fl-43"/>
      </object_component>
      <object_component id="oc-78">
         <name>.int59</name>
         <load_address>0xfff6</load_address>
         <run_address>0xfff6</run_address>
         <size>0x2</size>
         <input_file_ref idref="fl-44"/>
      </object_component>
      <object_component id="oc-79">
         <name>.int60</name>
         <load_address>0xfff8</load_address>
         <run_address>0xfff8</run_address>
         <size>0x2</size>
         <input_file_ref idref="fl-45"/>
      </object_component>
      <object_component id="oc-7a">
         <name>.int61</name>
         <load_address>0xfffa</load_address>
         <run_address>0xfffa</run_address>
         <size>0x2</size>
         <input_file_ref idref="fl-46"/>
      </object_component>
      <object_component id="oc-7b">
         <name>.int62</name>
         <load_address>0xfffc</load_address>
         <run_address>0xfffc</run_address>
         <size>0x2</size>
         <input_file_ref idref="fl-47"/>
      </object_component>
      <object_component id="oc-8d">
         <name>.reset</name>
         <load_address>0xfffe</load_address>
         <run_address>0xfffe</run_address>
         <size>0x2</size>
         <input_file_ref idref="fl-30"/>
      </object_component>
      <object_component id="oc-4a8">
         <name>.common:wPutOffset</name>
         <uninitialized>true</uninitialized>
         <run_address>0x1e56</run_address>
         <size>0x2</size>
      </object_component>
      <object_component id="oc-493">
         <name>.common:wGetOffset</name>
         <uninitialized>true</uninitialized>
         <run_address>0x1e54</run_address>
         <size>0x2</size>
      </object_component>
      <object_component id="oc-3cc">
         <name>.common:Flags</name>
         <uninitialized>true</uninitialized>
         <run_address>0x1e59</run_address>
         <size>0x1</size>
      </object_component>
      <object_component id="oc-383">
         <name>.common:NextPort$1</name>
         <uninitialized>true</uninitialized>
         <run_address>0x1e4a</run_address>
         <size>0x2</size>
      </object_component>
      <object_component id="oc-47a">
         <name>.common:UDPSocketInfo</name>
         <uninitialized>true</uninitialized>
         <run_address>0x1d26</run_address>
         <size>0xc0</size>
      </object_component>
      <object_component id="oc-490">
         <name>.common:activeUDPSocket</name>
         <uninitialized>true</uninitialized>
         <run_address>0x1e5b</run_address>
         <size>0x1</size>
      </object_component>
      <object_component id="oc-4a9">
         <name>.common:UDPTxCount</name>
         <uninitialized>true</uninitialized>
         <run_address>0x1e4e</run_address>
         <size>0x2</size>
      </object_component>
      <object_component id="oc-491">
         <name>.common:UDPRxCount</name>
         <uninitialized>true</uninitialized>
         <run_address>0x1e4c</run_address>
         <size>0x2</size>
      </object_component>
      <object_component id="oc-138">
         <name>.common:smStack</name>
         <uninitialized>true</uninitialized>
         <run_address>0x1e52</run_address>
         <size>0x2</size>
      </object_component>
      <object_component id="oc-19b">
         <name>.common:remoteNode</name>
         <uninitialized>true</uninitialized>
         <run_address>0x1e36</run_address>
         <size>0xa</size>
      </object_component>
      <object_component id="oc-472">
         <name>.common:IPHeaderLen</name>
         <uninitialized>true</uninitialized>
         <run_address>0x1e5a</run_address>
         <size>0x1</size>
      </object_component>
      <object_component id="oc-41f">
         <name>.common:DHCPClient</name>
         <uninitialized>true</uninitialized>
         <run_address>0x1c00</run_address>
         <size>0x126</size>
      </object_component>
      <object_component id="oc-433">
         <name>.common:Cache</name>
         <uninitialized>true</uninitialized>
         <run_address>0x1e22</run_address>
         <size>0xa</size>
      </object_component>
      <object_component id="oc-317">
         <name>.common:Target$1</name>
         <uninitialized>true</uninitialized>
         <run_address>0x1e2c</run_address>
         <size>0xa</size>
      </object_component>
      <object_component id="oc-4ad">
         <name>.common:AppConfig</name>
         <uninitialized>true</uninitialized>
         <run_address>0x1de6</run_address>
         <size>0x3c</size>
      </object_component>
      <object_component id="oc-4a0">
         <name>.common:vTickReading</name>
         <uninitialized>true</uninitialized>
         <run_address>0x1e40</run_address>
         <size>0x6</size>
      </object_component>
      <object_component id="oc-45c">
         <name>.common:NextPacketLocation</name>
         <uninitialized>true</uninitialized>
         <run_address>0x1e48</run_address>
         <size>0x2</size>
      </object_component>
      <object_component id="oc-46a">
         <name>.common:CurrentPacketLocation</name>
         <uninitialized>true</uninitialized>
         <run_address>0x1e46</run_address>
         <size>0x2</size>
      </object_component>
      <object_component id="oc-45b">
         <name>.common:WasDiscarded</name>
         <uninitialized>true</uninitialized>
         <run_address>0x1e50</run_address>
         <size>0x2</size>
      </object_component>
      <object_component id="oc-218">
         <name>.common:ENCRevID</name>
         <uninitialized>true</uninitialized>
         <run_address>0x1e58</run_address>
         <size>0x1</size>
      </object_component>
      <object_component id="oc-15d">
         <name>.data</name>
         <load_address>0x1e6a</load_address>
         <run_address>0x1e6a</run_address>
         <size>0x2</size>
         <input_file_ref idref="fl-4"/>
      </object_component>
      <object_component id="oc-1c5">
         <name>.data</name>
         <load_address>0x1e60</load_address>
         <run_address>0x1e60</run_address>
         <size>0x4</size>
         <input_file_ref idref="fl-9"/>
      </object_component>
      <object_component id="oc-228">
         <name>.data</name>
         <load_address>0x1e66</load_address>
         <run_address>0x1e66</run_address>
         <size>0x2</size>
         <input_file_ref idref="fl-7"/>
      </object_component>
      <object_component id="oc-2fd">
         <name>.data</name>
         <load_address>0x1e64</load_address>
         <run_address>0x1e64</run_address>
         <size>0x2</size>
         <input_file_ref idref="fl-8"/>
      </object_component>
      <object_component id="oc-329">
         <name>.data</name>
         <load_address>0x1e6c</load_address>
         <run_address>0x1e6c</run_address>
         <size>0x2</size>
         <input_file_ref idref="fl-2"/>
      </object_component>
      <object_component id="oc-446">
         <name>.data</name>
         <load_address>0x1e68</load_address>
         <run_address>0x1e68</run_address>
         <size>0x2</size>
         <input_file_ref idref="fl-5"/>
      </object_component>
      <object_component id="oc-49d">
         <name>.data</name>
         <load_address>0x1e5c</load_address>
         <run_address>0x1e5c</run_address>
         <size>0x4</size>
         <input_file_ref idref="fl-e"/>
      </object_component>
      <object_component id="oc-6d">
         <name>.debug_info</name>
         <load_address>0x0</load_address>
         <run_address>0x0</run_address>
         <size>0x125</size>
         <input_file_ref idref="fl-30"/>
      </object_component>
      <object_component id="oc-7e">
         <name>.debug_info</name>
         <load_address>0x125</load_address>
         <run_address>0x125</run_address>
         <size>0x1b4</size>
         <input_file_ref idref="fl-31"/>
      </object_component>
      <object_component id="oc-85">
         <name>.debug_info</name>
         <load_address>0x2d9</load_address>
         <run_address>0x2d9</run_address>
         <size>0x183</size>
         <input_file_ref idref="fl-33"/>
      </object_component>
      <object_component id="oc-89">
         <name>.debug_info</name>
         <load_address>0x45c</load_address>
         <run_address>0x45c</run_address>
         <size>0x1a7</size>
         <input_file_ref idref="fl-32"/>
      </object_component>
      <object_component id="oc-8c">
         <name>.debug_info</name>
         <load_address>0x603</load_address>
         <run_address>0x603</run_address>
         <size>0xaa</size>
         <input_file_ref idref="fl-30"/>
      </object_component>
      <object_component id="oc-90">
         <name>.debug_info</name>
         <load_address>0x6ad</load_address>
         <run_address>0x6ad</run_address>
         <size>0xc2</size>
         <input_file_ref idref="fl-48"/>
      </object_component>
      <object_component id="oc-96">
         <name>.debug_info</name>
         <load_address>0x76f</load_address>
         <run_address>0x76f</run_address>
         <size>0xfd</size>
         <input_file_ref idref="fl-4d"/>
      </object_component>
      <object_component id="oc-98">
         <name>.debug_info</name>
         <load_address>0x86c</load_address>
         <run_address>0x86c</run_address>
         <size>0x176</size>
         <input_file_ref idref="fl-51"/>
      </object_component>
      <object_component id="oc-9d">
         <name>.debug_info</name>
         <load_address>0x9e2</load_address>
         <run_address>0x9e2</run_address>
         <size>0x1d2</size>
         <input_file_ref idref="fl-9"/>
      </object_component>
      <object_component id="oc-a3">
         <name>.debug_info</name>
         <load_address>0xbb4</load_address>
         <run_address>0xbb4</run_address>
         <size>0xcc</size>
         <input_file_ref idref="fl-35"/>
      </object_component>
      <object_component id="oc-a8">
         <name>.debug_info</name>
         <load_address>0xc80</load_address>
         <run_address>0xc80</run_address>
         <size>0xcd</size>
         <input_file_ref idref="fl-34"/>
      </object_component>
      <object_component id="oc-ac">
         <name>.debug_info</name>
         <load_address>0xd4d</load_address>
         <run_address>0xd4d</run_address>
         <size>0x46</size>
         <input_file_ref idref="fl-31"/>
      </object_component>
      <object_component id="oc-b1">
         <name>.debug_info</name>
         <load_address>0xd93</load_address>
         <run_address>0xd93</run_address>
         <size>0x184</size>
         <input_file_ref idref="fl-31"/>
      </object_component>
      <object_component id="oc-b3">
         <name>.debug_info</name>
         <load_address>0xf17</load_address>
         <run_address>0xf17</run_address>
         <size>0x46</size>
         <input_file_ref idref="fl-33"/>
      </object_component>
      <object_component id="oc-b8">
         <name>.debug_info</name>
         <load_address>0xf5d</load_address>
         <run_address>0xf5d</run_address>
         <size>0x17f</size>
         <input_file_ref idref="fl-33"/>
      </object_component>
      <object_component id="oc-bc">
         <name>.debug_info</name>
         <load_address>0x10dc</load_address>
         <run_address>0x10dc</run_address>
         <size>0x266</size>
         <input_file_ref idref="fl-32"/>
      </object_component>
      <object_component id="oc-bf">
         <name>.debug_info</name>
         <load_address>0x1342</load_address>
         <run_address>0x1342</run_address>
         <size>0x189</size>
         <input_file_ref idref="fl-32"/>
      </object_component>
      <object_component id="oc-c0">
         <name>.debug_info</name>
         <load_address>0x14cb</load_address>
         <run_address>0x14cb</run_address>
         <size>0x39</size>
         <input_file_ref idref="fl-32"/>
      </object_component>
      <object_component id="oc-c7">
         <name>.debug_info</name>
         <load_address>0x1504</load_address>
         <run_address>0x1504</run_address>
         <size>0x84</size>
         <input_file_ref idref="fl-2"/>
      </object_component>
      <object_component id="oc-cf">
         <name>.debug_info</name>
         <load_address>0x1588</load_address>
         <run_address>0x1588</run_address>
         <size>0x2e0</size>
         <input_file_ref idref="fl-51"/>
      </object_component>
      <object_component id="oc-d3">
         <name>.debug_info</name>
         <load_address>0x1868</load_address>
         <run_address>0x1868</run_address>
         <size>0x112</size>
         <input_file_ref idref="fl-c"/>
      </object_component>
      <object_component id="oc-d8">
         <name>.debug_info</name>
         <load_address>0x197a</load_address>
         <run_address>0x197a</run_address>
         <size>0x103</size>
         <input_file_ref idref="fl-c"/>
      </object_component>
      <object_component id="oc-db">
         <name>.debug_info</name>
         <load_address>0x1a7d</load_address>
         <run_address>0x1a7d</run_address>
         <size>0x117</size>
         <input_file_ref idref="fl-a"/>
      </object_component>
      <object_component id="oc-e1">
         <name>.debug_info</name>
         <load_address>0x1b94</load_address>
         <run_address>0x1b94</run_address>
         <size>0x113</size>
         <input_file_ref idref="fl-a"/>
      </object_component>
      <object_component id="oc-e5">
         <name>.debug_info</name>
         <load_address>0x1ca7</load_address>
         <run_address>0x1ca7</run_address>
         <size>0x106</size>
         <input_file_ref idref="fl-d"/>
      </object_component>
      <object_component id="oc-ec">
         <name>.debug_info</name>
         <load_address>0x1dad</load_address>
         <run_address>0x1dad</run_address>
         <size>0x103</size>
         <input_file_ref idref="fl-c"/>
      </object_component>
      <object_component id="oc-f0">
         <name>.debug_info</name>
         <load_address>0x1eb0</load_address>
         <run_address>0x1eb0</run_address>
         <size>0x175</size>
         <input_file_ref idref="fl-4"/>
      </object_component>
      <object_component id="oc-f5">
         <name>.debug_info</name>
         <load_address>0x2025</load_address>
         <run_address>0x2025</run_address>
         <size>0x2a0</size>
         <input_file_ref idref="fl-4"/>
      </object_component>
      <object_component id="oc-f9">
         <name>.debug_info</name>
         <load_address>0x22c5</load_address>
         <run_address>0x22c5</run_address>
         <size>0x248</size>
         <input_file_ref idref="fl-d"/>
      </object_component>
      <object_component id="oc-fc">
         <name>.debug_info</name>
         <load_address>0x250d</load_address>
         <run_address>0x250d</run_address>
         <size>0x11a</size>
         <input_file_ref idref="fl-2"/>
      </object_component>
      <object_component id="oc-101">
         <name>.debug_info</name>
         <load_address>0x2627</load_address>
         <run_address>0x2627</run_address>
         <size>0x1e1</size>
         <input_file_ref idref="fl-9"/>
      </object_component>
      <object_component id="oc-105">
         <name>.debug_info</name>
         <load_address>0x2808</load_address>
         <run_address>0x2808</run_address>
         <size>0x2b4</size>
         <input_file_ref idref="fl-f"/>
      </object_component>
      <object_component id="oc-115">
         <name>.debug_info</name>
         <load_address>0x2abc</load_address>
         <run_address>0x2abc</run_address>
         <size>0x39</size>
         <input_file_ref idref="fl-51"/>
      </object_component>
      <object_component id="oc-11c">
         <name>.debug_info</name>
         <load_address>0x2af5</load_address>
         <run_address>0x2af5</run_address>
         <size>0x172</size>
         <input_file_ref idref="fl-b"/>
      </object_component>
      <object_component id="oc-139">
         <name>.debug_info</name>
         <load_address>0x2c67</load_address>
         <run_address>0x2c67</run_address>
         <size>0x4c9</size>
         <input_file_ref idref="fl-4"/>
      </object_component>
      <object_component id="oc-13d">
         <name>.debug_info</name>
         <load_address>0x3130</load_address>
         <run_address>0x3130</run_address>
         <size>0x358</size>
         <input_file_ref idref="fl-f"/>
      </object_component>
      <object_component id="oc-142">
         <name>.debug_info</name>
         <load_address>0x3488</load_address>
         <run_address>0x3488</run_address>
         <size>0x103</size>
         <input_file_ref idref="fl-8"/>
      </object_component>
      <object_component id="oc-147">
         <name>.debug_info</name>
         <load_address>0x358b</load_address>
         <run_address>0x358b</run_address>
         <size>0x13c</size>
         <input_file_ref idref="fl-7"/>
      </object_component>
      <object_component id="oc-14d">
         <name>.debug_info</name>
         <load_address>0x36c7</load_address>
         <run_address>0x36c7</run_address>
         <size>0x13a</size>
         <input_file_ref idref="fl-7"/>
      </object_component>
      <object_component id="oc-152">
         <name>.debug_info</name>
         <load_address>0x3801</load_address>
         <run_address>0x3801</run_address>
         <size>0x1e8d</size>
         <input_file_ref idref="fl-2"/>
      </object_component>
      <object_component id="oc-159">
         <name>.debug_info</name>
         <load_address>0x568e</load_address>
         <run_address>0x568e</run_address>
         <size>0x117</size>
         <input_file_ref idref="fl-f"/>
      </object_component>
      <object_component id="oc-168">
         <name>.debug_info</name>
         <load_address>0x57a5</load_address>
         <run_address>0x57a5</run_address>
         <size>0x312</size>
         <input_file_ref idref="fl-7"/>
      </object_component>
      <object_component id="oc-16e">
         <name>.debug_info</name>
         <load_address>0x5ab7</load_address>
         <run_address>0x5ab7</run_address>
         <size>0x12f</size>
         <input_file_ref idref="fl-7"/>
      </object_component>
      <object_component id="oc-174">
         <name>.debug_info</name>
         <load_address>0x5be6</load_address>
         <run_address>0x5be6</run_address>
         <size>0x289</size>
         <input_file_ref idref="fl-2"/>
      </object_component>
      <object_component id="oc-183">
         <name>.debug_info</name>
         <load_address>0x5e6f</load_address>
         <run_address>0x5e6f</run_address>
         <size>0x219</size>
         <input_file_ref idref="fl-6"/>
      </object_component>
      <object_component id="oc-186">
         <name>.debug_info</name>
         <load_address>0x6088</load_address>
         <run_address>0x6088</run_address>
         <size>0x1c4</size>
         <input_file_ref idref="fl-8"/>
      </object_component>
      <object_component id="oc-18b">
         <name>.debug_info</name>
         <load_address>0x624c</load_address>
         <run_address>0x624c</run_address>
         <size>0x11c</size>
         <input_file_ref idref="fl-2"/>
      </object_component>
      <object_component id="oc-191">
         <name>.debug_info</name>
         <load_address>0x6368</load_address>
         <run_address>0x6368</run_address>
         <size>0x212</size>
         <input_file_ref idref="fl-f"/>
      </object_component>
      <object_component id="oc-197">
         <name>.debug_info</name>
         <load_address>0x657a</load_address>
         <run_address>0x657a</run_address>
         <size>0x23d</size>
         <input_file_ref idref="fl-5"/>
      </object_component>
      <object_component id="oc-19d">
         <name>.debug_info</name>
         <load_address>0x67b7</load_address>
         <run_address>0x67b7</run_address>
         <size>0x2b1</size>
         <input_file_ref idref="fl-2"/>
      </object_component>
      <object_component id="oc-1a4">
         <name>.debug_info</name>
         <load_address>0x6a68</load_address>
         <run_address>0x6a68</run_address>
         <size>0x1fc</size>
         <input_file_ref idref="fl-2"/>
      </object_component>
      <object_component id="oc-1ab">
         <name>.debug_info</name>
         <load_address>0x6c64</load_address>
         <run_address>0x6c64</run_address>
         <size>0x157</size>
         <input_file_ref idref="fl-2"/>
      </object_component>
      <object_component id="oc-1af">
         <name>.debug_info</name>
         <load_address>0x6dbb</load_address>
         <run_address>0x6dbb</run_address>
         <size>0x6e3</size>
         <input_file_ref idref="fl-2"/>
      </object_component>
      <object_component id="oc-1b1">
         <name>.debug_info</name>
         <load_address>0x749e</load_address>
         <run_address>0x749e</run_address>
         <size>0x1f6</size>
         <input_file_ref idref="fl-2"/>
      </object_component>
      <object_component id="oc-1b8">
         <name>.debug_info</name>
         <load_address>0x7694</load_address>
         <run_address>0x7694</run_address>
         <size>0x183</size>
         <input_file_ref idref="fl-4b"/>
      </object_component>
      <object_component id="oc-1bd">
         <name>.debug_info</name>
         <load_address>0x7817</load_address>
         <run_address>0x7817</run_address>
         <size>0x257</size>
         <input_file_ref idref="fl-2"/>
      </object_component>
      <object_component id="oc-1c2">
         <name>.debug_info</name>
         <load_address>0x7a6e</load_address>
         <run_address>0x7a6e</run_address>
         <size>0x151</size>
         <input_file_ref idref="fl-2"/>
      </object_component>
      <object_component id="oc-1c7">
         <name>.debug_info</name>
         <load_address>0x7bbf</load_address>
         <run_address>0x7bbf</run_address>
         <size>0x179</size>
         <input_file_ref idref="fl-2"/>
      </object_component>
      <object_component id="oc-1cd">
         <name>.debug_info</name>
         <load_address>0x7d38</load_address>
         <run_address>0x7d38</run_address>
         <size>0x2a3</size>
         <input_file_ref idref="fl-2"/>
      </object_component>
      <object_component id="oc-1d3">
         <name>.debug_info</name>
         <load_address>0x7fdb</load_address>
         <run_address>0x7fdb</run_address>
         <size>0x144</size>
         <input_file_ref idref="fl-f"/>
      </object_component>
      <object_component id="oc-1d8">
         <name>.debug_info</name>
         <load_address>0x811f</load_address>
         <run_address>0x811f</run_address>
         <size>0x144</size>
         <input_file_ref idref="fl-f"/>
      </object_component>
      <object_component id="oc-1dd">
         <name>.debug_info</name>
         <load_address>0x8263</load_address>
         <run_address>0x8263</run_address>
         <size>0x440</size>
         <input_file_ref idref="fl-f"/>
      </object_component>
      <object_component id="oc-1e0">
         <name>.debug_info</name>
         <load_address>0x86a3</load_address>
         <run_address>0x86a3</run_address>
         <size>0x13d</size>
         <input_file_ref idref="fl-f"/>
      </object_component>
      <object_component id="oc-1e5">
         <name>.debug_info</name>
         <load_address>0x87e0</load_address>
         <run_address>0x87e0</run_address>
         <size>0x148</size>
         <input_file_ref idref="fl-f"/>
      </object_component>
      <object_component id="oc-1ea">
         <name>.debug_info</name>
         <load_address>0x8928</load_address>
         <run_address>0x8928</run_address>
         <size>0x161</size>
         <input_file_ref idref="fl-f"/>
      </object_component>
      <object_component id="oc-1f0">
         <name>.debug_info</name>
         <load_address>0x8a89</load_address>
         <run_address>0x8a89</run_address>
         <size>0x16e</size>
         <input_file_ref idref="fl-b"/>
      </object_component>
      <object_component id="oc-1f8">
         <name>.debug_info</name>
         <load_address>0x8bf7</load_address>
         <run_address>0x8bf7</run_address>
         <size>0x14b</size>
         <input_file_ref idref="fl-b"/>
      </object_component>
      <object_component id="oc-1fc">
         <name>.debug_info</name>
         <load_address>0x8d42</load_address>
         <run_address>0x8d42</run_address>
         <size>0x6c</size>
         <input_file_ref idref="fl-4"/>
      </object_component>
      <object_component id="oc-202">
         <name>.debug_info</name>
         <load_address>0x8dae</load_address>
         <run_address>0x8dae</run_address>
         <size>0x12a</size>
         <input_file_ref idref="fl-f"/>
      </object_component>
      <object_component id="oc-209">
         <name>.debug_info</name>
         <load_address>0x8ed8</load_address>
         <run_address>0x8ed8</run_address>
         <size>0x12a</size>
         <input_file_ref idref="fl-f"/>
      </object_component>
      <object_component id="oc-20e">
         <name>.debug_info</name>
         <load_address>0x9002</load_address>
         <run_address>0x9002</run_address>
         <size>0x147</size>
         <input_file_ref idref="fl-f"/>
      </object_component>
      <object_component id="oc-21a">
         <name>.debug_info</name>
         <load_address>0x9149</load_address>
         <run_address>0x9149</run_address>
         <size>0x1bf</size>
         <input_file_ref idref="fl-f"/>
      </object_component>
      <object_component id="oc-220">
         <name>.debug_info</name>
         <load_address>0x9308</load_address>
         <run_address>0x9308</run_address>
         <size>0x3f8</size>
         <input_file_ref idref="fl-8"/>
      </object_component>
      <object_component id="oc-229">
         <name>.debug_info</name>
         <load_address>0x9700</load_address>
         <run_address>0x9700</run_address>
         <size>0xed</size>
         <input_file_ref idref="fl-7"/>
      </object_component>
      <object_component id="oc-22b">
         <name>.debug_info</name>
         <load_address>0x97ed</load_address>
         <run_address>0x97ed</run_address>
         <size>0x50a</size>
         <input_file_ref idref="fl-7"/>
      </object_component>
      <object_component id="oc-23a">
         <name>.debug_info</name>
         <load_address>0x9cf7</load_address>
         <run_address>0x9cf7</run_address>
         <size>0x1e3</size>
         <input_file_ref idref="fl-f"/>
      </object_component>
      <object_component id="oc-242">
         <name>.debug_info</name>
         <load_address>0x9eda</load_address>
         <run_address>0x9eda</run_address>
         <size>0x13e</size>
         <input_file_ref idref="fl-2"/>
      </object_component>
      <object_component id="oc-247">
         <name>.debug_info</name>
         <load_address>0xa018</load_address>
         <run_address>0xa018</run_address>
         <size>0x3e8</size>
         <input_file_ref idref="fl-7"/>
      </object_component>
      <object_component id="oc-24f">
         <name>.debug_info</name>
         <load_address>0xa400</load_address>
         <run_address>0xa400</run_address>
         <size>0x101</size>
         <input_file_ref idref="fl-e"/>
      </object_component>
      <object_component id="oc-265">
         <name>.debug_info</name>
         <load_address>0xa501</load_address>
         <run_address>0xa501</run_address>
         <size>0x41f</size>
         <input_file_ref idref="fl-7"/>
      </object_component>
      <object_component id="oc-2a0">
         <name>.debug_info</name>
         <load_address>0xa920</load_address>
         <run_address>0xa920</run_address>
         <size>0xe3</size>
         <input_file_ref idref="fl-4c"/>
      </object_component>
      <object_component id="oc-2c0">
         <name>.debug_info</name>
         <load_address>0xaa03</load_address>
         <run_address>0xaa03</run_address>
         <size>0x178</size>
         <input_file_ref idref="fl-8"/>
      </object_component>
      <object_component id="oc-2c5">
         <name>.debug_info</name>
         <load_address>0xab7b</load_address>
         <run_address>0xab7b</run_address>
         <size>0x11b</size>
         <input_file_ref idref="fl-e"/>
      </object_component>
      <object_component id="oc-2d2">
         <name>.debug_info</name>
         <load_address>0xac96</load_address>
         <run_address>0xac96</run_address>
         <size>0x156</size>
         <input_file_ref idref="fl-8"/>
      </object_component>
      <object_component id="oc-2d9">
         <name>.debug_info</name>
         <load_address>0xadec</load_address>
         <run_address>0xadec</run_address>
         <size>0x1e4</size>
         <input_file_ref idref="fl-f"/>
      </object_component>
      <object_component id="oc-2de">
         <name>.debug_info</name>
         <load_address>0xafd0</load_address>
         <run_address>0xafd0</run_address>
         <size>0x119</size>
         <input_file_ref idref="fl-f"/>
      </object_component>
      <object_component id="oc-2e3">
         <name>.debug_info</name>
         <load_address>0xb0e9</load_address>
         <run_address>0xb0e9</run_address>
         <size>0x190</size>
         <input_file_ref idref="fl-f"/>
      </object_component>
      <object_component id="oc-2e8">
         <name>.debug_info</name>
         <load_address>0xb279</load_address>
         <run_address>0xb279</run_address>
         <size>0x1e7</size>
         <input_file_ref idref="fl-5"/>
      </object_component>
      <object_component id="oc-2ed">
         <name>.debug_info</name>
         <load_address>0xb460</load_address>
         <run_address>0xb460</run_address>
         <size>0x152</size>
         <input_file_ref idref="fl-f"/>
      </object_component>
      <object_component id="oc-2f2">
         <name>.debug_info</name>
         <load_address>0xb5b2</load_address>
         <run_address>0xb5b2</run_address>
         <size>0x3fe</size>
         <input_file_ref idref="fl-f"/>
      </object_component>
      <object_component id="oc-2f7">
         <name>.debug_info</name>
         <load_address>0xb9b0</load_address>
         <run_address>0xb9b0</run_address>
         <size>0x121</size>
         <input_file_ref idref="fl-f"/>
      </object_component>
      <object_component id="oc-2fc">
         <name>.debug_info</name>
         <load_address>0xbad1</load_address>
         <run_address>0xbad1</run_address>
         <size>0x3e8</size>
         <input_file_ref idref="fl-6"/>
      </object_component>
      <object_component id="oc-2ff">
         <name>.debug_info</name>
         <load_address>0xbeb9</load_address>
         <run_address>0xbeb9</run_address>
         <size>0x156</size>
         <input_file_ref idref="fl-f"/>
      </object_component>
      <object_component id="oc-304">
         <name>.debug_info</name>
         <load_address>0xc00f</load_address>
         <run_address>0xc00f</run_address>
         <size>0x149</size>
         <input_file_ref idref="fl-8"/>
      </object_component>
      <object_component id="oc-30b">
         <name>.debug_info</name>
         <load_address>0xc158</load_address>
         <run_address>0xc158</run_address>
         <size>0x157</size>
         <input_file_ref idref="fl-4a"/>
      </object_component>
      <object_component id="oc-319">
         <name>.debug_info</name>
         <load_address>0xc2af</load_address>
         <run_address>0xc2af</run_address>
         <size>0x1ab</size>
         <input_file_ref idref="fl-8"/>
      </object_component>
      <object_component id="oc-31e">
         <name>.debug_info</name>
         <load_address>0xc45a</load_address>
         <run_address>0xc45a</run_address>
         <size>0x3e</size>
         <input_file_ref idref="fl-8"/>
      </object_component>
      <object_component id="oc-322">
         <name>.debug_info</name>
         <load_address>0xc498</load_address>
         <run_address>0xc498</run_address>
         <size>0xea</size>
         <input_file_ref idref="fl-2"/>
      </object_component>
      <object_component id="oc-32a">
         <name>.debug_info</name>
         <load_address>0xc582</load_address>
         <run_address>0xc582</run_address>
         <size>0x103</size>
         <input_file_ref idref="fl-2"/>
      </object_component>
      <object_component id="oc-334">
         <name>.debug_info</name>
         <load_address>0xc685</load_address>
         <run_address>0xc685</run_address>
         <size>0x123</size>
         <input_file_ref idref="fl-10"/>
      </object_component>
      <object_component id="oc-33a">
         <name>.debug_info</name>
         <load_address>0xc7a8</load_address>
         <run_address>0xc7a8</run_address>
         <size>0x9a</size>
         <input_file_ref idref="fl-f"/>
      </object_component>
      <object_component id="oc-340">
         <name>.debug_info</name>
         <load_address>0xc842</load_address>
         <run_address>0xc842</run_address>
         <size>0x3bd</size>
         <input_file_ref idref="fl-5"/>
      </object_component>
      <object_component id="oc-344">
         <name>.debug_info</name>
         <load_address>0xcbff</load_address>
         <run_address>0xcbff</run_address>
         <size>0x156</size>
         <input_file_ref idref="fl-f"/>
      </object_component>
      <object_component id="oc-349">
         <name>.debug_info</name>
         <load_address>0xcd55</load_address>
         <run_address>0xcd55</run_address>
         <size>0x143</size>
         <input_file_ref idref="fl-5"/>
      </object_component>
      <object_component id="oc-34f">
         <name>.debug_info</name>
         <load_address>0xce98</load_address>
         <run_address>0xce98</run_address>
         <size>0x181</size>
         <input_file_ref idref="fl-2"/>
      </object_component>
      <object_component id="oc-356">
         <name>.debug_info</name>
         <load_address>0xd019</load_address>
         <run_address>0xd019</run_address>
         <size>0x190</size>
         <input_file_ref idref="fl-5"/>
      </object_component>
      <object_component id="oc-35b">
         <name>.debug_info</name>
         <load_address>0xd1a9</load_address>
         <run_address>0xd1a9</run_address>
         <size>0x139</size>
         <input_file_ref idref="fl-5"/>
      </object_component>
      <object_component id="oc-360">
         <name>.debug_info</name>
         <load_address>0xd2e2</load_address>
         <run_address>0xd2e2</run_address>
         <size>0x208</size>
         <input_file_ref idref="fl-f"/>
      </object_component>
      <object_component id="oc-365">
         <name>.debug_info</name>
         <load_address>0xd4ea</load_address>
         <run_address>0xd4ea</run_address>
         <size>0x1db</size>
         <input_file_ref idref="fl-2"/>
      </object_component>
      <object_component id="oc-373">
         <name>.debug_info</name>
         <load_address>0xd6c5</load_address>
         <run_address>0xd6c5</run_address>
         <size>0x55</size>
         <input_file_ref idref="fl-2"/>
      </object_component>
      <object_component id="oc-377">
         <name>.debug_info</name>
         <load_address>0xd71a</load_address>
         <run_address>0xd71a</run_address>
         <size>0x2c</size>
         <input_file_ref idref="fl-2"/>
      </object_component>
      <object_component id="oc-37d">
         <name>.debug_info</name>
         <load_address>0xd746</load_address>
         <run_address>0xd746</run_address>
         <size>0x117</size>
         <input_file_ref idref="fl-4b"/>
      </object_component>
      <object_component id="oc-389">
         <name>.debug_info</name>
         <load_address>0xd85d</load_address>
         <run_address>0xd85d</run_address>
         <size>0x154</size>
         <input_file_ref idref="fl-2"/>
      </object_component>
      <object_component id="oc-39c">
         <name>.debug_info</name>
         <load_address>0xd9b1</load_address>
         <run_address>0xd9b1</run_address>
         <size>0x18e</size>
         <input_file_ref idref="fl-f"/>
      </object_component>
      <object_component id="oc-3a6">
         <name>.debug_info</name>
         <load_address>0xdb3f</load_address>
         <run_address>0xdb3f</run_address>
         <size>0x46</size>
         <input_file_ref idref="fl-3"/>
      </object_component>
      <object_component id="oc-3ac">
         <name>.debug_info</name>
         <load_address>0xdb85</load_address>
         <run_address>0xdb85</run_address>
         <size>0x14be</size>
         <input_file_ref idref="fl-2"/>
      </object_component>
      <object_component id="oc-3b9">
         <name>.debug_info</name>
         <load_address>0xf043</load_address>
         <run_address>0xf043</run_address>
         <size>0x13c</size>
         <input_file_ref idref="fl-f"/>
      </object_component>
      <object_component id="oc-3c4">
         <name>.debug_info</name>
         <load_address>0xf17f</load_address>
         <run_address>0xf17f</run_address>
         <size>0x2e8</size>
         <input_file_ref idref="fl-7"/>
      </object_component>
      <object_component id="oc-3cf">
         <name>.debug_info</name>
         <load_address>0xf467</load_address>
         <run_address>0xf467</run_address>
         <size>0x153</size>
         <input_file_ref idref="fl-2"/>
      </object_component>
      <object_component id="oc-3d6">
         <name>.debug_info</name>
         <load_address>0xf5ba</load_address>
         <run_address>0xf5ba</run_address>
         <size>0x128</size>
         <input_file_ref idref="fl-2"/>
      </object_component>
      <object_component id="oc-3de">
         <name>.debug_info</name>
         <load_address>0xf6e2</load_address>
         <run_address>0xf6e2</run_address>
         <size>0x18d</size>
         <input_file_ref idref="fl-2"/>
      </object_component>
      <object_component id="oc-3f4">
         <name>.debug_info</name>
         <load_address>0xf86f</load_address>
         <run_address>0xf86f</run_address>
         <size>0xd9</size>
         <input_file_ref idref="fl-49"/>
      </object_component>
      <object_component id="oc-408">
         <name>.debug_info</name>
         <load_address>0xf948</load_address>
         <run_address>0xf948</run_address>
         <size>0x11d</size>
         <input_file_ref idref="fl-e"/>
      </object_component>
      <object_component id="oc-40d">
         <name>.debug_info</name>
         <load_address>0xfa65</load_address>
         <run_address>0xfa65</run_address>
         <size>0x28e</size>
         <input_file_ref idref="fl-e"/>
      </object_component>
      <object_component id="oc-412">
         <name>.debug_info</name>
         <load_address>0xfcf3</load_address>
         <run_address>0xfcf3</run_address>
         <size>0x11d</size>
         <input_file_ref idref="fl-2"/>
      </object_component>
      <object_component id="oc-447">
         <name>.debug_info</name>
         <load_address>0xfe10</load_address>
         <run_address>0xfe10</run_address>
         <size>0xce</size>
         <input_file_ref idref="fl-5"/>
      </object_component>
      <object_component id="oc-44b">
         <name>.debug_info</name>
         <load_address>0xfede</load_address>
         <run_address>0xfede</run_address>
         <size>0x1f9</size>
         <input_file_ref idref="fl-f"/>
      </object_component>
      <object_component id="oc-452">
         <name>.debug_info</name>
         <load_address>0x100d7</load_address>
         <run_address>0x100d7</run_address>
         <size>0x10d</size>
         <input_file_ref idref="fl-f"/>
      </object_component>
      <object_component id="oc-460">
         <name>.debug_info</name>
         <load_address>0x101e4</load_address>
         <run_address>0x101e4</run_address>
         <size>0x127</size>
         <input_file_ref idref="fl-4a"/>
      </object_component>
      <object_component id="oc-46e">
[...]
         <value>0xffffffff</value>
      </symbol>
      <symbol id="sm-25f">
         <name>__STACK_SIZE</name>
         <value>0x400</value>
      </symbol>
      <symbol id="sm-260">
         <name>__STACK_END</name>
         <value>0x5c00</value>
      </symbol>
      <symbol id="sm-261">
         <name>__c_args__</name>
         <value>0xffffffff</value>
      </symbol>
      <symbol id="sm-38e">
         <name>UDPSocketInfo</name>
         <value>0x1d26</value>
      </symbol>
      <symbol id="sm-38f">
         <name>activeUDPSocket</name>
         <value>0x1e5b</value>
      </symbol>
      <symbol id="sm-390">
         <name>UDPTxCount</name>
         <value>0x1e4e</value>
      </symbol>
      <symbol id="sm-391">
         <name>UDPRxCount</name>
         <value>0x1e4c</value>
      </symbol>
      <symbol id="sm-392">
         <name>UDPInit</name>
         <value>0x832a</value>
         <object_component_ref idref="oc-fa"/>
      </symbol>
      <symbol id="sm-393">
         <name>UDPGetArray</name>
         <value>0x8146</value>
         <object_component_ref idref="oc-3dd"/>
      </symbol>
      <symbol id="sm-394">
         <name>UDPClose</name>
         <value>0x8022</value>
         <object_component_ref idref="oc-1a9"/>
      </symbol>
      <symbol id="sm-395">
         <name>UDPIsPutReady</name>
         <value>0x8056</value>
         <object_component_ref idref="oc-1c0"/>
      </symbol>
      <symbol id="sm-396">
         <name>UDPSetTxBuffer</name>
         <value>0x8378</value>
         <object_component_ref idref="oc-387"/>
      </symbol>
      <symbol id="sm-397">
         <name>UDPTask</name>
         <value>0x6a3e</value>
         <object_component_ref idref="oc-172"/>
      </symbol>
      <symbol id="sm-398">
         <name>UDPDiscard</name>
         <value>0x82f0</value>
         <object_component_ref idref="oc-18a"/>
      </symbol>
      <symbol id="sm-399">
         <name>UDPGet</name>
         <value>0x81ca</value>
         <object_component_ref idref="oc-3d5"/>
      </symbol>
      <symbol id="sm-39a">
         <name>UDPFlush</name>
         <value>0x6c80</value>
         <object_component_ref idref="oc-1cc"/>
      </symbol>
      <symbol id="sm-39b">
         <name>UDPIsGetReady</name>
         <value>0x821c</value>
         <object_component_ref idref="oc-241"/>
      </symbol>
      <symbol id="sm-39c">
         <name>UDPOpenEx</name>
         <value>0x716c</value>
         <object_component_ref idref="oc-1bb"/>
      </symbol>
      <symbol id="sm-39d">
         <name>UDPPut</name>
         <value>0x8244</value>
         <object_component_ref idref="oc-410"/>
      </symbol>
      <symbol id="sm-39e">
         <name>UDPPutArray</name>
         <value>0x80ba</value>
         <object_component_ref idref="oc-1c6"/>
      </symbol>
      <symbol id="sm-39f">
         <name>UDPProcess</name>
         <value>0x6fe8</value>
         <object_component_ref idref="oc-19c"/>
      </symbol>
      <symbol id="sm-3a0">
         <name>UDPSetRxBuffer</name>
         <value>0x83cc</value>
         <object_component_ref idref="oc-3cd"/>
      </symbol>
      <symbol id="sm-3ca">
         <name>remoteNode</name>
         <value>0x1e36</value>
      </symbol>
      <symbol id="sm-3cb">
         <name>StackTask</name>
         <value>0x6b6e</value>
         <object_component_ref idref="oc-f3"/>
      </symbol>
      <symbol id="sm-3cc">
         <name>StackInit</name>
         <value>0x7fb8</value>
         <object_component_ref idref="oc-ee"/>
      </symbol>
      <symbol id="sm-402">
         <name>IPGetHeader</name>
         <value>0x72d6</value>
         <object_component_ref idref="oc-196"/>
      </symbol>
      <symbol id="sm-403">
         <name>CalcIPChecksum</name>
         <value>0x80ea</value>
         <object_component_ref idref="oc-355"/>
      </symbol>
      <symbol id="sm-404">
         <name>IPSetRxBuffer</name>
         <value>0x8430</value>
         <object_component_ref idref="oc-35a"/>
      </symbol>
      <symbol id="sm-405">
         <name>IPPutHeader</name>
         <value>0x74a0</value>
         <object_component_ref idref="oc-2e7"/>
      </symbol>
      <symbol id="sm-413">
         <name>ICMPProcess</name>
         <value>0x75b0</value>
         <object_component_ref idref="oc-180"/>
      </symbol>
      <symbol id="sm-49c">
         <name>DHCPInit</name>
         <value>0x7f48</value>
         <object_component_ref idref="oc-146"/>
      </symbol>
      <symbol id="sm-49d">
         <name>DHCPDisable</name>
         <value>0x8360</value>
         <object_component_ref idref="oc-14c"/>
      </symbol>
      <symbol id="sm-49e">
         <name>DHCPIsBound</name>
         <value>0x843c</value>
         <object_component_ref idref="oc-16c"/>
      </symbol>
      <symbol id="sm-49f">
         <name>DHCPTask</name>
         <value>0x5c24</value>
         <object_component_ref idref="oc-167"/>
      </symbol>
      <symbol id="sm-4a0">
         <name>DHCPClientInitializedOnce</name>
         <value>0x1e66</value>
         <object_component_ref idref="oc-228"/>
      </symbol>
      <symbol id="sm-4e3">
         <name>ARPProcess</name>
         <value>0x6d6c</value>
         <object_component_ref idref="oc-185"/>
      </symbol>
      <symbol id="sm-4e4">
         <name>SwapARPPacket</name>
         <value>0x81a0</value>
         <object_component_ref idref="oc-303"/>
      </symbol>
      <symbol id="sm-4e5">
         <name>ARPInit</name>
         <value>0x82d0</value>
         <object_component_ref idref="oc-141"/>
      </symbol>
      <symbol id="sm-4e6">
         <name>ARPResolve</name>
         <value>0x794a</value>
         <object_component_ref idref="oc-2d1"/>
      </symbol>
      <symbol id="sm-4e7">
         <name>ARPIsResolved</name>
         <value>0x7aba</value>
         <object_component_ref idref="oc-2bf"/>
      </symbol>
      <symbol id="sm-501">
         <name>main</name>
         <value>0x752e</value>
         <object_component_ref idref="oc-9c"/>
      </symbol>
      <symbol id="sm-502">
         <name>UDPPerformanceTaskSending</name>
         <value>0x7806</value>
         <object_component_ref idref="oc-ff"/>
      </symbol>
      <symbol id="sm-510">
         <name>InitializeIO</name>
         <value>0x828c</value>
         <object_component_ref idref="oc-df"/>
      </symbol>
      <symbol id="sm-511">
         <name>InitializeLeds</name>
         <value>0x8406</value>
         <object_component_ref idref="oc-da"/>
      </symbol>
      <symbol id="sm-534">
         <name>SetVCore</name>
         <value>0x7d58</value>
         <object_component_ref idref="oc-11a"/>
      </symbol>
      <symbol id="sm-535">
         <name>SetVCoreDown</name>
         <value>0x7374</value>
         <object_component_ref idref="oc-1f4"/>
      </symbol>
      <symbol id="sm-536">
         <name>SetVCoreUp</name>
         <value>0x6f1e</value>
         <object_component_ref idref="oc-1ef"/>
      </symbol>
      <symbol id="sm-54c">
         <name>InitializeEthSpi</name>
         <value>0x7f82</value>
         <object_component_ref idref="oc-e9"/>
      </symbol>
      <symbol id="sm-54d">
         <name>InitializeTimers</name>
         <value>0x8444</value>
         <object_component_ref idref="oc-d5"/>
      </symbol>
      <symbol id="sm-54e">
         <name>InitializeClocks</name>
         <value>0x78e6</value>
         <object_component_ref idref="oc-d0"/>
      </symbol>
      <symbol id="sm-559">
         <name>AppConfig</name>
         <value>0x1de6</value>
      </symbol>
      <symbol id="sm-55a">
         <name>InitAppConfig</name>
         <value>0x7a0a</value>
         <object_component_ref idref="oc-e4"/>
      </symbol>
      <symbol id="sm-580">
         <name>TickUpdate</name>
         <value>0x83b8</value>
         <object_component_ref idref="oc-496"/>
      </symbol>
      <symbol id="sm-581">
         <name>TickGetDiv256</name>
         <value>0x81f4</value>
         <object_component_ref idref="oc-2c4"/>
      </symbol>
      <symbol id="sm-582">
         <name>TickGet</name>
         <value>0x8414</value>
         <object_component_ref idref="oc-24e"/>
      </symbol>
      <symbol id="sm-695">
         <name>MACPutArray</name>
         <value>0x7c48</value>
         <object_component_ref idref="oc-2ec"/>
      </symbol>
      <symbol id="sm-696">
         <name>MACPutHeader</name>
         <value>0x7796</value>
         <object_component_ref idref="oc-44a"/>
      </symbol>
      <symbol id="sm-697">
         <name>MACIsLinked</name>
         <value>0x83a4</value>
         <object_component_ref idref="oc-158"/>
      </symbol>
      <symbol id="sm-698">
         <name>MACFlush</name>
         <value>0x66da</value>
         <object_component_ref idref="oc-104"/>
      </symbol>
      <symbol id="sm-699">
         <name>MACInit</name>
         <value>0x6890</value>
         <object_component_ref idref="oc-13c"/>
      </symbol>
      <symbol id="sm-69a">
         <name>ReadETHReg</name>
         <value>0x7ed0</value>
         <object_component_ref idref="oc-1df"/>
      </symbol>
      <symbol id="sm-69b">
         <name>WritePHYReg</name>
         <value>0x79ac</value>
         <object_component_ref idref="oc-219"/>
      </symbol>
      <symbol id="sm-69c">
         <name>MACGetArray</name>
         <value>0x7bfe</value>
         <object_component_ref idref="oc-1e9"/>
      </symbol>
      <symbol id="sm-69d">
         <name>MACGetHeader</name>
         <value>0x7226</value>
         <object_component_ref idref="oc-190"/>
      </symbol>
      <symbol id="sm-69e">
         <name>CalcIPBufferChecksum</name>
         <value>0x70b0</value>
         <object_component_ref idref="oc-35f"/>
      </symbol>
      <symbol id="sm-69f">
         <name>MACGet</name>
         <value>0x7fee</value>
         <object_component_ref idref="oc-451"/>
      </symbol>
      <symbol id="sm-6a0">
         <name>MACMemCopyAsync</name>
         <value>0x6284</value>
         <object_component_ref idref="oc-2f1"/>
      </symbol>
      <symbol id="sm-6a1">
         <name>MACSetReadPtr</name>
         <value>0x7b0e</value>
         <object_component_ref idref="oc-39b"/>
      </symbol>
      <symbol id="sm-6a2">
         <name>ReadPHYReg</name>
         <value>0x7410</value>
         <object_component_ref idref="oc-239"/>
      </symbol>
      <symbol id="sm-6a3">
         <name>MACPut</name>
         <value>0x7e94</value>
         <object_component_ref idref="oc-208"/>
      </symbol>
      <symbol id="sm-6a4">
         <name>MACIsTxReady</name>
         <value>0x8346</value>
         <object_component_ref idref="oc-2dd"/>
      </symbol>
      <symbol id="sm-6a5">
         <name>MACCalcRxChecksum</name>
         <value>0x7630</value>
         <object_component_ref idref="oc-2d8"/>
      </symbol>
      <symbol id="sm-6a6">
         <name>BankSel</name>
         <value>0x826a</value>
         <object_component_ref idref="oc-20d"/>
      </symbol>
      <symbol id="sm-6a7">
         <name>MACSetWritePtr</name>
         <value>0x7a64</value>
         <object_component_ref idref="oc-2e2"/>
      </symbol>
      <symbol id="sm-6a8">
         <name>MACDiscardRx</name>
         <value>0x7c92</value>
         <object_component_ref idref="oc-2fe"/>
      </symbol>
      <symbol id="sm-6a9">
         <name>MACIsMemCopyDone</name>
         <value>0x830e</value>
         <object_component_ref idref="oc-2f6"/>
      </symbol>
      <symbol id="sm-6aa">
         <name>MACSetReadPtrInRx</name>
         <value>0x808a</value>
         <object_component_ref idref="oc-343"/>
      </symbol>
      <symbol id="sm-6b2">
         <name>swaps</name>
         <value>0x82ae</value>
         <object_component_ref idref="oc-332"/>
      </symbol>
      <symbol id="sm-6c0">
         <name>_c_int00_noexit</name>
         <value>0x5c00</value>
         <object_component_ref idref="oc-6c"/>
      </symbol>
      <symbol id="sm-6c1">
         <name>_c_int00</name>
         <value>0x5c00</value>
         <object_component_ref idref="oc-6c"/>
      </symbol>
      <symbol id="sm-6c2">
         <name>_stack</name>
         <value>0x5800</value>
         <object_component_ref idref="oc-8b"/>
      </symbol>
      <symbol id="sm-6c3">
         <name>_reset_vector</name>
         <value>0xfffe</value>
         <object_component_ref idref="oc-8d"/>
      </symbol>
      <symbol id="sm-6d3">
         <name>__TI_decompress_none</name>
         <value>0x7f0c</value>
         <object_component_ref idref="oc-7c"/>
      </symbol>
      <symbol id="sm-6f5">
         <name>__TI_decompress_rle24</name>
         <value>0x8422</value>
         <object_component_ref idref="oc-86"/>
      </symbol>
      <symbol id="sm-707">
         <name>__TI_zero_init</name>
         <value>0x7e18</value>
         <object_component_ref idref="oc-81"/>
      </symbol>
      <symbol id="sm-711">
         <name>__memcpy_far</name>
         <value>0x7dd8</value>
         <object_component_ref idref="oc-a7"/>
      </symbol>
      <symbol id="sm-71a">
         <name>C$$EXIT</name>
         <value>0x8456</value>
         <object_component_ref idref="oc-a1"/>
      </symbol>
      <symbol id="sm-71b">
         <name>abort</name>
         <value>0x8456</value>
         <object_component_ref idref="oc-a1"/>
      </symbol>
      <symbol id="sm-71e">
         <name>__TI_int41</name>
         <value>0xffd2</value>
         <object_component_ref idref="oc-65"/>
      </symbol>
      <symbol id="sm-721">
         <name>__TI_int42</name>
         <value>0xffd4</value>
         <object_component_ref idref="oc-66"/>
      </symbol>
      <symbol id="sm-724">
         <name>__TI_int45</name>
         <value>0xffda</value>
         <object_component_ref idref="oc-67"/>
      </symbol>
      <symbol id="sm-727">
         <name>__TI_int46</name>
         <value>0xffdc</value>
         <object_component_ref idref="oc-68"/>
      </symbol>
      <symbol id="sm-72a">
         <name>__TI_int47</name>
         <value>0xffde</value>
         <object_component_ref idref="oc-69"/>
      </symbol>
      <symbol id="sm-72d">
         <name>__TI_int48</name>
         <value>0xffe0</value>
         <object_component_ref idref="oc-6a"/>
      </symbol>
      <symbol id="sm-730">
         <name>__TI_int49</name>
         <value>0xffe2</value>
         <object_component_ref idref="oc-6b"/>
      </symbol>
      <symbol id="sm-733">
         <name>__TI_int50</name>
         <value>0xffe4</value>
         <object_component_ref idref="oc-71"/>
      </symbol>
      <symbol id="sm-736">
         <name>__TI_int53</name>
         <value>0xffea</value>
         <object_component_ref idref="oc-72"/>
      </symbol>
      <symbol id="sm-739">
         <name>__TI_int54</name>
         <value>0xffec</value>
         <object_component_ref idref="oc-73"/>
      </symbol>
      <symbol id="sm-73c">
         <name>__TI_int55</name>
         <value>0xffee</value>
         <object_component_ref idref="oc-74"/>
      </symbol>
      <symbol id="sm-73f">
         <name>__TI_int56</name>
         <value>0xfff0</value>
         <object_component_ref idref="oc-75"/>
      </symbol>
      <symbol id="sm-742">
         <name>__TI_int57</name>
         <value>0xfff2</value>
         <object_component_ref idref="oc-76"/>
      </symbol>
      <symbol id="sm-745">
         <name>__TI_int58</name>
         <value>0xfff4</value>
         <object_component_ref idref="oc-77"/>
      </symbol>
      <symbol id="sm-748">
         <name>__TI_int59</name>
         <value>0xfff6</value>
         <object_component_ref idref="oc-78"/>
      </symbol>
      <symbol id="sm-74b">
         <name>__TI_int60</name>
         <value>0xfff8</value>
         <object_component_ref idref="oc-79"/>
      </symbol>
      <symbol id="sm-74e">
         <name>__TI_int61</name>
         <value>0xfffa</value>
         <object_component_ref idref="oc-7a"/>
      </symbol>
      <symbol id="sm-751">
         <name>__TI_int62</name>
         <value>0xfffc</value>
         <object_component_ref idref="oc-7b"/>
      </symbol>
      <symbol id="sm-758">
         <name>__TI_ISR_TRAP</name>
         <value>0x844c</value>
         <object_component_ref idref="oc-8e"/>
      </symbol>
      <symbol id="sm-75f">
         <name>__mspabi_srll_8</name>
         <value>0x7e72</value>
         <object_component_ref idref="oc-3f2"/>
      </symbol>
      <symbol id="sm-760">
         <name>__mspabi_srll_9</name>
         <value>0x7e6e</value>
         <object_component_ref idref="oc-3f2"/>
      </symbol>
      <symbol id="sm-761">
         <name>__mspabi_srll_6</name>
         <value>0x7e7a</value>
         <object_component_ref idref="oc-3f2"/>
      </symbol>
      <symbol id="sm-762">
         <name>__mspabi_srll_7</name>
         <value>0x7e76</value>
         <object_component_ref idref="oc-3f2"/>
      </symbol>
      <symbol id="sm-763">
         <name>__mspabi_srll_4</name>
         <value>0x7e82</value>
         <object_component_ref idref="oc-3f2"/>
      </symbol>
      <symbol id="sm-764">
         <name>__mspabi_srll_5</name>
         <value>0x7e7e</value>
         <object_component_ref idref="oc-3f2"/>
      </symbol>
      <symbol id="sm-765">
         <name>__mspabi_srll_2</name>
         <value>0x7e8a</value>
         <object_component_ref idref="oc-3f2"/>
      </symbol>
      <symbol id="sm-766">
         <name>__mspabi_srll_3</name>
         <value>0x7e86</value>
         <object_component_ref idref="oc-3f2"/>
      </symbol>
      <symbol id="sm-767">
         <name>__mspabi_srll_1</name>
         <value>0x7e8e</value>
         <object_component_ref idref="oc-3f2"/>
      </symbol>
      <symbol id="sm-768">
         <name>__mspabi_srll_15</name>
         <value>0x7e56</value>
         <object_component_ref idref="oc-3f2"/>
      </symbol>
      <symbol id="sm-769">
         <name>__mspabi_srll_14</name>
         <value>0x7e5a</value>
         <object_component_ref idref="oc-3f2"/>
      </symbol>
      <symbol id="sm-76a">
         <name>__mspabi_srll_13</name>
         <value>0x7e5e</value>
         <object_component_ref idref="oc-3f2"/>
      </symbol>
      <symbol id="sm-76b">
         <name>__mspabi_srll_12</name>
         <value>0x7e62</value>
         <object_component_ref idref="oc-3f2"/>
      </symbol>
      <symbol id="sm-76c">
         <name>__mspabi_srll_11</name>
         <value>0x7e66</value>
         <object_component_ref idref="oc-3f2"/>
      </symbol>
      <symbol id="sm-76d">
         <name>__mspabi_srll_10</name>
         <value>0x7e6a</value>
         <object_component_ref idref="oc-3f2"/>
      </symbol>
      <symbol id="sm-77a">
         <name>memcpy</name>
         <value>0x83f4</value>
         <object_component_ref idref="oc-309"/>
      </symbol>
      <symbol id="sm-787">
         <name>memset</name>
         <value>0x83e0</value>
         <object_component_ref idref="oc-1b6"/>
      </symbol>
      <symbol id="sm-78e">
         <name>__mspabi_mpyi_f5hw</name>
         <value>0x838e</value>
         <object_component_ref idref="oc-29d"/>
      </symbol>
      <symbol id="sm-796">
         <name>_system_pre_init</name>
         <value>0x8452</value>
         <object_component_ref idref="oc-92"/>
      </symbol>
      <symbol id="sm-7ae">
         <name>_auto_init</name>
         <value>0x7876</value>
         <object_component_ref idref="oc-97"/>
      </symbol>
      <symbol id="sm-7af">
         <name>__TI_exit</name>
         <value>0x1</value>
      </symbol>
      <symbol id="sm-7b0">
         <name>__TI_args_main</name>
         <value>0x1</value>
      </symbol>
      <symbol id="sm-7b1">
         <name>__TI_INITARRAY_Base</name>
         <value>0x0</value>
      </symbol>
      <symbol id="sm-7b2">
         <name>__TI_INITARRAY_Limit</name>
         <value>0x0</value>
      </symbol>
   </symbol_table>
   <title>Link successful</title>
</link_info>
