<?xml version="1.0"?>
<link_info>
   <banner>MSP430 Linker PC v4.2.1</banner>
   <copyright>Copyright (c) 2003-2013 Texas Instruments Incorporated</copyright>
   <link_time>0x537f36f6</link_time>
   <link_errors>0x0</link_errors>
   <output_file>TFTPboot.out</output_file>
   <entry_point>
      <name>_c_int00</name>
      <address>0x5d06</address>
   </entry_point>
   <input_file_list>
      <input_file id="fl-2">
         <path>.\ipstack\</path>
         <kind>object</kind>
         <file>UDP.obj</file>
         <name>UDP.obj</name>
      </input_file>
      <input_file id="fl-3">
         <path>.\ipstack\</path>
         <kind>object</kind>
         <file>TFTPc.obj</file>
         <name>TFTPc.obj</name>
      </input_file>
      <input_file id="fl-4">
         <path>.\ipstack\</path>
         <kind>object</kind>
         <file>StackTsk.obj</file>
         <name>StackTsk.obj</name>
      </input_file>
      <input_file id="fl-5">
         <path>.\ipstack\</path>
         <kind>object</kind>
         <file>IP.obj</file>
         <name>IP.obj</name>
      </input_file>
      <input_file id="fl-6">
         <path>.\ipstack\</path>
         <kind>object</kind>
         <file>ICMP.obj</file>
         <name>ICMP.obj</name>
      </input_file>
      <input_file id="fl-7">
         <path>.\ipstack\</path>
         <kind>object</kind>
         <file>DHCP.obj</file>
         <name>DHCP.obj</name>
      </input_file>
      <input_file id="fl-8">
         <path>.\ipstack\</path>
         <kind>object</kind>
         <file>ARP.obj</file>
         <name>ARP.obj</name>
      </input_file>
      <input_file id="fl-9">
         <path>.\</path>
         <kind>object</kind>
         <file>main.obj</file>
         <name>main.obj</name>
      </input_file>
      <input_file id="fl-a">
         <path>.\</path>
         <kind>object</kind>
         <file>hardware_board.obj</file>
         <name>hardware_board.obj</name>
      </input_file>
      <input_file id="fl-b">
         <path>.\</path>
         <kind>object</kind>
         <file>hal_pmm.obj</file>
         <name>hal_pmm.obj</name>
      </input_file>
      <input_file id="fl-c">
         <path>.\</path>
         <kind>object</kind>
         <file>flash.obj</file>
         <name>flash.obj</name>
      </input_file>
      <input_file id="fl-d">
         <path>.\</path>
         <kind>object</kind>
         <file>config.obj</file>
         <name>config.obj</name>
      </input_file>
      <input_file id="fl-e">
         <path>.\</path>
         <kind>object</kind>
         <file>appconfig.obj</file>
         <name>appconfig.obj</name>
      </input_file>
      <input_file id="fl-f">
         <path>.\</path>
         <kind>object</kind>
         <file>Tick.obj</file>
         <name>Tick.obj</name>
      </input_file>
      <input_file id="fl-10">
         <path>.\</path>
         <kind>object</kind>
         <file>Parser.obj</file>
         <name>Parser.obj</name>
      </input_file>
      <input_file id="fl-11">
         <path>.\</path>
         <kind>object</kind>
         <file>ENC28J60.obj</file>
         <name>ENC28J60.obj</name>
      </input_file>
      <input_file id="fl-12">
         <path>.\</path>
         <kind>object</kind>
         <file>Compiler.obj</file>
         <name>Compiler.obj</name>
      </input_file>
      <input_file id="fl-32">
         <path>C:\ti\ccsv5\tools\compiler\msp430_4.2.1\lib\</path>
         <kind>archive</kind>
         <file>rts430x_lc_sd_eabi.lib</file>
         <name>boot.obj</name>
      </input_file>
      <input_file id="fl-33">
         <path>C:\ti\ccsv5\tools\compiler\msp430_4.2.1\lib\</path>
         <kind>archive</kind>
         <file>rts430x_lc_sd_eabi.lib</file>
         <name>copy_decompress_none.obj</name>
      </input_file>
      <input_file id="fl-34">
         <path>C:\ti\ccsv5\tools\compiler\msp430_4.2.1\lib\</path>
         <kind>archive</kind>
         <file>rts430x_lc_sd_eabi.lib</file>
         <name>copy_decompress_rle.obj</name>
      </input_file>
      <input_file id="fl-35">
         <path>C:\ti\ccsv5\tools\compiler\msp430_4.2.1\lib\</path>
         <kind>archive</kind>
         <file>rts430x_lc_sd_eabi.lib</file>
         <name>copy_zero_init.obj</name>
      </input_file>
      <input_file id="fl-36">
         <path>C:\ti\ccsv5\tools\compiler\msp430_4.2.1\lib\</path>
         <kind>archive</kind>
         <file>rts430x_lc_sd_eabi.lib</file>
         <name>cpy_util.obj</name>
      </input_file>
      <input_file id="fl-37">
         <path>C:\ti\ccsv5\tools\compiler\msp430_4.2.1\lib\</path>
         <kind>archive</kind>
         <file>rts430x_lc_sd_eabi.lib</file>
         <name>exit.obj</name>
      </input_file>
      <input_file id="fl-38">
         <path>C:\ti\ccsv5\tools\compiler\msp430_4.2.1\lib\</path>
         <kind>archive</kind>
         <file>rts430x_lc_sd_eabi.lib</file>
         <name>int41.obj</name>
      </input_file>
      <input_file id="fl-39">
         <path>C:\ti\ccsv5\tools\compiler\msp430_4.2.1\lib\</path>
         <kind>archive</kind>
         <file>rts430x_lc_sd_eabi.lib</file>
         <name>int42.obj</name>
      </input_file>
      <input_file id="fl-3a">
         <path>C:\ti\ccsv5\tools\compiler\msp430_4.2.1\lib\</path>
         <kind>archive</kind>
         <file>rts430x_lc_sd_eabi.lib</file>
         <name>int45.obj</name>
      </input_file>
      <input_file id="fl-3b">
         <path>C:\ti\ccsv5\tools\compiler\msp430_4.2.1\lib\</path>
         <kind>archive</kind>
         <file>rts430x_lc_sd_eabi.lib</file>
         <name>int46.obj</name>
      </input_file>
      <input_file id="fl-3c">
         <path>C:\ti\ccsv5\tools\compiler\msp430_4.2.1\lib\</path>
         <kind>archive</kind>
         <file>rts430x_lc_sd_eabi.lib</file>
         <name>int47.obj</name>
      </input_file>
      <input_file id="fl-3d">
         <path>C:\ti\ccsv5\tools\compiler\msp430_4.2.1\lib\</path>
         <kind>archive</kind>
         <file>rts430x_lc_sd_eabi.lib</file>
         <name>int48.obj</name>
      </input_file>
      <input_file id="fl-3e">
         <path>C:\ti\ccsv5\tools\compiler\msp430_4.2.1\lib\</path>
         <kind>archive</kind>
         <file>rts430x_lc_sd_eabi.lib</file>
         <name>int49.obj</name>
      </input_file>
      <input_file id="fl-3f">
         <path>C:\ti\ccsv5\tools\compiler\msp430_4.2.1\lib\</path>
         <kind>archive</kind>
         <file>rts430x_lc_sd_eabi.lib</file>
         <name>int50.obj</name>
      </input_file>
      <input_file id="fl-40">
         <path>C:\ti\ccsv5\tools\compiler\msp430_4.2.1\lib\</path>
         <kind>archive</kind>
         <file>rts430x_lc_sd_eabi.lib</file>
         <name>int53.obj</name>
      </input_file>
      <input_file id="fl-41">
         <path>C:\ti\ccsv5\tools\compiler\msp430_4.2.1\lib\</path>
         <kind>archive</kind>
         <file>rts430x_lc_sd_eabi.lib</file>
         <name>int54.obj</name>
      </input_file>
      <input_file id="fl-42">
         <path>C:\ti\ccsv5\tools\compiler\msp430_4.2.1\lib\</path>
         <kind>archive</kind>
         <file>rts430x_lc_sd_eabi.lib</file>
         <name>int55.obj</name>
      </input_file>
      <input_file id="fl-43">
         <path>C:\ti\ccsv5\tools\compiler\msp430_4.2.1\lib\</path>
         <kind>archive</kind>
         <file>rts430x_lc_sd_eabi.lib</file>
         <name>int56.obj</name>
      </input_file>
      <input_file id="fl-44">
         <path>C:\ti\ccsv5\tools\compiler\msp430_4.2.1\lib\</path>
         <kind>archive</kind>
         <file>rts430x_lc_sd_eabi.lib</file>
         <name>int57.obj</name>
      </input_file>
      <input_file id="fl-45">
         <path>C:\ti\ccsv5\tools\compiler\msp430_4.2.1\lib\</path>
         <kind>archive</kind>
         <file>rts430x_lc_sd_eabi.lib</file>
         <name>int58.obj</name>
      </input_file>
      <input_file id="fl-46">
         <path>C:\ti\ccsv5\tools\compiler\msp430_4.2.1\lib\</path>
         <kind>archive</kind>
         <file>rts430x_lc_sd_eabi.lib</file>
         <name>int59.obj</name>
      </input_file>
      <input_file id="fl-47">
         <path>C:\ti\ccsv5\tools\compiler\msp430_4.2.1\lib\</path>
         <kind>archive</kind>
         <file>rts430x_lc_sd_eabi.lib</file>
         <name>int60.obj</name>
      </input_file>
      <input_file id="fl-48">
         <path>C:\ti\ccsv5\tools\compiler\msp430_4.2.1\lib\</path>
         <kind>archive</kind>
         <file>rts430x_lc_sd_eabi.lib</file>
         <name>int61.obj</name>
      </input_file>
      <input_file id="fl-49">
         <path>C:\ti\ccsv5\tools\compiler\msp430_4.2.1\lib\</path>
         <kind>archive</kind>
         <file>rts430x_lc_sd_eabi.lib</file>
         <name>int62.obj</name>
      </input_file>
      <input_file id="fl-4a">
         <path>C:\ti\ccsv5\tools\compiler\msp430_4.2.1\lib\</path>
         <kind>archive</kind>
         <file>rts430x_lc_sd_eabi.lib</file>
         <name>isr_trap.obj</name>
      </input_file>
      <input_file id="fl-4b">
         <path>C:\ti\ccsv5\tools\compiler\msp430_4.2.1\lib\</path>
         <kind>archive</kind>
         <file>rts430x_lc_sd_eabi.lib</file>
         <name>lsr32.obj</name>
      </input_file>
      <input_file id="fl-4c">
         <path>C:\ti\ccsv5\tools\compiler\msp430_4.2.1\lib\</path>
         <kind>archive</kind>
         <file>rts430x_lc_sd_eabi.lib</file>
         <name>memcpy.obj</name>
      </input_file>
      <input_file id="fl-4d">
         <path>C:\ti\ccsv5\tools\compiler\msp430_4.2.1\lib\</path>
         <kind>archive</kind>
         <file>rts430x_lc_sd_eabi.lib</file>
         <name>memory.obj</name>
      </input_file>
      <input_file id="fl-4e">
         <path>C:\ti\ccsv5\tools\compiler\msp430_4.2.1\lib\</path>
         <kind>archive</kind>
         <file>rts430x_lc_sd_eabi.lib</file>
         <name>memset.obj</name>
      </input_file>
      <input_file id="fl-4f">
         <path>C:\ti\ccsv5\tools\compiler\msp430_4.2.1\lib\</path>
         <kind>archive</kind>
         <file>rts430x_lc_sd_eabi.lib</file>
         <name>mult16_f5hw.obj</name>
      </input_file>
      <input_file id="fl-50">
         <path>C:\ti\ccsv5\tools\compiler\msp430_4.2.1\lib\</path>
         <kind>archive</kind>
         <file>rts430x_lc_sd_eabi.lib</file>
         <name>pre_init.obj</name>
      </input_file>
      <input_file id="fl-51">
         <path>C:\ti\ccsv5\tools\compiler\msp430_4.2.1\lib\</path>
         <kind>archive</kind>
         <file>rts430x_lc_sd_eabi.lib</file>
         <name>strlen.obj</name>
      </input_file>
      <input_file id="fl-52">
         <path>C:\ti\ccsv5\tools\compiler\msp430_4.2.1\lib\</path>
         <kind>archive</kind>
         <file>rts430x_lc_sd_eabi.lib</file>
         <name>strtoul.obj</name>
      </input_file>
      <input_file id="fl-53">
         <path>C:\ti\ccsv5\tools\compiler\msp430_4.2.1\lib\</path>
         <kind>archive</kind>
         <file>rts430x_lc_sd_eabi.lib</file>
         <name>_lock.obj</name>
      </input_file>
      <input_file id="fl-54">
         <path>C:\ti\ccsv5\tools\compiler\msp430_4.2.1\lib\</path>
         <kind>archive</kind>
         <file>rts430x_lc_sd_eabi.lib</file>
         <name>args_main.obj</name>
      </input_file>
      <input_file id="fl-55">
         <path>C:\ti\ccsv5\tools\compiler\msp430_4.2.1\lib\</path>
         <kind>archive</kind>
         <file>rts430x_lc_sd_eabi.lib</file>
         <name>autoinit.obj</name>
      </input_file>
      <input_file id="fl-56">
         <path>C:\ti\ccsv5\tools\compiler\msp430_4.2.1\lib\</path>
         <kind>archive</kind>
         <file>rts430x_lc_sd_eabi.lib</file>
         <name>ctype.obj</name>
      </input_file>
      <input_file id="fl-57">
         <path>C:\ti\ccsv5\tools\compiler\msp430_4.2.1\lib\</path>
         <kind>archive</kind>
         <file>rts430x_lc_sd_eabi.lib</file>
         <name>div32u.obj</name>
      </input_file>
      <input_file id="fl-58">
         <path>C:\ti\ccsv5\tools\compiler\msp430_4.2.1\lib\</path>
         <kind>archive</kind>
         <file>rts430x_lc_sd_eabi.lib</file>
         <name>errno.obj</name>
      </input_file>
      <input_file id="fl-59">
         <path>C:\ti\ccsv5\tools\compiler\msp430_4.2.1\lib\</path>
         <kind>archive</kind>
         <file>rts430x_lc_sd_eabi.lib</file>
         <name>mult32_f5hw.obj</name>
      </input_file>
   </input_file_list>
   <object_component_list>
      <object_component id="oc-8e">
         <name>.sysmem</name>
         <uninitialized>true</uninitialized>
         <run_address>0x1c00</run_address>
         <size>0x4</size>
         <input_file_ref idref="fl-4d"/>
      </object_component>
      <object_component id="oc-704">
         <name>.sysmem</name>
         <uninitialized>true</uninitialized>
         <run_address>0x1c00</run_address>
         <size>0x0</size>
      </object_component>
      <object_component id="oc-8b">
         <name>.stack</name>
         <uninitialized>true</uninitialized>
         <run_address>0x5800</run_address>
         <size>0x2</size>
         <input_file_ref idref="fl-32"/>
      </object_component>
      <object_component id="oc-703">
         <name>.stack</name>
         <uninitialized>true</uninitialized>
         <run_address>0x5800</run_address>
         <size>0x0</size>
      </object_component>
      <object_component id="oc-3df">
         <name>.text:ParserTask</name>
         <load_address>0x5d20</load_address>
         <run_address>0x5d20</run_address>
         <size>0x428</size>
         <input_file_ref idref="fl-10"/>
      </object_component>
      <object_component id="oc-183">
         <name>.text:DHCPTask</name>
         <load_address>0x6148</load_address>
         <run_address>0x6148</run_address>
         <size>0x340</size>
         <input_file_ref idref="fl-7"/>
      </object_component>
      <object_component id="oc-273">
         <name>.text:_DHCPReceive</name>
         <load_address>0x6488</load_address>
         <run_address>0x6488</run_address>
         <size>0x320</size>
         <input_file_ref idref="fl-7"/>
      </object_component>
      <object_component id="oc-332">
         <name>.text:MACMemCopyAsync</name>
         <load_address>0x67a8</load_address>
         <run_address>0x67a8</run_address>
         <size>0x260</size>
         <input_file_ref idref="fl-11"/>
      </object_component>
      <object_component id="oc-29b">
         <name>.text:_DHCPSend</name>
         <load_address>0x6a08</load_address>
         <run_address>0x6a08</run_address>
         <size>0x1f6</size>
         <input_file_ref idref="fl-7"/>
      </object_component>
      <object_component id="oc-33c">
         <name>.text:MACFlush</name>
         <load_address>0x6bfe</load_address>
         <run_address>0x6bfe</run_address>
         <size>0x1b6</size>
         <input_file_ref idref="fl-11"/>
      </object_component>
      <object_component id="oc-153">
         <name>.text:MACInit</name>
         <load_address>0x6db4</load_address>
         <run_address>0x6db4</run_address>
         <size>0x1ae</size>
         <input_file_ref idref="fl-11"/>
      </object_component>
      <object_component id="oc-5ba">
         <name>.text:strtoul</name>
         <load_address>0x6f62</load_address>
         <run_address>0x6f62</run_address>
         <size>0x194</size>
         <input_file_ref idref="fl-52"/>
      </object_component>
      <object_component id="oc-3e9">
         <name>.text:TFTPIsGetReady</name>
         <load_address>0x70f6</load_address>
         <run_address>0x70f6</run_address>
         <size>0x16c</size>
         <input_file_ref idref="fl-3"/>
      </object_component>
      <object_component id="oc-527">
         <name>.text:TFTPIsPutReady</name>
         <load_address>0x7262</load_address>
         <run_address>0x7262</run_address>
         <size>0x134</size>
         <input_file_ref idref="fl-3"/>
      </object_component>
      <object_component id="oc-18e">
         <name>.text:UDPTask</name>
         <load_address>0x7396</load_address>
         <run_address>0x7396</run_address>
         <size>0x130</size>
         <input_file_ref idref="fl-2"/>
      </object_component>
      <object_component id="oc-f8">
         <name>.text:StackTask</name>
         <load_address>0x74c6</load_address>
         <run_address>0x74c6</run_address>
         <size>0x112</size>
         <input_file_ref idref="fl-4"/>
      </object_component>
      <object_component id="oc-4b4">
         <name>.text:UDPFlush</name>
         <load_address>0x75d8</load_address>
         <run_address>0x75d8</run_address>
         <size>0xec</size>
         <input_file_ref idref="fl-2"/>
      </object_component>
      <object_component id="oc-1de">
         <name>.text:TFTPRead</name>
         <load_address>0x76c4</load_address>
         <run_address>0x76c4</run_address>
         <size>0xe8</size>
         <input_file_ref idref="fl-9"/>
      </object_component>
      <object_component id="oc-1a1">
         <name>.text:ARPProcess</name>
         <load_address>0x77ac</load_address>
         <run_address>0x77ac</run_address>
         <size>0xda</size>
         <input_file_ref idref="fl-8"/>
      </object_component>
      <object_component id="oc-bb">
         <name>.text:__TI_decompress_rle_core</name>
         <load_address>0x7886</load_address>
         <run_address>0x7886</run_address>
         <size>0xd8</size>
         <input_file_ref idref="fl-34"/>
      </object_component>
      <object_component id="oc-204">
         <name>.text:SetVCoreUp</name>
         <load_address>0x795e</load_address>
         <run_address>0x795e</run_address>
         <size>0xca</size>
         <input_file_ref idref="fl-b"/>
      </object_component>
      <object_component id="oc-1b8">
         <name>.text:UDPProcess</name>
         <load_address>0x7a28</load_address>
         <run_address>0x7a28</run_address>
         <size>0xc8</size>
         <input_file_ref idref="fl-2"/>
      </object_component>
      <object_component id="oc-3a5">
         <name>.text:CalcIPBufferChecksum</name>
         <load_address>0x7af0</load_address>
         <run_address>0x7af0</run_address>
         <size>0xbc</size>
         <input_file_ref idref="fl-11"/>
      </object_component>
      <object_component id="oc-28d">
         <name>.text:UDPOpenEx</name>
         <load_address>0x7bac</load_address>
         <run_address>0x7bac</run_address>
         <size>0xba</size>
         <input_file_ref idref="fl-2"/>
      </object_component>
      <object_component id="oc-1ac">
         <name>.text:MACGetHeader</name>
         <load_address>0x7c66</load_address>
         <run_address>0x7c66</run_address>
         <size>0xb0</size>
         <input_file_ref idref="fl-11"/>
      </object_component>
      <object_component id="oc-1c8">
         <name>.text:malloc</name>
         <load_address>0x7d16</load_address>
         <run_address>0x7d16</run_address>
         <size>0xa6</size>
         <input_file_ref idref="fl-4d"/>
      </object_component>
      <object_component id="oc-1b2">
         <name>.text:IPGetHeader</name>
         <load_address>0x7dbc</load_address>
         <run_address>0x7dbc</run_address>
         <size>0x9e</size>
         <input_file_ref idref="fl-5"/>
      </object_component>
      <object_component id="oc-209">
         <name>.text:SetVCoreDown</name>
         <load_address>0x7e5a</load_address>
         <run_address>0x7e5a</run_address>
         <size>0x9c</size>
         <input_file_ref idref="fl-b"/>
      </object_component>
      <object_component id="oc-1e2">
         <name>.text:TFTPIsOpened</name>
         <load_address>0x7ef6</load_address>
         <run_address>0x7ef6</run_address>
         <size>0x98</size>
         <input_file_ref idref="fl-3"/>
      </object_component>
      <object_component id="oc-266">
         <name>.text:ReadPHYReg</name>
         <load_address>0x7f8e</load_address>
         <run_address>0x7f8e</run_address>
         <size>0x90</size>
         <input_file_ref idref="fl-11"/>
      </object_component>
      <object_component id="oc-328">
         <name>.text:IPPutHeader</name>
         <load_address>0x801e</load_address>
         <run_address>0x801e</run_address>
         <size>0x8e</size>
         <input_file_ref idref="fl-5"/>
      </object_component>
      <object_component id="oc-10e">
         <name>.text:TFTPTask</name>
         <load_address>0x80ac</load_address>
         <run_address>0x80ac</run_address>
         <size>0x82</size>
         <input_file_ref idref="fl-9"/>
      </object_component>
      <object_component id="oc-19c">
         <name>.text:ICMPProcess</name>
         <load_address>0x812e</load_address>
         <run_address>0x812e</run_address>
         <size>0x80</size>
         <input_file_ref idref="fl-6"/>
      </object_component>
      <object_component id="oc-586">
         <name>.text:free</name>
         <load_address>0x81ae</load_address>
         <run_address>0x81ae</run_address>
         <size>0x80</size>
         <input_file_ref idref="fl-4d"/>
      </object_component>
      <object_component id="oc-319">
         <name>.text:MACCalcRxChecksum</name>
         <load_address>0x822e</load_address>
         <run_address>0x822e</run_address>
         <size>0x7e</size>
         <input_file_ref idref="fl-11"/>
      </object_component>
      <object_component id="oc-9e">
         <name>.text:main</name>
         <load_address>0x82ac</load_address>
         <run_address>0x82ac</run_address>
         <size>0x7c</size>
         <input_file_ref idref="fl-9"/>
      </object_component>
      <object_component id="oc-3aa">
         <name>.text:FindMatchingSocket</name>
         <load_address>0x8328</load_address>
         <run_address>0x8328</run_address>
         <size>0x78</size>
         <input_file_ref idref="fl-2"/>
      </object_component>
      <object_component id="oc-35e">
         <name>.text:ARPPut</name>
         <load_address>0x83a0</load_address>
         <run_address>0x83a0</run_address>
         <size>0x70</size>
         <input_file_ref idref="fl-8"/>
      </object_component>
      <object_component id="oc-4e1">
         <name>.text:MACPutHeader</name>
         <load_address>0x8410</load_address>
         <run_address>0x8410</run_address>
         <size>0x70</size>
         <input_file_ref idref="fl-11"/>
      </object_component>
      <object_component id="oc-99">
         <name>.text:_auto_init</name>
         <load_address>0x8480</load_address>
         <run_address>0x8480</run_address>
         <size>0x70</size>
         <input_file_ref idref="fl-55"/>
      </object_component>
      <object_component id="oc-d5">
         <name>.text:InitializeClocks</name>
         <load_address>0x84f0</load_address>
         <run_address>0x84f0</run_address>
         <size>0x64</size>
         <input_file_ref idref="fl-d"/>
      </object_component>
      <object_component id="oc-536">
         <name>.text:_TFTPSendFileName</name>
         <load_address>0x8554</load_address>
         <run_address>0x8554</run_address>
         <size>0x64</size>
         <input_file_ref idref="fl-3"/>
      </object_component>
      <object_component id="oc-30d">
         <name>.text:ARPResolve</name>
         <load_address>0x85b8</load_address>
         <run_address>0x85b8</run_address>
         <size>0x62</size>
         <input_file_ref idref="fl-8"/>
      </object_component>
      <object_component id="oc-239">
         <name>.text:WritePHYReg</name>
         <load_address>0x861a</load_address>
         <run_address>0x861a</run_address>
         <size>0x5e</size>
         <input_file_ref idref="fl-11"/>
      </object_component>
      <object_component id="oc-e9">
         <name>.text:InitAppConfig</name>
         <load_address>0x8678</load_address>
         <run_address>0x8678</run_address>
         <size>0x5a</size>
         <input_file_ref idref="fl-e"/>
      </object_component>
      <object_component id="oc-3c8">
         <name>.text:TFTPOpenFile</name>
         <load_address>0x86d2</load_address>
         <run_address>0x86d2</run_address>
         <size>0x58</size>
         <input_file_ref idref="fl-3"/>
      </object_component>
      <object_component id="oc-67f">
         <name>.text</name>
         <load_address>0x872a</load_address>
         <run_address>0x872a</run_address>
         <size>0x58</size>
         <input_file_ref idref="fl-57"/>
      </object_component>
      <object_component id="oc-323">
         <name>.text:MACSetWritePtr</name>
         <load_address>0x8782</load_address>
         <run_address>0x8782</run_address>
         <size>0x56</size>
         <input_file_ref idref="fl-11"/>
      </object_component>
      <object_component id="oc-2fb">
         <name>.text:ARPIsResolved</name>
         <load_address>0x87d8</load_address>
         <run_address>0x87d8</run_address>
         <size>0x54</size>
         <input_file_ref idref="fl-8"/>
      </object_component>
      <object_component id="oc-640">
         <name>.text:MACSetReadPtr</name>
         <load_address>0x882c</load_address>
         <run_address>0x882c</run_address>
         <size>0x52</size>
         <input_file_ref idref="fl-11"/>
      </object_component>
      <object_component id="oc-426">
         <name>.text:ReadMACReg</name>
         <load_address>0x887e</load_address>
         <run_address>0x887e</run_address>
         <size>0x50</size>
         <input_file_ref idref="fl-11"/>
      </object_component>
      <object_component id="oc-216">
         <name>.text:SendSystemReset</name>
         <load_address>0x88ce</load_address>
         <run_address>0x88ce</run_address>
         <size>0x4e</size>
         <input_file_ref idref="fl-11"/>
      </object_component>
      <object_component id="oc-314">
         <name>.text:MACGetArray</name>
         <load_address>0x891c</load_address>
         <run_address>0x891c</run_address>
         <size>0x4a</size>
         <input_file_ref idref="fl-11"/>
      </object_component>
      <object_component id="oc-32d">
         <name>.text:MACPutArray</name>
         <load_address>0x8966</load_address>
         <run_address>0x8966</run_address>
         <size>0x4a</size>
         <input_file_ref idref="fl-11"/>
      </object_component>
      <object_component id="oc-344">
         <name>.text:MACDiscardRx</name>
         <load_address>0x89b0</load_address>
         <run_address>0x89b0</run_address>
         <size>0x46</size>
         <input_file_ref idref="fl-11"/>
      </object_component>
      <object_component id="oc-410">
         <name>.text:BFCReg</name>
         <load_address>0x89f6</load_address>
         <run_address>0x89f6</run_address>
         <size>0x40</size>
         <input_file_ref idref="fl-11"/>
      </object_component>
      <object_component id="oc-23e">
         <name>.text:BFSReg</name>
         <load_address>0x8a36</load_address>
         <run_address>0x8a36</run_address>
         <size>0x40</size>
         <input_file_ref idref="fl-11"/>
      </object_component>
      <object_component id="oc-131">
         <name>.text:SetVCore</name>
         <load_address>0x8a76</load_address>
         <run_address>0x8a76</run_address>
         <size>0x40</size>
         <input_file_ref idref="fl-b"/>
      </object_component>
      <object_component id="oc-223">
         <name>.text:WriteReg</name>
         <load_address>0x8ab6</load_address>
         <run_address>0x8ab6</run_address>
         <size>0x40</size>
         <input_file_ref idref="fl-11"/>
      </object_component>
      <object_component id="oc-a9">
         <name>.text:__memcpy_far</name>
         <load_address>0x8af6</load_address>
         <run_address>0x8af6</run_address>
         <size>0x40</size>
         <input_file_ref idref="fl-36"/>
      </object_component>
      <object_component id="oc-81">
         <name>.text:decompress:ZI:__TI_zero_init</name>
         <load_address>0x8b36</load_address>
         <run_address>0x8b36</run_address>
         <size>0x3e</size>
         <input_file_ref idref="fl-35"/>
      </object_component>
      <object_component id="oc-46b">
         <name>.text:l_lsr_const</name>
         <load_address>0x8b74</load_address>
         <run_address>0x8b74</run_address>
         <size>0x3e</size>
         <input_file_ref idref="fl-4b"/>
      </object_component>
      <object_component id="oc-228">
         <name>.text:MACPut</name>
         <load_address>0x8bb2</load_address>
         <run_address>0x8bb2</run_address>
         <size>0x3c</size>
         <input_file_ref idref="fl-11"/>
      </object_component>
      <object_component id="oc-21b">
         <name>.text:ReadETHReg</name>
         <load_address>0x8bee</load_address>
         <run_address>0x8bee</run_address>
         <size>0x3c</size>
         <input_file_ref idref="fl-11"/>
      </object_component>
      <object_component id="oc-7c">
         <name>.text:decompress:none:__TI_decompress_none</name>
         <load_address>0x8c2a</load_address>
         <run_address>0x8c2a</run_address>
         <size>0x3c</size>
         <input_file_ref idref="fl-33"/>
      </object_component>
      <object_component id="oc-162">
         <name>.text:DHCPInit</name>
         <load_address>0x8c66</load_address>
         <run_address>0x8c66</run_address>
         <size>0x3a</size>
         <input_file_ref idref="fl-7"/>
      </object_component>
      <object_component id="oc-3b7">
         <name>.text:minit</name>
         <load_address>0x8ca0</load_address>
         <run_address>0x8ca0</run_address>
         <size>0x38</size>
         <input_file_ref idref="fl-4d"/>
      </object_component>
      <object_component id="oc-ee">
         <name>.text:InitializeEthSpi</name>
         <load_address>0x8cd8</load_address>
         <run_address>0x8cd8</run_address>
         <size>0x36</size>
         <input_file_ref idref="fl-d"/>
      </object_component>
      <object_component id="oc-f3">
         <name>.text:StackInit</name>
         <load_address>0x8d0e</load_address>
         <run_address>0x8d0e</run_address>
         <size>0x36</size>
         <input_file_ref idref="fl-4"/>
      </object_component>
      <object_component id="oc-4e8">
         <name>.text:MACGet</name>
         <load_address>0x8d44</load_address>
         <run_address>0x8d44</run_address>
         <size>0x34</size>
         <input_file_ref idref="fl-11"/>
      </object_component>
      <object_component id="oc-24d">
         <name>.text:UDPClose</name>
         <load_address>0x8d78</load_address>
         <run_address>0x8d78</run_address>
         <size>0x34</size>
         <input_file_ref idref="fl-2"/>
      </object_component>
      <object_component id="oc-296">
         <name>.text:UDPIsPutReady</name>
         <load_address>0x8dac</load_address>
         <run_address>0x8dac</run_address>
         <size>0x34</size>
         <input_file_ref idref="fl-2"/>
      </object_component>
      <object_component id="oc-389">
         <name>.text:MACSetReadPtrInRx</name>
         <load_address>0x8de0</load_address>
         <run_address>0x8de0</run_address>
         <size>0x30</size>
         <input_file_ref idref="fl-11"/>
      </object_component>
      <object_component id="oc-4a1">
         <name>.text:UDPPutArray</name>
         <load_address>0x8e10</load_address>
         <run_address>0x8e10</run_address>
         <size>0x30</size>
         <input_file_ref idref="fl-2"/>
      </object_component>
      <object_component id="oc-39b">
         <name>.text:CalcIPChecksum</name>
         <load_address>0x8e40</load_address>
         <run_address>0x8e40</run_address>
         <size>0x2e</size>
         <input_file_ref idref="fl-5"/>
      </object_component>
      <object_component id="oc-581">
         <name>.text:Flash_write8</name>
         <load_address>0x8e6e</load_address>
         <run_address>0x8e6e</run_address>
         <size>0x2e</size>
         <input_file_ref idref="fl-c"/>
      </object_component>
      <object_component id="oc-480">
         <name>.text:GetTickCopy</name>
         <load_address>0x8e9c</load_address>
         <run_address>0x8e9c</run_address>
         <size>0x2e</size>
         <input_file_ref idref="fl-f"/>
      </object_component>
      <object_component id="oc-456">
         <name>.text:UDPGetArray</name>
         <load_address>0x8eca</load_address>
         <run_address>0x8eca</run_address>
         <size>0x2e</size>
         <input_file_ref idref="fl-2"/>
      </object_component>
      <object_component id="oc-57c">
         <name>.text:Flash_segmentErase</name>
         <load_address>0x8ef8</load_address>
         <run_address>0x8ef8</run_address>
         <size>0x2c</size>
         <input_file_ref idref="fl-c"/>
      </object_component>
      <object_component id="oc-38e">
         <name>.text:SwapIPHeader</name>
         <load_address>0x8f24</load_address>
         <run_address>0x8f24</run_address>
         <size>0x2c</size>
         <input_file_ref idref="fl-5"/>
      </object_component>
      <object_component id="oc-3cf">
         <name>.text:TFTPGet</name>
         <load_address>0x8f50</load_address>
         <run_address>0x8f50</run_address>
         <size>0x2c</size>
         <input_file_ref idref="fl-3"/>
      </object_component>
      <object_component id="oc-349">
         <name>.text:SwapARPPacket</name>
         <load_address>0x8f7c</load_address>
         <run_address>0x8f7c</run_address>
         <size>0x2a</size>
         <input_file_ref idref="fl-8"/>
      </object_component>
      <object_component id="oc-44e">
         <name>.text:UDPGet</name>
         <load_address>0x8fa6</load_address>
         <run_address>0x8fa6</run_address>
         <size>0x2a</size>
         <input_file_ref idref="fl-2"/>
      </object_component>
      <object_component id="oc-5e3">
         <name>.text:_TFTPSendAck</name>
         <load_address>0x8fd0</load_address>
         <run_address>0x8fd0</run_address>
         <size>0x2a</size>
         <input_file_ref idref="fl-3"/>
      </object_component>
      <object_component id="oc-1e8">
         <name>.text:TFTPOpen</name>
         <load_address>0x8ffa</load_address>
         <run_address>0x8ffa</run_address>
         <size>0x28</size>
         <input_file_ref idref="fl-3"/>
      </object_component>
      <object_component id="oc-300">
         <name>.text:TickGetDiv256</name>
         <load_address>0x9022</load_address>
         <run_address>0x9022</run_address>
         <size>0x28</size>
         <input_file_ref idref="fl-f"/>
      </object_component>
      <object_component id="oc-26e">
         <name>.text:UDPIsGetReady</name>
         <load_address>0x904a</load_address>
         <run_address>0x904a</run_address>
         <size>0x28</size>
         <input_file_ref idref="fl-2"/>
      </object_component>
      <object_component id="oc-49a">
         <name>.text:UDPPut</name>
         <load_address>0x9072</load_address>
         <run_address>0x9072</run_address>
         <size>0x26</size>
         <input_file_ref idref="fl-2"/>
      </object_component>
      <object_component id="oc-22d">
         <name>.text:BankSel</name>
         <load_address>0x9098</load_address>
         <run_address>0x9098</run_address>
         <size>0x22</size>
         <input_file_ref idref="fl-11"/>
      </object_component>
      <object_component id="oc-e4">
         <name>.text:InitializeIO</name>
         <load_address>0x90ba</load_address>
         <run_address>0x90ba</run_address>
         <size>0x22</size>
         <input_file_ref idref="fl-a"/>
      </object_component>
      <object_component id="oc-67b">
         <name>.text</name>
         <load_address>0x90dc</load_address>
         <run_address>0x90dc</run_address>
         <size>0x22</size>
         <input_file_ref idref="fl-59"/>
      </object_component>
      <object_component id="oc-378">
         <name>.text:swaps</name>
         <load_address>0x90fe</load_address>
         <run_address>0x90fe</run_address>
         <size>0x22</size>
         <input_file_ref idref="fl-12"/>
      </object_component>
      <object_component id="oc-158">
         <name>.text:ARPInit</name>
         <load_address>0x9120</load_address>
         <run_address>0x9120</run_address>
         <size>0x20</size>
         <input_file_ref idref="fl-8"/>
      </object_component>
      <object_component id="oc-1a6">
         <name>.text:UDPDiscard</name>
         <load_address>0x9140</load_address>
         <run_address>0x9140</run_address>
         <size>0x1e</size>
         <input_file_ref idref="fl-2"/>
      </object_component>
      <object_component id="oc-337">
         <name>.text:MACIsMemCopyDone</name>
         <load_address>0x915e</load_address>
         <run_address>0x915e</run_address>
         <size>0x1c</size>
         <input_file_ref idref="fl-11"/>
      </object_component>
      <object_component id="oc-15d">
         <name>.text:UDPInit</name>
         <load_address>0x917a</load_address>
         <run_address>0x917a</run_address>
         <size>0x1c</size>
         <input_file_ref idref="fl-2"/>
      </object_component>
      <object_component id="oc-31e">
         <name>.text:MACIsTxReady</name>
         <load_address>0x9196</load_address>
         <run_address>0x9196</run_address>
         <size>0x1a</size>
         <input_file_ref idref="fl-11"/>
      </object_component>
      <object_component id="oc-100">
         <name>.text:TFTPInit</name>
         <load_address>0x91b0</load_address>
         <run_address>0x91b0</run_address>
         <size>0x1a</size>
         <input_file_ref idref="fl-9"/>
      </object_component>
      <object_component id="oc-168">
         <name>.text:DHCPDisable</name>
         <load_address>0x91ca</load_address>
         <run_address>0x91ca</run_address>
         <size>0x18</size>
         <input_file_ref idref="fl-7"/>
      </object_component>
      <object_component id="oc-3c0">
         <name>.text:TFTPIsFileOpened</name>
         <load_address>0x91e2</load_address>
         <run_address>0x91e2</run_address>
         <size>0x16</size>
         <input_file_ref idref="fl-3"/>
      </object_component>
      <object_component id="oc-492">
         <name>.text:UDPSetTxBuffer</name>
         <load_address>0x91f8</load_address>
         <run_address>0x91f8</run_address>
         <size>0x16</size>
         <input_file_ref idref="fl-2"/>
      </object_component>
      <object_component id="oc-2d4">
         <name>.text</name>
         <load_address>0x920e</load_address>
         <run_address>0x920e</run_address>
         <size>0x16</size>
         <input_file_ref idref="fl-4f"/>
      </object_component>
      <object_component id="oc-174">
         <name>.text:MACIsLinked</name>
         <load_address>0x9224</load_address>
         <run_address>0x9224</run_address>
         <size>0x14</size>
         <input_file_ref idref="fl-11"/>
      </object_component>
      <object_component id="oc-61d">
         <name>.text:TickUpdate</name>
         <load_address>0x9238</load_address>
         <run_address>0x9238</run_address>
         <size>0x14</size>
         <input_file_ref idref="fl-f"/>
      </object_component>
      <object_component id="oc-446">
         <name>.text:UDPSetRxBuffer</name>
         <load_address>0x924c</load_address>
         <run_address>0x924c</run_address>
         <size>0x14</size>
         <input_file_ref idref="fl-2"/>
      </object_component>
      <object_component id="oc-2d9">
         <name>.text:memset</name>
         <load_address>0x9260</load_address>
         <run_address>0x9260</run_address>
         <size>0x14</size>
         <input_file_ref idref="fl-4e"/>
      </object_component>
      <object_component id="oc-34f">
         <name>.text:memcpy</name>
         <load_address>0x9274</load_address>
         <run_address>0x9274</run_address>
         <size>0x12</size>
         <input_file_ref idref="fl-4c"/>
      </object_component>
      <object_component id="oc-df">
         <name>.text:InitializeLeds</name>
         <load_address>0x9286</load_address>
         <run_address>0x9286</run_address>
         <size>0xe</size>
         <input_file_ref idref="fl-a"/>
      </object_component>
      <object_component id="oc-27b">
         <name>.text:TickGet</name>
         <load_address>0x9294</load_address>
         <run_address>0x9294</run_address>
         <size>0xe</size>
         <input_file_ref idref="fl-f"/>
      </object_component>
      <object_component id="oc-86">
         <name>.text:decompress:rle24:__TI_decompress_rle24</name>
         <load_address>0x92a2</load_address>
         <run_address>0x92a2</run_address>
         <size>0xe</size>
         <input_file_ref idref="fl-34"/>
      </object_component>
      <object_component id="oc-3a0">
         <name>.text:IPSetRxBuffer</name>
         <load_address>0x92b0</load_address>
         <run_address>0x92b0</run_address>
         <size>0xc</size>
         <input_file_ref idref="fl-5"/>
      </object_component>
      <object_component id="oc-1ee">
         <name>.text:ParserInit</name>
         <load_address>0x92bc</load_address>
         <run_address>0x92bc</run_address>
         <size>0xa</size>
         <input_file_ref idref="fl-10"/>
      </object_component>
      <object_component id="oc-188">
         <name>.text:DHCPIsBound</name>
         <load_address>0x92c6</load_address>
         <run_address>0x92c6</run_address>
         <size>0x8</size>
         <input_file_ref idref="fl-7"/>
      </object_component>
      <object_component id="oc-da">
         <name>.text:InitializeTimers</name>
         <load_address>0x92ce</load_address>
         <run_address>0x92ce</run_address>
         <size>0x8</size>
         <input_file_ref idref="fl-d"/>
      </object_component>
      <object_component id="oc-3d7">
         <name>.text:TFTPGetState</name>
         <load_address>0x92d6</load_address>
         <run_address>0x92d6</run_address>
         <size>0x6</size>
         <input_file_ref idref="fl-3"/>
      </object_component>
      <object_component id="oc-90">
         <name>.text:__TI_ISR_TRAP</name>
         <load_address>0x92dc</load_address>
         <run_address>0x92dc</run_address>
         <size>0x6</size>
         <input_file_ref idref="fl-4a"/>
      </object_component>
      <object_component id="oc-94">
         <name>.text:_system_pre_init</name>
         <load_address>0x92e2</load_address>
         <run_address>0x92e2</run_address>
         <size>0x4</size>
         <input_file_ref idref="fl-50"/>
      </object_component>
      <object_component id="oc-a3">
         <name>.text:abort</name>
         <load_address>0x92e6</load_address>
         <run_address>0x92e6</run_address>
         <size>0x4</size>
         <input_file_ref idref="fl-37"/>
      </object_component>
      <object_component id="oc-109">
         <name>.text:StackApplications</name>
         <load_address>0x92ea</load_address>
         <run_address>0x92ea</run_address>
         <size>0x2</size>
         <input_file_ref idref="fl-4"/>
      </object_component>
      <object_component id="oc-516">
         <name>.text:_nop</name>
         <load_address>0x92ec</load_address>
         <run_address>0x92ec</run_address>
         <size>0x2</size>
         <input_file_ref idref="fl-53"/>
      </object_component>
      <object_component id="oc-6c">
         <name>.text:_isr:_c_int00_noexit</name>
         <load_address>0x5d06</load_address>
         <run_address>0x5d06</run_address>
         <size>0x1a</size>
         <input_file_ref idref="fl-32"/>
      </object_component>
      <object_component id="oc-702">
         <name>.cinit..data.load</name>
         <load_address>0x92ee</load_address>
         <run_address>0x92ee</run_address>
         <size>0x1f</size>
      </object_component>
      <object_component id="oc-6ff">
         <name>__TI_handler_table</name>
         <load_address>0x930e</load_address>
         <run_address>0x930e</run_address>
         <size>0xc</size>
      </object_component>
      <object_component id="oc-701">
         <name>.cinit..bss.load</name>
         <load_address>0x931a</load_address>
         <run_address>0x931a</run_address>
         <size>0x6</size>
      </object_component>
      <object_component id="oc-700">
         <name>__TI_cinit_table</name>
         <load_address>0x9320</load_address>
         <run_address>0x9320</run_address>
         <size>0x10</size>
      </object_component>
      <object_component id="oc-679">
         <name>.const:.string:_ctypes_</name>
         <load_address>0x5c00</load_address>
         <run_address>0x5c00</run_address>
         <size>0x102</size>
         <input_file_ref idref="fl-56"/>
      </object_component>
      <object_component id="oc-50e">
         <name>.const</name>
         <load_address>0x5d02</load_address>
         <run_address>0x5d02</run_address>
         <size>0x4</size>
         <input_file_ref idref="fl-11"/>
      </object_component>
      <object_component id="oc-65">
         <name>.int41</name>
         <load_address>0xffd2</load_address>
         <run_address>0xffd2</run_address>
         <size>0x2</size>
         <input_file_ref idref="fl-38"/>
      </object_component>
      <object_component id="oc-66">
         <name>.int42</name>
         <load_address>0xffd4</load_address>
         <run_address>0xffd4</run_address>
         <size>0x2</size>
         <input_file_ref idref="fl-39"/>
      </object_component>
      <object_component id="oc-67">
         <name>.int45</name>
         <load_address>0xffda</load_address>
         <run_address>0xffda</run_address>
         <size>0x2</size>
         <input_file_ref idref="fl-3a"/>
      </object_component>
      <object_component id="oc-68">
         <name>.int46</name>
         <load_address>0xffdc</load_address>
         <run_address>0xffdc</run_address>
         <size>0x2</size>
         <input_file_ref idref="fl-3b"/>
      </object_component>
      <object_component id="oc-69">
         <name>.int47</name>
         <load_address>0xffde</load_address>
         <run_address>0xffde</run_address>
         <size>0x2</size>
         <input_file_ref idref="fl-3c"/>
      </object_component>
      <object_component id="oc-6a">
         <name>.int48</name>
         <load_address>0xffe0</load_address>
         <run_address>0xffe0</run_address>
         <size>0x2</size>
         <input_file_ref idref="fl-3d"/>
      </object_component>
      <object_component id="oc-6b">
         <name>.int49</name>
         <load_address>0xffe2</load_address>
         <run_address>0xffe2</run_address>
         <size>0x2</size>
         <input_file_ref idref="fl-3e"/>
      </object_component>
      <object_component id="oc-71">
         <name>.int50</name>
         <load_address>0xffe4</load_address>
         <run_address>0xffe4</run_address>
         <size>0x2</size>
         <input_file_ref idref="fl-3f"/>
      </object_component>
      <object_component id="oc-72">
         <name>.int53</name>
         <load_address>0xffea</load_address>
         <run_address>0xffea</run_address>
         <size>0x2</size>
         <input_file_ref idref="fl-40"/>
      </object_component>
      <object_component id="oc-73">
         <name>.int54</name>
         <load_address>0xffec</load_address>
         <run_address>0xffec</run_address>
         <size>0x2</size>
         <input_file_ref idref="fl-41"/>
      </object_component>
      <object_component id="oc-74">
         <name>.int55</name>
         <load_address>0xffee</load_address>
         <run_address>0xffee</run_address>
         <size>0x2</size>
         <input_file_ref idref="fl-42"/>
      </object_component>
      <object_component id="oc-75">
         <name>.int56</name>
         <load_address>0xfff0</load_address>
         <run_address>0xfff0</run_address>
         <size>0x2</size>
         <input_file_ref idref="fl-43"/>
      </object_component>
      <object_component id="oc-76">
         <name>.int57</name>
         <load_address>0xfff2</load_address>
         <run_address>0xfff2</run_address>
         <size>0x2</size>
         <input_file_ref idref="fl-44"/>
      </object_component>
      <object_component id="oc-77">
         <name>.int58</name>
         <load_address>0xfff4</load_address>
         <run_address>0xfff4</run_address>
         <size>0x2</size>
         <input_file_ref idref="fl-45"/>
      </object_component>
      <object_component id="oc-78">
         <name>.int59</name>
         <load_address>0xfff6</load_address>
         <run_address>0xfff6</run_address>
         <size>0x2</size>
         <input_file_ref idref="fl-46"/>
      </object_component>
      <object_component id="oc-79">
         <name>.int60</name>
         <load_address>0xfff8</load_address>
         <run_address>0xfff8</run_address>
         <size>0x2</size>
         <input_file_ref idref="fl-47"/>
      </object_component>
      <object_component id="oc-7a">
         <name>.int61</name>
         <load_address>0xfffa</load_address>
         <run_address>0xfffa</run_address>
         <size>0x2</size>
         <input_file_ref idref="fl-48"/>
      </object_component>
      <object_component id="oc-7b">
         <name>.int62</name>
         <load_address>0xfffc</load_address>
         <run_address>0xfffc</run_address>
         <size>0x2</size>
         <input_file_ref idref="fl-49"/>
      </object_component>
      <object_component id="oc-8d">
         <name>.reset</name>
         <load_address>0xfffe</load_address>
         <run_address>0xfffe</run_address>
         <size>0x2</size>
         <input_file_ref idref="fl-32"/>
      </object_component>
      <object_component id="oc-638">
         <name>.common:wPutOffset</name>
         <uninitialized>true</uninitialized>
         <run_address>0x228a</run_address>
         <size>0x2</size>
      </object_component>
      <object_component id="oc-61a">
         <name>.common:wGetOffset</name>
         <uninitialized>true</uninitialized>
         <run_address>0x2288</run_address>
         <size>0x2</size>
      </object_component>
      <object_component id="oc-445">
         <name>.common:Flags</name>
         <uninitialized>true</uninitialized>
         <run_address>0x228d</run_address>
         <size>0x1</size>
      </object_component>
      <object_component id="oc-48e">
         <name>.common:NextPort$1</name>
         <uninitialized>true</uninitialized>
         <run_address>0x2260</run_address>
         <size>0x2</size>
      </object_component>
      <object_component id="oc-63c">
         <name>.common:UDPSocketInfo</name>
         <uninitialized>true</uninitialized>
         <run_address>0x2126</run_address>
         <size>0xc0</size>
      </object_component>
      <object_component id="oc-63b">
         <name>.common:activeUDPSocket</name>
         <uninitialized>true</uninitialized>
         <run_address>0x2291</run_address>
         <size>0x1</size>
      </object_component>
      <object_component id="oc-645">
         <name>.common:UDPTxCount</name>
         <uninitialized>true</uninitialized>
         <run_address>0x2264</run_address>
         <size>0x2</size>
      </object_component>
      <object_component id="oc-618">
         <name>.common:UDPRxCount</name>
         <uninitialized>true</uninitialized>
         <run_address>0x2262</run_address>
         <size>0x2</size>
      </object_component>
      <object_component id="oc-671">
         <name>.common:MutExVar</name>
         <uninitialized>true</uninitialized>
         <run_address>0x222c</run_address>
         <size>0xa</size>
      </object_component>
      <object_component id="oc-66e">
         <name>.common:_tftpState</name>
         <uninitialized>true</uninitialized>
         <run_address>0x226c</run_address>
         <size>0x2</size>
      </object_component>
      <object_component id="oc-664">
         <name>.common:_tftpRetries</name>
         <uninitialized>true</uninitialized>
         <run_address>0x228f</run_address>
         <size>0x1</size>
      </object_component>
      <object_component id="oc-658">
         <name>.common:_tftpStartTick</name>
         <uninitialized>true</uninitialized>
         <run_address>0x2258</run_address>
         <size>0x4</size>
      </object_component>
      <object_component id="oc-66d">
         <name>.common:_tftpFlags</name>
         <uninitialized>true</uninitialized>
         <run_address>0x226a</run_address>
         <size>0x2</size>
      </object_component>
      <object_component id="oc-670">
         <name>.common:_tftpSocket</name>
         <uninitialized>true</uninitialized>
         <run_address>0x2290</run_address>
         <size>0x1</size>
      </object_component>
      <object_component id="oc-65b">
         <name>.common:_tftpError</name>
         <uninitialized>true</uninitialized>
         <run_address>0x2268</run_address>
         <size>0x2</size>
      </object_component>
      <object_component id="oc-14f">
         <name>.common:smStack</name>
         <uninitialized>true</uninitialized>
         <run_address>0x2280</run_address>
         <size>0x2</size>
      </object_component>
      <object_component id="oc-1b7">
         <name>.common:remoteNode</name>
         <uninitialized>true</uninitialized>
         <run_address>0x2240</run_address>
         <size>0xa</size>
      </object_component>
      <object_component id="oc-50c">
         <name>.common:IPHeaderLen</name>
         <uninitialized>true</uninitialized>
         <run_address>0x228e</run_address>
         <size>0x1</size>
      </object_component>
      <object_component id="oc-4ae">
         <name>.common:DHCPClient</name>
         <uninitialized>true</uninitialized>
         <run_address>0x2000</run_address>
         <size>0x126</size>
      </object_component>
      <object_component id="oc-4c9">
         <name>.common:Cache</name>
         <uninitialized>true</uninitialized>
         <run_address>0x2222</run_address>
         <size>0xa</size>
      </object_component>
      <object_component id="oc-35d">
         <name>.common:Target$1</name>
         <uninitialized>true</uninitialized>
         <run_address>0x2236</run_address>
         <size>0xa</size>
      </object_component>
      <object_component id="oc-3ef">
         <name>.common:bytesReceived</name>
         <uninitialized>true</uninitialized>
         <run_address>0x2272</run_address>
         <size>0x2</size>
      </object_component>
      <object_component id="oc-3f1">
         <name>.common:blockRead</name>
         <uninitialized>true</uninitialized>
         <run_address>0x226e</run_address>
         <size>0x2</size>
      </object_component>
      <object_component id="oc-3f0">
         <name>.common:parserStatus</name>
         <uninitialized>true</uninitialized>
         <run_address>0x227c</run_address>
         <size>0x2</size>
      </object_component>
      <object_component id="oc-3e7">
         <name>.common:tftpBuffer</name>
         <uninitialized>true</uninitialized>
         <run_address>0x2286</run_address>
         <size>0x2</size>
      </object_component>
      <object_component id="oc-3e8">
         <name>.common:currentPtr$3</name>
         <uninitialized>true</uninitialized>
         <run_address>0x2276</run_address>
         <size>0x2</size>
      </object_component>
      <object_component id="oc-64b">
         <name>.common:AppConfig</name>
         <uninitialized>true</uninitialized>
         <run_address>0x21e6</run_address>
         <size>0x3c</size>
      </object_component>
      <object_component id="oc-627">
         <name>.common:vTickReading</name>
         <uninitialized>true</uninitialized>
         <run_address>0x2252</run_address>
         <size>0x6</size>
      </object_component>
      <object_component id="oc-5ca">
         <name>.common:bufferTxtFile</name>
         <uninitialized>true</uninitialized>
         <run_address>0x2270</run_address>
         <size>0x2</size>
      </object_component>
      <object_component id="oc-5d6">
         <name>.common:parserStatus</name>
         <uninitialized>true</uninitialized>
         <run_address>0x227e</run_address>
         <size>0x2</size>
      </object_component>
      <object_component id="oc-5c3">
         <name>.common:currentCodePtr$1</name>
         <uninitialized>true</uninitialized>
         <run_address>0x2274</run_address>
         <size>0x2</size>
      </object_component>
      <object_component id="oc-5cd">
         <name>.common:currentTxtPtr$2</name>
         <uninitialized>true</uninitialized>
         <run_address>0x2278</run_address>
         <size>0x2</size>
      </object_component>
      <object_component id="oc-5c7">
         <name>.common:textBuf$3</name>
         <uninitialized>true</uninitialized>
         <run_address>0x224a</run_address>
         <size>0x8</size>
      </object_component>
      <object_component id="oc-5d0">
         <name>.common:nNewlineChar$4</name>
         <uninitialized>true</uninitialized>
         <run_address>0x2294</run_address>
         <size>0x1</size>
      </object_component>
      <object_component id="oc-5d1">
         <name>.common:nWhitespaceChar$5</name>
         <uninitialized>true</uninitialized>
         <run_address>0x2296</run_address>
         <size>0x1</size>
      </object_component>
      <object_component id="oc-5cf">
         <name>.common:nNibble$6</name>
         <uninitialized>true</uninitialized>
         <run_address>0x2295</run_address>
         <size>0x1</size>
      </object_component>
      <object_component id="oc-5d2">
         <name>.common:c$13</name>
         <uninitialized>true</uninitialized>
         <run_address>0x2293</run_address>
         <size>0x1</size>
      </object_component>
      <object_component id="oc-5ab">
         <name>.common:v$14</name>
         <uninitialized>true</uninitialized>
         <run_address>0x2297</run_address>
         <size>0x1</size>
      </object_component>
      <object_component id="oc-591">
         <name>.common:aux$15</name>
         <uninitialized>true</uninitialized>
         <run_address>0x2292</run_address>
         <size>0x1</size>
      </object_component>
      <object_component id="oc-4f6">
         <name>.common:NextPacketLocation</name>
         <uninitialized>true</uninitialized>
         <run_address>0x225e</run_address>
         <size>0x2</size>
      </object_component>
      <object_component id="oc-504">
         <name>.common:CurrentPacketLocation</name>
         <uninitialized>true</uninitialized>
         <run_address>0x225c</run_address>
         <size>0x2</size>
      </object_component>
      <object_component id="oc-4f5">
         <name>.common:WasDiscarded</name>
         <uninitialized>true</uninitialized>
         <run_address>0x2266</run_address>
         <size>0x2</size>
      </object_component>
      <object_component id="oc-4f0">
         <name>.common:ENCRevID</name>
         <uninitialized>true</uninitialized>
         <run_address>0x228c</run_address>
         <size>0x1</size>
      </object_component>
      <object_component id="oc-677">
         <name>.common:sys_free</name>
         <uninitialized>true</uninitialized>
         <run_address>0x2284</run_address>
         <size>0x2</size>
      </object_component>
      <object_component id="oc-524">
         <name>.common:sys_base</name>
         <uninitialized>true</uninitialized>
         <run_address>0x2282</run_address>
         <size>0x2</size>
      </object_component>
      <object_component id="oc-523">
         <name>.common:memsize</name>
         <uninitialized>true</uninitialized>
         <run_address>0x227a</run_address>
         <size>0x2</size>
      </object_component>
      <object_component id="oc-105">
         <name>.data</name>
         <load_address>0x22a6</load_address>
         <run_address>0x22a6</run_address>
         <size>0x8</size>
         <input_file_ref idref="fl-9"/>
      </object_component>
      <object_component id="oc-179">
         <name>.data</name>
         <load_address>0x22c0</load_address>
         <run_address>0x22c0</run_address>
         <size>0x2</size>
         <input_file_ref idref="fl-4"/>
      </object_component>
      <object_component id="oc-255">
         <name>.data</name>
         <load_address>0x22bc</load_address>
         <run_address>0x22bc</run_address>
         <size>0x2</size>
         <input_file_ref idref="fl-7"/>
      </object_component>
      <object_component id="oc-343">
         <name>.data</name>
         <load_address>0x22ba</load_address>
         <run_address>0x22ba</run_address>
         <size>0x2</size>
         <input_file_ref idref="fl-8"/>
      </object_component>
      <object_component id="oc-36f">
         <name>.data</name>
         <load_address>0x22c2</load_address>
         <run_address>0x22c2</run_address>
         <size>0x2</size>
         <input_file_ref idref="fl-2"/>
      </object_component>
      <object_component id="oc-3b3">
         <name>.data</name>
         <load_address>0x22ae</load_address>
         <run_address>0x22ae</run_address>
         <size>0x8</size>
         <input_file_ref idref="fl-53"/>
      </object_component>
      <object_component id="oc-3b5">
         <name>.data</name>
         <load_address>0x22c6</load_address>
         <run_address>0x22c6</run_address>
         <size>0x2</size>
         <input_file_ref idref="fl-4d"/>
      </object_component>
      <object_component id="oc-4dd">
         <name>.data</name>
         <load_address>0x22be</load_address>
         <run_address>0x22be</run_address>
         <size>0x2</size>
         <input_file_ref idref="fl-5"/>
      </object_component>
      <object_component id="oc-54d">
         <name>.data</name>
         <load_address>0x2298</load_address>
         <run_address>0x2298</run_address>
         <size>0xe</size>
         <input_file_ref idref="fl-10"/>
      </object_component>
      <object_component id="oc-624">
         <name>.data</name>
         <load_address>0x22b6</load_address>
         <run_address>0x22b6</run_address>
         <size>0x4</size>
         <input_file_ref idref="fl-f"/>
      </object_component>
      <object_component id="oc-683">
         <name>.data</name>
         <load_address>0x22c4</load_address>
         <run_address>0x22c4</run_address>
         <size>0x2</size>
         <input_file_ref idref="fl-58"/>
      </object_component>
      <object_component id="oc-6d">
         <name>.debug_frame</name>
         <load_address>0x0</load_address>
         <run_address>0x0</run_address>
         <size>0x42</size>
         <input_file_ref idref="fl-32"/>
      </object_component>
      <object_component id="oc-7f">
         <name>.debug_frame</name>
         <load_address>0x42</load_address>
         <run_address>0x42</run_address>
         <size>0x56</size>
         <input_file_ref idref="fl-33"/>
      </object_component>
      <object_component id="oc-84">
         <name>.debug_frame</name>
         <load_address>0x98</load_address>
         <run_address>0x98</run_address>
         <size>0x50</size>
         <input_file_ref idref="fl-35"/>
      </object_component>
      <object_component id="oc-8a">
         <name>.debug_frame</name>
         <load_address>0xe8</load_address>
         <run_address>0xe8</run_address>
         <size>0x4d</size>
         <input_file_ref idref="fl-34"/>
      </object_component>
      <object_component id="oc-97">
         <name>.debug_frame</name>
         <load_address>0x135</load_address>
         <run_address>0x135</run_address>
         <size>0x47</size>
         <input_file_ref idref="fl-50"/>
      </object_component>
      <object_component id="oc-9a">
         <name>.debug_frame</name>
         <load_address>0x17c</load_address>
         <run_address>0x17c</run_address>
         <size>0x56</size>
         <input_file_ref idref="fl-55"/>
      </object_component>
      <object_component id="oc-a1">
         <name>.debug_frame</name>
         <load_address>0x1d2</load_address>
         <run_address>0x1d2</run_address>
         <size>0x47</size>
         <input_file_ref idref="fl-9"/>
      </object_component>
      <object_component id="oc-a7">
         <name>.debug_frame</name>
         <load_address>0x219</load_address>
         <run_address>0x219</run_address>
         <size>0x47</size>
         <input_file_ref idref="fl-37"/>
      </object_component>
      <object_component id="oc-be">
         <name>.debug_frame</name>
         <load_address>0x260</load_address>
         <run_address>0x260</run_address>
         <size>0x83</size>
         <input_file_ref idref="fl-34"/>
      </object_component>
      <object_component id="oc-d8">
         <name>.debug_frame</name>
         <load_address>0x2e3</load_address>
         <run_address>0x2e3</run_address>
         <size>0x47</size>
         <input_file_ref idref="fl-d"/>
      </object_component>
      <object_component id="oc-dd">
         <name>.debug_frame</name>
         <load_address>0x32a</load_address>
         <run_address>0x32a</run_address>
         <size>0x47</size>
         <input_file_ref idref="fl-d"/>
      </object_component>
      <object_component id="oc-e1">
         <name>.debug_frame</name>
         <load_address>0x371</load_address>
         <run_address>0x371</run_address>
         <size>0x47</size>
         <input_file_ref idref="fl-a"/>
      </object_component>
      <object_component id="oc-e7">
         <name>.debug_frame</name>
         <load_address>0x3b8</load_address>
         <run_address>0x3b8</run_address>
         <size>0x47</size>
         <input_file_ref idref="fl-a"/>
      </object_component>
      <object_component id="oc-ec">
         <name>.debug_frame</name>
         <load_address>0x3ff</load_address>
         <run_address>0x3ff</run_address>
         <size>0x47</size>
         <input_file_ref idref="fl-e"/>
      </object_component>
      <object_component id="oc-f0">
         <name>.debug_frame</name>
         <load_address>0x446</load_address>
         <run_address>0x446</run_address>
         <size>0x47</size>
         <input_file_ref idref="fl-d"/>
      </object_component>
      <object_component id="oc-f4">
         <name>.debug_frame</name>
         <load_address>0x48d</load_address>
         <run_address>0x48d</run_address>
         <size>0x47</size>
         <input_file_ref idref="fl-4"/>
      </object_component>
      <object_component id="oc-f9">
         <name>.debug_frame</name>
         <load_address>0x4d4</load_address>
         <run_address>0x4d4</run_address>
         <size>0x4e</size>
         <input_file_ref idref="fl-4"/>
      </object_component>
      <object_component id="oc-104">
         <name>.debug_frame</name>
         <load_address>0x522</load_address>
         <run_address>0x522</run_address>
         <size>0x47</size>
         <input_file_ref idref="fl-9"/>
      </object_component>
      <object_component id="oc-10a">
         <name>.debug_frame</name>
         <load_address>0x569</load_address>
         <run_address>0x569</run_address>
         <size>0x47</size>
         <input_file_ref idref="fl-4"/>
      </object_component>
      <object_component id="oc-111">
         <name>.debug_frame</name>
         <load_address>0x5b0</load_address>
         <run_address>0x5b0</run_address>
         <size>0x48</size>
         <input_file_ref idref="fl-9"/>
      </object_component>
      <object_component id="oc-134">
         <name>.debug_frame</name>
         <load_address>0x5f8</load_address>
         <run_address>0x5f8</run_address>
         <size>0x53</size>
         <input_file_ref idref="fl-b"/>
      </object_component>
      <object_component id="oc-154">
         <name>.debug_frame</name>
         <load_address>0x64b</load_address>
         <run_address>0x64b</run_address>
         <size>0x4e</size>
         <input_file_ref idref="fl-11"/>
      </object_component>
      <object_component id="oc-15b">
         <name>.debug_frame</name>
         <load_address>0x699</load_address>
         <run_address>0x699</run_address>
         <size>0x47</size>
         <input_file_ref idref="fl-8"/>
      </object_component>
      <object_component id="oc-160">
         <name>.debug_frame</name>
         <load_address>0x6e0</load_address>
         <run_address>0x6e0</run_address>
         <size>0x50</size>
         <input_file_ref idref="fl-2"/>
      </object_component>
      <object_component id="oc-163">
         <name>.debug_frame</name>
         <load_address>0x730</load_address>
         <run_address>0x730</run_address>
         <size>0x47</size>
         <input_file_ref idref="fl-7"/>
      </object_component>
      <object_component id="oc-169">
         <name>.debug_frame</name>
         <load_address>0x777</load_address>
         <run_address>0x777</run_address>
         <size>0x47</size>
         <input_file_ref idref="fl-7"/>
      </object_component>
      <object_component id="oc-175">
         <name>.debug_frame</name>
         <load_address>0x7be</load_address>
         <run_address>0x7be</run_address>
         <size>0x4d</size>
         <input_file_ref idref="fl-11"/>
      </object_component>
      <object_component id="oc-185">
         <name>.debug_frame</name>
         <load_address>0x80b</load_address>
         <run_address>0x80b</run_address>
         <size>0x58</size>
         <input_file_ref idref="fl-7"/>
      </object_component>
      <object_component id="oc-189">
         <name>.debug_frame</name>
         <load_address>0x863</load_address>
         <run_address>0x863</run_address>
         <size>0x47</size>
         <input_file_ref idref="fl-7"/>
      </object_component>
      <object_component id="oc-191">
         <name>.debug_frame</name>
         <load_address>0x8aa</load_address>
         <run_address>0x8aa</run_address>
         <size>0x54</size>
         <input_file_ref idref="fl-2"/>
      </object_component>
      <object_component id="oc-19e">
         <name>.debug_frame</name>
         <load_address>0x8fe</load_address>
         <run_address>0x8fe</run_address>
         <size>0x59</size>
         <input_file_ref idref="fl-6"/>
      </object_component>
      <object_component id="oc-1a4">
         <name>.debug_frame</name>
         <load_address>0x957</load_address>
         <run_address>0x957</run_address>
         <size>0x4d</size>
         <input_file_ref idref="fl-8"/>
      </object_component>
      <object_component id="oc-1a9">
         <name>.debug_frame</name>
         <load_address>0x9a4</load_address>
         <run_address>0x9a4</run_address>
         <size>0x47</size>
         <input_file_ref idref="fl-2"/>
      </object_component>
      <object_component id="oc-1ad">
         <name>.debug_frame</name>
         <load_address>0x9eb</load_address>
         <run_address>0x9eb</run_address>
         <size>0x5d</size>
         <input_file_ref idref="fl-11"/>
      </object_component>
      <object_component id="oc-1b5">
         <name>.debug_frame</name>
         <load_address>0xa48</load_address>
         <run_address>0xa48</run_address>
         <size>0x63</size>
         <input_file_ref idref="fl-5"/>
      </object_component>
      <object_component id="oc-1bb">
         <name>.debug_frame</name>
         <load_address>0xaab</load_address>
         <run_address>0xaab</run_address>
         <size>0x60</size>
         <input_file_ref idref="fl-2"/>
      </object_component>
      <object_component id="oc-1c9">
         <name>.debug_frame</name>
         <load_address>0xb0b</load_address>
         <run_address>0xb0b</run_address>
         <size>0x54</size>
         <input_file_ref idref="fl-4d"/>
      </object_component>
      <object_component id="oc-1e0">
         <name>.debug_frame</name>
         <load_address>0xb5f</load_address>
         <run_address>0xb5f</run_address>
         <size>0x54</size>
         <input_file_ref idref="fl-9"/>
      </object_component>
      <object_component id="oc-1e4">
         <name>.debug_frame</name>
         <load_address>0xbb3</load_address>
         <run_address>0xbb3</run_address>
         <size>0x4e</size>
         <input_file_ref idref="fl-3"/>
      </object_component>
      <object_component id="oc-1ea">
         <name>.debug_frame</name>
         <load_address>0xc01</load_address>
         <run_address>0xc01</run_address>
         <size>0x47</size>
         <input_file_ref idref="fl-3"/>
      </object_component>
      <object_component id="oc-1f0">
         <name>.debug_frame</name>
         <load_address>0xc48</load_address>
         <run_address>0xc48</run_address>
         <size>0x47</size>
         <input_file_ref idref="fl-10"/>
      </object_component>
      <object_component id="oc-208">
         <name>.debug_frame</name>
         <load_address>0xc8f</load_address>
         <run_address>0xc8f</run_address>
         <size>0x48</size>
         <input_file_ref idref="fl-b"/>
      </object_component>
      <object_component id="oc-20d">
         <name>.debug_frame</name>
         <load_address>0xcd7</load_address>
         <run_address>0xcd7</run_address>
         <size>0x48</size>
         <input_file_ref idref="fl-b"/>
      </object_component>
      <object_component id="oc-217">
         <name>.debug_frame</name>
         <load_address>0xd1f</load_address>
         <run_address>0xd1f</run_address>
         <size>0x4d</size>
         <input_file_ref idref="fl-11"/>
      </object_component>
      <object_component id="oc-21c">
         <name>.debug_frame</name>
         <load_address>0xd6c</load_address>
         <run_address>0xd6c</run_address>
         <size>0x47</size>
         <input_file_ref idref="fl-11"/>
      </object_component>
      <object_component id="oc-224">
         <name>.debug_frame</name>
         <load_address>0xdb3</load_address>
         <run_address>0xdb3</run_address>
         <size>0x4d</size>
         <input_file_ref idref="fl-11"/>
      </object_component>
      <object_component id="oc-229">
         <name>.debug_frame</name>
         <load_address>0xe00</load_address>
         <run_address>0xe00</run_address>
         <size>0x4d</size>
         <input_file_ref idref="fl-11"/>
      </object_component>
      <object_component id="oc-22e">
         <name>.debug_frame</name>
         <load_address>0xe4d</load_address>
         <run_address>0xe4d</run_address>
         <size>0x4d</size>
         <input_file_ref idref="fl-11"/>
      </object_component>
      <object_component id="oc-23a">
         <name>.debug_frame</name>
         <load_address>0xe9a</load_address>
         <run_address>0xe9a</run_address>
         <size>0x56</size>
         <input_file_ref idref="fl-11"/>
      </object_component>
      <object_component id="oc-23f">
         <name>.debug_frame</name>
         <load_address>0xef0</load_address>
         <run_address>0xef0</run_address>
         <size>0x4d</size>
         <input_file_ref idref="fl-11"/>
      </object_component>
      <object_component id="oc-250">
         <name>.debug_frame</name>
         <load_address>0xf3d</load_address>
         <run_address>0xf3d</run_address>
         <size>0x47</size>
         <input_file_ref idref="fl-2"/>
      </object_component>
      <object_component id="oc-267">
         <name>.debug_frame</name>
         <load_address>0xf84</load_address>
         <run_address>0xf84</run_address>
         <size>0x5a</size>
         <input_file_ref idref="fl-11"/>
      </object_component>
      <object_component id="oc-271">
         <name>.debug_frame</name>
         <load_address>0xfde</load_address>
         <run_address>0xfde</run_address>
         <size>0x47</size>
         <input_file_ref idref="fl-2"/>
      </object_component>
      <object_component id="oc-275">
         <name>.debug_frame</name>
         <load_address>0x1025</load_address>
         <run_address>0x1025</run_address>
         <size>0x5b</size>
         <input_file_ref idref="fl-7"/>
      </object_component>
      <object_component id="oc-27c">
         <name>.debug_frame</name>
         <load_address>0x1080</load_address>
         <run_address>0x1080</run_address>
         <size>0x47</size>
         <input_file_ref idref="fl-f"/>
      </object_component>
      <object_component id="oc-290">
         <name>.debug_frame</name>
         <load_address>0x10c7</load_address>
         <run_address>0x10c7</run_address>
         <size>0x57</size>
         <input_file_ref idref="fl-2"/>
      </object_component>
      <object_component id="oc-299">
         <name>.debug_frame</name>
         <load_address>0x111e</load_address>
         <run_address>0x111e</run_address>
         <size>0x50</size>
         <input_file_ref idref="fl-2"/>
      </object_component>
      <object_component id="oc-29c">
         <name>.debug_frame</name>
         <load_address>0x116e</load_address>
         <run_address>0x116e</run_address>
         <size>0x57</size>
         <input_file_ref idref="fl-7"/>
      </object_component>
      <object_component id="oc-2dd">
         <name>.debug_frame</name>
         <load_address>0x11c5</load_address>
         <run_address>0x11c5</run_address>
         <size>0x47</size>
         <input_file_ref idref="fl-4e"/>
      </object_component>
      <object_component id="oc-2fe">
         <name>.debug_frame</name>
         <load_address>0x120c</load_address>
         <run_address>0x120c</run_address>
         <size>0x47</size>
         <input_file_ref idref="fl-8"/>
      </object_component>
      <object_component id="oc-301">
         <name>.debug_frame</name>
         <load_address>0x1253</load_address>
         <run_address>0x1253</run_address>
         <size>0x4d</size>
         <input_file_ref idref="fl-f"/>
      </object_component>
      <object_component id="oc-310">
         <name>.debug_frame</name>
         <load_address>0x12a0</load_address>
         <run_address>0x12a0</run_address>
         <size>0x4d</size>
         <input_file_ref idref="fl-8"/>
      </object_component>
      <object_component id="oc-315">
         <name>.debug_frame</name>
         <load_address>0x12ed</load_address>
         <run_address>0x12ed</run_address>
         <size>0x4d</size>
         <input_file_ref idref="fl-11"/>
      </object_component>
      <object_component id="oc-31a">
         <name>.debug_frame</name>
         <load_address>0x133a</load_address>
         <run_address>0x133a</run_address>
         <size>0x5c</size>
         <input_file_ref idref="fl-11"/>
      </object_component>
      <object_component id="oc-31f">
         <name>.debug_frame</name>
         <load_address>0x1396</load_address>
         <run_address>0x1396</run_address>
         <size>0x4d</size>
         <input_file_ref idref="fl-11"/>
      </object_component>
      <object_component id="oc-324">
         <name>.debug_frame</name>
         <load_address>0x13e3</load_address>
         <run_address>0x13e3</run_address>
         <size>0x56</size>
         <input_file_ref idref="fl-11"/>
      </object_component>
      <object_component id="oc-32b">
         <name>.debug_frame</name>
         <load_address>0x1439</load_address>
         <run_address>0x1439</run_address>
         <size>0x5a</size>
         <input_file_ref idref="fl-5"/>
      </object_component>
      <object_component id="oc-32e">
         <name>.debug_frame</name>
         <load_address>0x1493</load_address>
         <run_address>0x1493</run_address>
         <size>0x4d</size>
         <input_file_ref idref="fl-11"/>
      </object_component>
      <object_component id="oc-333">
         <name>.debug_frame</name>
         <load_address>0x14e0</load_address>
         <run_address>0x14e0</run_address>
         <size>0x61</size>
         <input_file_ref idref="fl-11"/>
      </object_component>
      <object_component id="oc-338">
         <name>.debug_frame</name>
         <load_address>0x1541</load_address>
         <run_address>0x1541</run_address>
         <size>0x4d</size>
         <input_file_ref idref="fl-11"/>
      </object_component>
      <object_component id="oc-33d">
[...]
         <object_component_ref idref="oc-1e8"/>
      </symbol>
      <symbol id="sm-458">
         <name>remoteNode</name>
         <value>0x2240</value>
      </symbol>
      <symbol id="sm-459">
         <name>StackApplications</name>
         <value>0x92ea</value>
         <object_component_ref idref="oc-109"/>
      </symbol>
      <symbol id="sm-45a">
         <name>StackTask</name>
         <value>0x74c6</value>
         <object_component_ref idref="oc-f8"/>
      </symbol>
      <symbol id="sm-45b">
         <name>StackInit</name>
         <value>0x8d0e</value>
         <object_component_ref idref="oc-f3"/>
      </symbol>
      <symbol id="sm-491">
         <name>IPGetHeader</name>
         <value>0x7dbc</value>
         <object_component_ref idref="oc-1b2"/>
      </symbol>
      <symbol id="sm-492">
         <name>CalcIPChecksum</name>
         <value>0x8e40</value>
         <object_component_ref idref="oc-39b"/>
      </symbol>
      <symbol id="sm-493">
         <name>IPSetRxBuffer</name>
         <value>0x92b0</value>
         <object_component_ref idref="oc-3a0"/>
      </symbol>
      <symbol id="sm-494">
         <name>IPPutHeader</name>
         <value>0x801e</value>
         <object_component_ref idref="oc-328"/>
      </symbol>
      <symbol id="sm-4a2">
         <name>ICMPProcess</name>
         <value>0x812e</value>
         <object_component_ref idref="oc-19c"/>
      </symbol>
      <symbol id="sm-52b">
         <name>DHCPInit</name>
         <value>0x8c66</value>
         <object_component_ref idref="oc-162"/>
      </symbol>
      <symbol id="sm-52c">
         <name>DHCPDisable</name>
         <value>0x91ca</value>
         <object_component_ref idref="oc-168"/>
      </symbol>
      <symbol id="sm-52d">
         <name>DHCPIsBound</name>
         <value>0x92c6</value>
         <object_component_ref idref="oc-188"/>
      </symbol>
      <symbol id="sm-52e">
         <name>DHCPTask</name>
         <value>0x6148</value>
         <object_component_ref idref="oc-183"/>
      </symbol>
      <symbol id="sm-52f">
         <name>DHCPClientInitializedOnce</name>
         <value>0x22bc</value>
         <object_component_ref idref="oc-255"/>
      </symbol>
      <symbol id="sm-572">
         <name>ARPProcess</name>
         <value>0x77ac</value>
         <object_component_ref idref="oc-1a1"/>
      </symbol>
      <symbol id="sm-573">
         <name>SwapARPPacket</name>
         <value>0x8f7c</value>
         <object_component_ref idref="oc-349"/>
      </symbol>
      <symbol id="sm-574">
         <name>ARPInit</name>
         <value>0x9120</value>
         <object_component_ref idref="oc-158"/>
      </symbol>
      <symbol id="sm-575">
         <name>ARPResolve</name>
         <value>0x85b8</value>
         <object_component_ref idref="oc-30d"/>
      </symbol>
      <symbol id="sm-576">
         <name>ARPIsResolved</name>
         <value>0x87d8</value>
         <object_component_ref idref="oc-2fb"/>
      </symbol>
      <symbol id="sm-5c0">
         <name>TFTPInit</name>
         <value>0x91b0</value>
         <object_component_ref idref="oc-100"/>
      </symbol>
      <symbol id="sm-5c1">
         <name>isTFTPActivated</name>
         <value>0x22a8</value>
         <object_component_ref idref="oc-105"/>
      </symbol>
      <symbol id="sm-5c2">
         <name>TFTPTask</name>
         <value>0x80ac</value>
         <object_component_ref idref="oc-10e"/>
      </symbol>
      <symbol id="sm-5c3">
         <name>main</name>
         <value>0x82ac</value>
         <object_component_ref idref="oc-9e"/>
      </symbol>
      <symbol id="sm-5d1">
         <name>InitializeIO</name>
         <value>0x90ba</value>
         <object_component_ref idref="oc-e4"/>
      </symbol>
      <symbol id="sm-5d2">
         <name>InitializeLeds</name>
         <value>0x9286</value>
         <object_component_ref idref="oc-df"/>
      </symbol>
      <symbol id="sm-5f5">
         <name>SetVCore</name>
         <value>0x8a76</value>
         <object_component_ref idref="oc-131"/>
      </symbol>
      <symbol id="sm-5f6">
         <name>SetVCoreDown</name>
         <value>0x7e5a</value>
         <object_component_ref idref="oc-209"/>
      </symbol>
      <symbol id="sm-5f7">
         <name>SetVCoreUp</name>
         <value>0x795e</value>
         <object_component_ref idref="oc-204"/>
      </symbol>
      <symbol id="sm-60b">
         <name>Flash_segmentErase</name>
         <value>0x8ef8</value>
         <object_component_ref idref="oc-57c"/>
      </symbol>
      <symbol id="sm-60c">
         <name>Flash_write8</name>
         <value>0x8e6e</value>
         <object_component_ref idref="oc-581"/>
      </symbol>
      <symbol id="sm-622">
         <name>InitializeEthSpi</name>
         <value>0x8cd8</value>
         <object_component_ref idref="oc-ee"/>
      </symbol>
      <symbol id="sm-623">
         <name>InitializeTimers</name>
         <value>0x92ce</value>
         <object_component_ref idref="oc-da"/>
      </symbol>
      <symbol id="sm-624">
         <name>InitializeClocks</name>
         <value>0x84f0</value>
         <object_component_ref idref="oc-d5"/>
      </symbol>
      <symbol id="sm-62f">
         <name>AppConfig</name>
         <value>0x21e6</value>
      </symbol>
      <symbol id="sm-630">
         <name>InitAppConfig</name>
         <value>0x8678</value>
         <object_component_ref idref="oc-e9"/>
      </symbol>
      <symbol id="sm-656">
         <name>TickUpdate</name>
         <value>0x9238</value>
         <object_component_ref idref="oc-61d"/>
      </symbol>
      <symbol id="sm-657">
         <name>TickGetDiv256</name>
         <value>0x9022</value>
         <object_component_ref idref="oc-300"/>
      </symbol>
      <symbol id="sm-658">
         <name>TickGet</name>
         <value>0x9294</value>
         <object_component_ref idref="oc-27b"/>
      </symbol>
      <symbol id="sm-6b6">
         <name>ParserTask</name>
         <value>0x5d20</value>
         <object_component_ref idref="oc-3df"/>
      </symbol>
      <symbol id="sm-6b7">
         <name>ParserInit</name>
         <value>0x92bc</value>
         <object_component_ref idref="oc-1ee"/>
      </symbol>
      <symbol id="sm-7ca">
         <name>MACPutArray</name>
         <value>0x8966</value>
         <object_component_ref idref="oc-32d"/>
      </symbol>
      <symbol id="sm-7cb">
         <name>MACPutHeader</name>
         <value>0x8410</value>
         <object_component_ref idref="oc-4e1"/>
      </symbol>
      <symbol id="sm-7cc">
         <name>MACIsLinked</name>
         <value>0x9224</value>
         <object_component_ref idref="oc-174"/>
      </symbol>
      <symbol id="sm-7cd">
         <name>MACFlush</name>
         <value>0x6bfe</value>
         <object_component_ref idref="oc-33c"/>
      </symbol>
      <symbol id="sm-7ce">
         <name>MACInit</name>
         <value>0x6db4</value>
         <object_component_ref idref="oc-153"/>
      </symbol>
      <symbol id="sm-7cf">
         <name>ReadETHReg</name>
         <value>0x8bee</value>
         <object_component_ref idref="oc-21b"/>
      </symbol>
      <symbol id="sm-7d0">
         <name>WritePHYReg</name>
         <value>0x861a</value>
         <object_component_ref idref="oc-239"/>
      </symbol>
      <symbol id="sm-7d1">
         <name>MACGetArray</name>
         <value>0x891c</value>
         <object_component_ref idref="oc-314"/>
      </symbol>
      <symbol id="sm-7d2">
         <name>MACGetHeader</name>
         <value>0x7c66</value>
         <object_component_ref idref="oc-1ac"/>
      </symbol>
      <symbol id="sm-7d3">
         <name>CalcIPBufferChecksum</name>
         <value>0x7af0</value>
         <object_component_ref idref="oc-3a5"/>
      </symbol>
      <symbol id="sm-7d4">
         <name>MACGet</name>
         <value>0x8d44</value>
         <object_component_ref idref="oc-4e8"/>
      </symbol>
      <symbol id="sm-7d5">
         <name>MACMemCopyAsync</name>
         <value>0x67a8</value>
         <object_component_ref idref="oc-332"/>
      </symbol>
      <symbol id="sm-7d6">
         <name>MACSetReadPtr</name>
         <value>0x882c</value>
         <object_component_ref idref="oc-640"/>
      </symbol>
      <symbol id="sm-7d7">
         <name>ReadPHYReg</name>
         <value>0x7f8e</value>
         <object_component_ref idref="oc-266"/>
      </symbol>
      <symbol id="sm-7d8">
         <name>MACPut</name>
         <value>0x8bb2</value>
         <object_component_ref idref="oc-228"/>
      </symbol>
      <symbol id="sm-7d9">
         <name>MACIsTxReady</name>
         <value>0x9196</value>
         <object_component_ref idref="oc-31e"/>
      </symbol>
      <symbol id="sm-7da">
         <name>MACCalcRxChecksum</name>
         <value>0x822e</value>
         <object_component_ref idref="oc-319"/>
      </symbol>
      <symbol id="sm-7db">
         <name>BankSel</name>
         <value>0x9098</value>
         <object_component_ref idref="oc-22d"/>
      </symbol>
      <symbol id="sm-7dc">
         <name>MACSetWritePtr</name>
         <value>0x8782</value>
         <object_component_ref idref="oc-323"/>
      </symbol>
      <symbol id="sm-7dd">
         <name>MACDiscardRx</name>
         <value>0x89b0</value>
         <object_component_ref idref="oc-344"/>
      </symbol>
      <symbol id="sm-7de">
         <name>MACIsMemCopyDone</name>
         <value>0x915e</value>
         <object_component_ref idref="oc-337"/>
      </symbol>
      <symbol id="sm-7df">
         <name>MACSetReadPtrInRx</name>
         <value>0x8de0</value>
         <object_component_ref idref="oc-389"/>
      </symbol>
      <symbol id="sm-7e7">
         <name>swaps</name>
         <value>0x90fe</value>
         <object_component_ref idref="oc-378"/>
      </symbol>
      <symbol id="sm-7f5">
         <name>_c_int00_noexit</name>
         <value>0x5d06</value>
         <object_component_ref idref="oc-6c"/>
      </symbol>
      <symbol id="sm-7f6">
         <name>_c_int00</name>
         <value>0x5d06</value>
         <object_component_ref idref="oc-6c"/>
      </symbol>
      <symbol id="sm-7f7">
         <name>_stack</name>
         <value>0x5800</value>
         <object_component_ref idref="oc-8b"/>
      </symbol>
      <symbol id="sm-7f8">
         <name>_reset_vector</name>
         <value>0xfffe</value>
         <object_component_ref idref="oc-8d"/>
      </symbol>
      <symbol id="sm-808">
         <name>__TI_decompress_none</name>
         <value>0x8c2a</value>
         <object_component_ref idref="oc-7c"/>
      </symbol>
      <symbol id="sm-82a">
         <name>__TI_decompress_rle24</name>
         <value>0x92a2</value>
         <object_component_ref idref="oc-86"/>
      </symbol>
      <symbol id="sm-83c">
         <name>__TI_zero_init</name>
         <value>0x8b36</value>
         <object_component_ref idref="oc-81"/>
      </symbol>
      <symbol id="sm-846">
         <name>__memcpy_far</name>
         <value>0x8af6</value>
         <object_component_ref idref="oc-a9"/>
      </symbol>
      <symbol id="sm-84f">
         <name>C$$EXIT</name>
         <value>0x92e6</value>
         <object_component_ref idref="oc-a3"/>
      </symbol>
      <symbol id="sm-850">
         <name>abort</name>
         <value>0x92e6</value>
         <object_component_ref idref="oc-a3"/>
      </symbol>
      <symbol id="sm-853">
         <name>__TI_int41</name>
         <value>0xffd2</value>
         <object_component_ref idref="oc-65"/>
      </symbol>
      <symbol id="sm-856">
         <name>__TI_int42</name>
         <value>0xffd4</value>
         <object_component_ref idref="oc-66"/>
      </symbol>
      <symbol id="sm-859">
         <name>__TI_int45</name>
         <value>0xffda</value>
         <object_component_ref idref="oc-67"/>
      </symbol>
      <symbol id="sm-85c">
         <name>__TI_int46</name>
         <value>0xffdc</value>
         <object_component_ref idref="oc-68"/>
      </symbol>
      <symbol id="sm-85f">
         <name>__TI_int47</name>
         <value>0xffde</value>
         <object_component_ref idref="oc-69"/>
      </symbol>
      <symbol id="sm-862">
         <name>__TI_int48</name>
         <value>0xffe0</value>
         <object_component_ref idref="oc-6a"/>
      </symbol>
      <symbol id="sm-865">
         <name>__TI_int49</name>
         <value>0xffe2</value>
         <object_component_ref idref="oc-6b"/>
      </symbol>
      <symbol id="sm-868">
         <name>__TI_int50</name>
         <value>0xffe4</value>
         <object_component_ref idref="oc-71"/>
      </symbol>
      <symbol id="sm-86b">
         <name>__TI_int53</name>
         <value>0xffea</value>
         <object_component_ref idref="oc-72"/>
      </symbol>
      <symbol id="sm-86e">
         <name>__TI_int54</name>
         <value>0xffec</value>
         <object_component_ref idref="oc-73"/>
      </symbol>
      <symbol id="sm-871">
         <name>__TI_int55</name>
         <value>0xffee</value>
         <object_component_ref idref="oc-74"/>
      </symbol>
      <symbol id="sm-874">
         <name>__TI_int56</name>
         <value>0xfff0</value>
         <object_component_ref idref="oc-75"/>
      </symbol>
      <symbol id="sm-877">
         <name>__TI_int57</name>
         <value>0xfff2</value>
         <object_component_ref idref="oc-76"/>
      </symbol>
      <symbol id="sm-87a">
         <name>__TI_int58</name>
         <value>0xfff4</value>
         <object_component_ref idref="oc-77"/>
      </symbol>
      <symbol id="sm-87d">
         <name>__TI_int59</name>
         <value>0xfff6</value>
         <object_component_ref idref="oc-78"/>
      </symbol>
      <symbol id="sm-880">
         <name>__TI_int60</name>
         <value>0xfff8</value>
         <object_component_ref idref="oc-79"/>
      </symbol>
      <symbol id="sm-883">
         <name>__TI_int61</name>
         <value>0xfffa</value>
         <object_component_ref idref="oc-7a"/>
      </symbol>
      <symbol id="sm-886">
         <name>__TI_int62</name>
         <value>0xfffc</value>
         <object_component_ref idref="oc-7b"/>
      </symbol>
      <symbol id="sm-88d">
         <name>__TI_ISR_TRAP</name>
         <value>0x92dc</value>
         <object_component_ref idref="oc-90"/>
      </symbol>
      <symbol id="sm-894">
         <name>__mspabi_srll_8</name>
         <value>0x8b90</value>
         <object_component_ref idref="oc-46b"/>
      </symbol>
      <symbol id="sm-895">
         <name>__mspabi_srll_9</name>
         <value>0x8b8c</value>
         <object_component_ref idref="oc-46b"/>
      </symbol>
      <symbol id="sm-896">
         <name>__mspabi_srll_6</name>
         <value>0x8b98</value>
         <object_component_ref idref="oc-46b"/>
      </symbol>
      <symbol id="sm-897">
         <name>__mspabi_srll_7</name>
         <value>0x8b94</value>
         <object_component_ref idref="oc-46b"/>
      </symbol>
      <symbol id="sm-898">
         <name>__mspabi_srll_4</name>
         <value>0x8ba0</value>
         <object_component_ref idref="oc-46b"/>
      </symbol>
      <symbol id="sm-899">
         <name>__mspabi_srll_5</name>
         <value>0x8b9c</value>
         <object_component_ref idref="oc-46b"/>
      </symbol>
      <symbol id="sm-89a">
         <name>__mspabi_srll_2</name>
         <value>0x8ba8</value>
         <object_component_ref idref="oc-46b"/>
      </symbol>
      <symbol id="sm-89b">
         <name>__mspabi_srll_3</name>
         <value>0x8ba4</value>
         <object_component_ref idref="oc-46b"/>
      </symbol>
      <symbol id="sm-89c">
         <name>__mspabi_srll_1</name>
         <value>0x8bac</value>
         <object_component_ref idref="oc-46b"/>
      </symbol>
      <symbol id="sm-89d">
         <name>__mspabi_srll_15</name>
         <value>0x8b74</value>
         <object_component_ref idref="oc-46b"/>
      </symbol>
      <symbol id="sm-89e">
         <name>__mspabi_srll_14</name>
         <value>0x8b78</value>
         <object_component_ref idref="oc-46b"/>
      </symbol>
      <symbol id="sm-89f">
         <name>__mspabi_srll_13</name>
         <value>0x8b7c</value>
         <object_component_ref idref="oc-46b"/>
      </symbol>
      <symbol id="sm-8a0">
         <name>__mspabi_srll_12</name>
         <value>0x8b80</value>
         <object_component_ref idref="oc-46b"/>
      </symbol>
      <symbol id="sm-8a1">
         <name>__mspabi_srll_11</name>
         <value>0x8b84</value>
         <object_component_ref idref="oc-46b"/>
      </symbol>
      <symbol id="sm-8a2">
         <name>__mspabi_srll_10</name>
         <value>0x8b88</value>
         <object_component_ref idref="oc-46b"/>
      </symbol>
      <symbol id="sm-8af">
         <name>memcpy</name>
         <value>0x9274</value>
         <object_component_ref idref="oc-34f"/>
      </symbol>
      <symbol id="sm-8f0">
         <name>_sys_memory</name>
         <value>0x1c00</value>
         <object_component_ref idref="oc-8e"/>
      </symbol>
      <symbol id="sm-8f1">
         <name>free</name>
         <value>0x81ae</value>
         <object_component_ref idref="oc-586"/>
      </symbol>
      <symbol id="sm-8f2">
         <name>malloc</name>
         <value>0x7d16</value>
         <object_component_ref idref="oc-1c8"/>
      </symbol>
      <symbol id="sm-8f3">
         <name>minit</name>
         <value>0x8ca0</value>
         <object_component_ref idref="oc-3b7"/>
      </symbol>
      <symbol id="sm-900">
         <name>memset</name>
         <value>0x9260</value>
         <object_component_ref idref="oc-2d9"/>
      </symbol>
      <symbol id="sm-907">
         <name>__mspabi_mpyi_f5hw</name>
         <value>0x920e</value>
         <object_component_ref idref="oc-2d4"/>
      </symbol>
      <symbol id="sm-90f">
         <name>_system_pre_init</name>
         <value>0x92e2</value>
         <object_component_ref idref="oc-94"/>
      </symbol>
      <symbol id="sm-934">
         <name>strtoul</name>
         <value>0x6f62</value>
         <object_component_ref idref="oc-5ba"/>
      </symbol>
      <symbol id="sm-943">
         <name>_nop</name>
         <value>0x92ec</value>
         <object_component_ref idref="oc-516"/>
      </symbol>
      <symbol id="sm-944">
         <name>_lock</name>
         <value>0x22ae</value>
         <object_component_ref idref="oc-3b3"/>
      </symbol>
      <symbol id="sm-945">
         <name>_unlock</name>
         <value>0x22b2</value>
         <object_component_ref idref="oc-3b3"/>
      </symbol>
      <symbol id="sm-95b">
         <name>_auto_init</name>
         <value>0x8480</value>
         <object_component_ref idref="oc-99"/>
      </symbol>
      <symbol id="sm-964">
         <name>_ctypes_</name>
         <value>0x5c00</value>
         <object_component_ref idref="oc-679"/>
      </symbol>
      <symbol id="sm-971">
         <name>__mspabi_remul</name>
         <value>0x872a</value>
         <object_component_ref idref="oc-67f"/>
      </symbol>
      <symbol id="sm-972">
         <name>__mspabi_divul</name>
         <value>0x872a</value>
         <object_component_ref idref="oc-67f"/>
      </symbol>
      <symbol id="sm-978">
         <name>_Errno</name>
         <value>0x22c4</value>
         <object_component_ref idref="oc-683"/>
      </symbol>
      <symbol id="sm-97f">
         <name>__mspabi_mpyl_f5hw</name>
         <value>0x90dc</value>
         <object_component_ref idref="oc-67b"/>
      </symbol>
      <symbol id="sm-980">
         <name>__TI_exit</name>
         <value>0x1</value>
      </symbol>
      <symbol id="sm-981">
         <name>__TI_args_main</name>
         <value>0x1</value>
      </symbol>
      <symbol id="sm-982">
         <name>__TI_INITARRAY_Base</name>
         <value>0x0</value>
      </symbol>
      <symbol id="sm-983">
         <name>__TI_INITARRAY_Limit</name>
         <value>0x0</value>
      </symbol>
   </symbol_table>
   <title>Link successful</title>
</link_info>
