<?xml version="1.0"?>
<link_info>
   <banner>MSP430 Linker PC v4.2.1</banner>
   <copyright>Copyright (c) 2003-2013 Texas Instruments Incorporated</copyright>
   <link_time>0x537fbeb4</link_time>
   <link_errors>0x0</link_errors>
   <output_file>TFTPboot.out</output_file>
   <entry_point>
      <name>_c_int00</name>
      <address>0x5d06</address>
   </entry_point>
   <input_file_list>
      <input_file id="fl-2">
         <path>.\ipstack\</path>
         <kind>object</kind>
         <file>UDP.obj</file>
         <name>UDP.obj</name>
      </input_file>
      <input_file id="fl-3">
         <path>.\ipstack\</path>
         <kind>object</kind>
         <file>TFTPc.obj</file>
         <name>TFTPc.obj</name>
      </input_file>
      <input_file id="fl-4">
         <path>.\ipstack\</path>
         <kind>object</kind>
         <file>StackTsk.obj</file>
         <name>StackTsk.obj</name>
      </input_file>
      <input_file id="fl-5">
         <path>.\ipstack\</path>
         <kind>object</kind>
         <file>IP.obj</file>
         <name>IP.obj</name>
      </input_file>
      <input_file id="fl-6">
         <path>.\ipstack\</path>
         <kind>object</kind>
         <file>ICMP.obj</file>
         <name>ICMP.obj</name>
      </input_file>
      <input_file id="fl-7">
         <path>.\ipstack\</path>
         <kind>object</kind>
         <file>DHCP.obj</file>
         <name>DHCP.obj</name>
      </input_file>
      <input_file id="fl-8">
         <path>.\ipstack\</path>
         <kind>object</kind>
         <file>ARP.obj</file>
         <name>ARP.obj</name>
      </input_file>
      <input_file id="fl-9">
         <path>.\</path>
         <kind>object</kind>
         <file>main.obj</file>
         <name>main.obj</name>
      </input_file>
      <input_file id="fl-a">
         <path>.\</path>
         <kind>object</kind>
         <file>hardware_board.obj</file>
         <name>hardware_board.obj</name>
      </input_file>
      <input_file id="fl-b">
         <path>.\</path>
         <kind>object</kind>
         <file>hal_pmm.obj</file>
         <name>hal_pmm.obj</name>
      </input_file>
      <input_file id="fl-c">
         <path>.\</path>
         <kind>object</kind>
         <file>flash.obj</file>
         <name>flash.obj</name>
      </input_file>
      <input_file id="fl-d">
         <path>.\</path>
         <kind>object</kind>
         <file>config.obj</file>
         <name>config.obj</name>
      </input_file>
      <input_file id="fl-e">
         <path>.\</path>
         <kind>object</kind>
         <file>appconfig.obj</file>
         <name>appconfig.obj</name>
      </input_file>
      <input_file id="fl-f">
         <path>.\</path>
         <kind>object</kind>
         <file>Tick.obj</file>
         <name>Tick.obj</name>
      </input_file>
      <input_file id="fl-10">
         <path>.\</path>
         <kind>object</kind>
         <file>Parser.obj</file>
         <name>Parser.obj</name>
      </input_file>
      <input_file id="fl-11">
         <path>.\</path>
         <kind>object</kind>
         <file>ENC28J60.obj</file>
         <name>ENC28J60.obj</name>
      </input_file>
      <input_file id="fl-12">
         <path>.\</path>
         <kind>object</kind>
         <file>Compiler.obj</file>
         <name>Compiler.obj</name>
      </input_file>
      <input_file id="fl-32">
         <path>C:\ti\ccsv5\tools\compiler\msp430_4.2.1\lib\</path>
         <kind>archive</kind>
         <file>rts430x_lc_sd_eabi.lib</file>
         <name>boot.obj</name>
      </input_file>
      <input_file id="fl-33">
         <path>C:\ti\ccsv5\tools\compiler\msp430_4.2.1\lib\</path>
         <kind>archive</kind>
         <file>rts430x_lc_sd_eabi.lib</file>
         <name>copy_decompress_none.obj</name>
      </input_file>
      <input_file id="fl-34">
         <path>C:\ti\ccsv5\tools\compiler\msp430_4.2.1\lib\</path>
         <kind>archive</kind>
         <file>rts430x_lc_sd_eabi.lib</file>
         <name>copy_decompress_rle.obj</name>
      </input_file>
      <input_file id="fl-35">
         <path>C:\ti\ccsv5\tools\compiler\msp430_4.2.1\lib\</path>
         <kind>archive</kind>
         <file>rts430x_lc_sd_eabi.lib</file>
         <name>copy_zero_init.obj</name>
      </input_file>
      <input_file id="fl-36">
         <path>C:\ti\ccsv5\tools\compiler\msp430_4.2.1\lib\</path>
         <kind>archive</kind>
         <file>rts430x_lc_sd_eabi.lib</file>
         <name>cpy_util.obj</name>
      </input_file>
      <input_file id="fl-37">
         <path>C:\ti\ccsv5\tools\compiler\msp430_4.2.1\lib\</path>
         <kind>archive</kind>
         <file>rts430x_lc_sd_eabi.lib</file>
         <name>exit.obj</name>
      </input_file>
      <input_file id="fl-38">
         <path>C:\ti\ccsv5\tools\compiler\msp430_4.2.1\lib\</path>
         <kind>archive</kind>
         <file>rts430x_lc_sd_eabi.lib</file>
         <name>int41.obj</name>
      </input_file>
      <input_file id="fl-39">
         <path>C:\ti\ccsv5\tools\compiler\msp430_4.2.1\lib\</path>
         <kind>archive</kind>
         <file>rts430x_lc_sd_eabi.lib</file>
         <name>int42.obj</name>
      </input_file>
      <input_file id="fl-3a">
         <path>C:\ti\ccsv5\tools\compiler\msp430_4.2.1\lib\</path>
         <kind>archive</kind>
         <file>rts430x_lc_sd_eabi.lib</file>
         <name>int45.obj</name>
      </input_file>
      <input_file id="fl-3b">
         <path>C:\ti\ccsv5\tools\compiler\msp430_4.2.1\lib\</path>
         <kind>archive</kind>
         <file>rts430x_lc_sd_eabi.lib</file>
         <name>int46.obj</name>
      </input_file>
      <input_file id="fl-3c">
         <path>C:\ti\ccsv5\tools\compiler\msp430_4.2.1\lib\</path>
         <kind>archive</kind>
         <file>rts430x_lc_sd_eabi.lib</file>
         <name>int47.obj</name>
      </input_file>
      <input_file id="fl-3d">
         <path>C:\ti\ccsv5\tools\compiler\msp430_4.2.1\lib\</path>
         <kind>archive</kind>
         <file>rts430x_lc_sd_eabi.lib</file>
         <name>int48.obj</name>
      </input_file>
      <input_file id="fl-3e">
         <path>C:\ti\ccsv5\tools\compiler\msp430_4.2.1\lib\</path>
         <kind>archive</kind>
         <file>rts430x_lc_sd_eabi.lib</file>
         <name>int49.obj</name>
      </input_file>
      <input_file id="fl-3f">
         <path>C:\ti\ccsv5\tools\compiler\msp430_4.2.1\lib\</path>
         <kind>archive</kind>
         <file>rts430x_lc_sd_eabi.lib</file>
         <name>int50.obj</name>
      </input_file>
      <input_file id="fl-40">
         <path>C:\ti\ccsv5\tools\compiler\msp430_4.2.1\lib\</path>
         <kind>archive</kind>
         <file>rts430x_lc_sd_eabi.lib</file>
         <name>int53.obj</name>
      </input_file>
      <input_file id="fl-41">
         <path>C:\ti\ccsv5\tools\compiler\msp430_4.2.1\lib\</path>
         <kind>archive</kind>
         <file>rts430x_lc_sd_eabi.lib</file>
         <name>int54.obj</name>
      </input_file>
      <input_file id="fl-42">
         <path>C:\ti\ccsv5\tools\compiler\msp430_4.2.1\lib\</path>
         <kind>archive</kind>
         <file>rts430x_lc_sd_eabi.lib</file>
         <name>int55.obj</name>
      </input_file>
      <input_file id="fl-43">
         <path>C:\ti\ccsv5\tools\compiler\msp430_4.2.1\lib\</path>
         <kind>archive</kind>
         <file>rts430x_lc_sd_eabi.lib</file>
         <name>int56.obj</name>
      </input_file>
      <input_file id="fl-44">
         <path>C:\ti\ccsv5\tools\compiler\msp430_4.2.1\lib\</path>
         <kind>archive</kind>
         <file>rts430x_lc_sd_eabi.lib</file>
         <name>int57.obj</name>
      </input_file>
      <input_file id="fl-45">
         <path>C:\ti\ccsv5\tools\compiler\msp430_4.2.1\lib\</path>
         <kind>archive</kind>
         <file>rts430x_lc_sd_eabi.lib</file>
         <name>int58.obj</name>
      </input_file>
      <input_file id="fl-46">
         <path>C:\ti\ccsv5\tools\compiler\msp430_4.2.1\lib\</path>
         <kind>archive</kind>
         <file>rts430x_lc_sd_eabi.lib</file>
         <name>int59.obj</name>
      </input_file>
      <input_file id="fl-47">
         <path>C:\ti\ccsv5\tools\compiler\msp430_4.2.1\lib\</path>
         <kind>archive</kind>
         <file>rts430x_lc_sd_eabi.lib</file>
         <name>int60.obj</name>
      </input_file>
      <input_file id="fl-48">
         <path>C:\ti\ccsv5\tools\compiler\msp430_4.2.1\lib\</path>
         <kind>archive</kind>
         <file>rts430x_lc_sd_eabi.lib</file>
         <name>int61.obj</name>
      </input_file>
      <input_file id="fl-49">
         <path>C:\ti\ccsv5\tools\compiler\msp430_4.2.1\lib\</path>
         <kind>archive</kind>
         <file>rts430x_lc_sd_eabi.lib</file>
         <name>int62.obj</name>
      </input_file>
      <input_file id="fl-4a">
         <path>C:\ti\ccsv5\tools\compiler\msp430_4.2.1\lib\</path>
         <kind>archive</kind>
         <file>rts430x_lc_sd_eabi.lib</file>
         <name>isr_trap.obj</name>
      </input_file>
      <input_file id="fl-4b">
         <path>C:\ti\ccsv5\tools\compiler\msp430_4.2.1\lib\</path>
         <kind>archive</kind>
         <file>rts430x_lc_sd_eabi.lib</file>
         <name>lsr32.obj</name>
      </input_file>
      <input_file id="fl-4c">
         <path>C:\ti\ccsv5\tools\compiler\msp430_4.2.1\lib\</path>
         <kind>archive</kind>
         <file>rts430x_lc_sd_eabi.lib</file>
         <name>memcpy.obj</name>
      </input_file>
      <input_file id="fl-4d">
         <path>C:\ti\ccsv5\tools\compiler\msp430_4.2.1\lib\</path>
         <kind>archive</kind>
         <file>rts430x_lc_sd_eabi.lib</file>
         <name>memory.obj</name>
      </input_file>
      <input_file id="fl-4e">
         <path>C:\ti\ccsv5\tools\compiler\msp430_4.2.1\lib\</path>
         <kind>archive</kind>
         <file>rts430x_lc_sd_eabi.lib</file>
         <name>memset.obj</name>
      </input_file>
      <input_file id="fl-4f">
         <path>C:\ti\ccsv5\tools\compiler\msp430_4.2.1\lib\</path>
         <kind>archive</kind>
         <file>rts430x_lc_sd_eabi.lib</file>
         <name>mult16_f5hw.obj</name>
      </input_file>
      <input_file id="fl-50">
         <path>C:\ti\ccsv5\tools\compiler\msp430_4.2.1\lib\</path>
         <kind>archive</kind>
         <file>rts430x_lc_sd_eabi.lib</file>
         <name>pre_init.obj</name>
      </input_file>
      <input_file id="fl-51">
         <path>C:\ti\ccsv5\tools\compiler\msp430_4.2.1\lib\</path>
         <kind>archive</kind>
         <file>rts430x_lc_sd_eabi.lib</file>
         <name>strlen.obj</name>
      </input_file>
      <input_file id="fl-52">
         <path>C:\ti\ccsv5\tools\compiler\msp430_4.2.1\lib\</path>
         <kind>archive</kind>
         <file>rts430x_lc_sd_eabi.lib</file>
         <name>strtoul.obj</name>
      </input_file>
      <input_file id="fl-53">
         <path>C:\ti\ccsv5\tools\compiler\msp430_4.2.1\lib\</path>
         <kind>archive</kind>
         <file>rts430x_lc_sd_eabi.lib</file>
         <name>_lock.obj</name>
      </input_file>
      <input_file id="fl-54">
         <path>C:\ti\ccsv5\tools\compiler\msp430_4.2.1\lib\</path>
         <kind>archive</kind>
         <file>rts430x_lc_sd_eabi.lib</file>
         <name>args_main.obj</name>
      </input_file>
      <input_file id="fl-55">
         <path>C:\ti\ccsv5\tools\compiler\msp430_4.2.1\lib\</path>
         <kind>archive</kind>
         <file>rts430x_lc_sd_eabi.lib</file>
         <name>autoinit.obj</name>
      </input_file>
      <input_file id="fl-56">
         <path>C:\ti\ccsv5\tools\compiler\msp430_4.2.1\lib\</path>
         <kind>archive</kind>
         <file>rts430x_lc_sd_eabi.lib</file>
         <name>ctype.obj</name>
      </input_file>
      <input_file id="fl-57">
         <path>C:\ti\ccsv5\tools\compiler\msp430_4.2.1\lib\</path>
         <kind>archive</kind>
         <file>rts430x_lc_sd_eabi.lib</file>
         <name>div32u.obj</name>
      </input_file>
      <input_file id="fl-58">
         <path>C:\ti\ccsv5\tools\compiler\msp430_4.2.1\lib\</path>
         <kind>archive</kind>
         <file>rts430x_lc_sd_eabi.lib</file>
         <name>errno.obj</name>
      </input_file>
      <input_file id="fl-59">
         <path>C:\ti\ccsv5\tools\compiler\msp430_4.2.1\lib\</path>
         <kind>archive</kind>
         <file>rts430x_lc_sd_eabi.lib</file>
         <name>mult32_f5hw.obj</name>
      </input_file>
   </input_file_list>
   <object_component_list>
      <object_component id="oc-8e">
         <name>.sysmem</name>
         <uninitialized>true</uninitialized>
         <run_address>0x1c00</run_address>
         <size>0x4</size>
         <input_file_ref idref="fl-4d"/>
      </object_component>
      <object_component id="oc-70d">
         <name>.sysmem</name>
         <uninitialized>true</uninitialized>
         <run_address>0x1c00</run_address>
         <size>0x0</size>
      </object_component>
      <object_component id="oc-8b">
         <name>.stack</name>
         <uninitialized>true</uninitialized>
         <run_address>0x5800</run_address>
         <size>0x2</size>
         <input_file_ref idref="fl-32"/>
      </object_component>
      <object_component id="oc-70c">
         <name>.stack</name>
         <uninitialized>true</uninitialized>
         <run_address>0x5800</run_address>
         <size>0x0</size>
      </object_component>
      <object_component id="oc-3e8">
         <name>.text:ParserTask</name>
         <load_address>0x5d20</load_address>
         <run_address>0x5d20</run_address>
         <size>0x428</size>
         <input_file_ref idref="fl-10"/>
      </object_component>
      <object_component id="oc-18c">
         <name>.text:DHCPTask</name>
         <load_address>0x6148</load_address>
         <run_address>0x6148</run_address>
         <size>0x340</size>
         <input_file_ref idref="fl-7"/>
      </object_component>
      <object_component id="oc-27c">
         <name>.text:_DHCPReceive</name>
         <load_address>0x6488</load_address>
         <run_address>0x6488</run_address>
         <size>0x320</size>
         <input_file_ref idref="fl-7"/>
      </object_component>
      <object_component id="oc-33b">
         <name>.text:MACMemCopyAsync</name>
         <load_address>0x67a8</load_address>
         <run_address>0x67a8</run_address>
         <size>0x260</size>
         <input_file_ref idref="fl-11"/>
      </object_component>
      <object_component id="oc-2a4">
         <name>.text:_DHCPSend</name>
         <load_address>0x6a08</load_address>
         <run_address>0x6a08</run_address>
         <size>0x1f6</size>
         <input_file_ref idref="fl-7"/>
      </object_component>
      <object_component id="oc-345">
         <name>.text:MACFlush</name>
         <load_address>0x6bfe</load_address>
         <run_address>0x6bfe</run_address>
         <size>0x1b6</size>
         <input_file_ref idref="fl-11"/>
      </object_component>
      <object_component id="oc-15c">
         <name>.text:MACInit</name>
         <load_address>0x6db4</load_address>
         <run_address>0x6db4</run_address>
         <size>0x1ae</size>
         <input_file_ref idref="fl-11"/>
      </object_component>
      <object_component id="oc-5c3">
         <name>.text:strtoul</name>
         <load_address>0x6f62</load_address>
         <run_address>0x6f62</run_address>
         <size>0x194</size>
         <input_file_ref idref="fl-52"/>
      </object_component>
      <object_component id="oc-3f2">
         <name>.text:TFTPIsGetReady</name>
         <load_address>0x70f6</load_address>
         <run_address>0x70f6</run_address>
         <size>0x16c</size>
         <input_file_ref idref="fl-3"/>
      </object_component>
      <object_component id="oc-530">
         <name>.text:TFTPIsPutReady</name>
         <load_address>0x7262</load_address>
         <run_address>0x7262</run_address>
         <size>0x134</size>
         <input_file_ref idref="fl-3"/>
      </object_component>
      <object_component id="oc-197">
         <name>.text:UDPTask</name>
         <load_address>0x7396</load_address>
         <run_address>0x7396</run_address>
         <size>0x130</size>
         <input_file_ref idref="fl-2"/>
      </object_component>
      <object_component id="oc-fd">
         <name>.text:StackTask</name>
         <load_address>0x74c6</load_address>
         <run_address>0x74c6</run_address>
         <size>0x112</size>
         <input_file_ref idref="fl-4"/>
      </object_component>
      <object_component id="oc-4bd">
         <name>.text:UDPFlush</name>
         <load_address>0x75d8</load_address>
         <run_address>0x75d8</run_address>
         <size>0xec</size>
         <input_file_ref idref="fl-2"/>
      </object_component>
      <object_component id="oc-1f3">
         <name>.text:TFTPRead</name>
         <load_address>0x76c4</load_address>
         <run_address>0x76c4</run_address>
         <size>0xe8</size>
         <input_file_ref idref="fl-9"/>
      </object_component>
      <object_component id="oc-1aa">
         <name>.text:ARPProcess</name>
         <load_address>0x77ac</load_address>
         <run_address>0x77ac</run_address>
         <size>0xda</size>
         <input_file_ref idref="fl-8"/>
      </object_component>
      <object_component id="oc-bb">
         <name>.text:__TI_decompress_rle_core</name>
         <load_address>0x7886</load_address>
         <run_address>0x7886</run_address>
         <size>0xd8</size>
         <input_file_ref idref="fl-34"/>
      </object_component>
      <object_component id="oc-20d">
         <name>.text:SetVCoreUp</name>
         <load_address>0x795e</load_address>
         <run_address>0x795e</run_address>
         <size>0xca</size>
         <input_file_ref idref="fl-b"/>
      </object_component>
      <object_component id="oc-1c1">
         <name>.text:UDPProcess</name>
         <load_address>0x7a28</load_address>
         <run_address>0x7a28</run_address>
         <size>0xc8</size>
         <input_file_ref idref="fl-2"/>
      </object_component>
      <object_component id="oc-3ae">
         <name>.text:CalcIPBufferChecksum</name>
         <load_address>0x7af0</load_address>
         <run_address>0x7af0</run_address>
         <size>0xbc</size>
         <input_file_ref idref="fl-11"/>
      </object_component>
      <object_component id="oc-296">
         <name>.text:UDPOpenEx</name>
         <load_address>0x7bac</load_address>
         <run_address>0x7bac</run_address>
         <size>0xba</size>
         <input_file_ref idref="fl-2"/>
      </object_component>
      <object_component id="oc-1b5">
         <name>.text:MACGetHeader</name>
         <load_address>0x7c66</load_address>
         <run_address>0x7c66</run_address>
         <size>0xb0</size>
         <input_file_ref idref="fl-11"/>
      </object_component>
      <object_component id="oc-1d1">
         <name>.text:malloc</name>
         <load_address>0x7d16</load_address>
         <run_address>0x7d16</run_address>
         <size>0xa6</size>
         <input_file_ref idref="fl-4d"/>
      </object_component>
      <object_component id="oc-1bb">
         <name>.text:IPGetHeader</name>
         <load_address>0x7dbc</load_address>
         <run_address>0x7dbc</run_address>
         <size>0x9e</size>
         <input_file_ref idref="fl-5"/>
      </object_component>
      <object_component id="oc-212">
         <name>.text:SetVCoreDown</name>
         <load_address>0x7e5a</load_address>
         <run_address>0x7e5a</run_address>
         <size>0x9c</size>
         <input_file_ref idref="fl-b"/>
      </object_component>
      <object_component id="oc-1f7">
         <name>.text:TFTPIsOpened</name>
         <load_address>0x7ef6</load_address>
         <run_address>0x7ef6</run_address>
         <size>0x98</size>
         <input_file_ref idref="fl-3"/>
      </object_component>
      <object_component id="oc-26f">
         <name>.text:ReadPHYReg</name>
         <load_address>0x7f8e</load_address>
         <run_address>0x7f8e</run_address>
         <size>0x90</size>
         <input_file_ref idref="fl-11"/>
      </object_component>
      <object_component id="oc-9e">
         <name>.text:main</name>
         <load_address>0x801e</load_address>
         <run_address>0x801e</run_address>
         <size>0x90</size>
         <input_file_ref idref="fl-9"/>
      </object_component>
      <object_component id="oc-331">
         <name>.text:IPPutHeader</name>
         <load_address>0x80ae</load_address>
         <run_address>0x80ae</run_address>
         <size>0x8e</size>
         <input_file_ref idref="fl-5"/>
      </object_component>
      <object_component id="oc-115">
         <name>.text:TFTPTask</name>
         <load_address>0x813c</load_address>
         <run_address>0x813c</run_address>
         <size>0x82</size>
         <input_file_ref idref="fl-9"/>
      </object_component>
      <object_component id="oc-1a5">
         <name>.text:ICMPProcess</name>
         <load_address>0x81be</load_address>
         <run_address>0x81be</run_address>
         <size>0x80</size>
         <input_file_ref idref="fl-6"/>
      </object_component>
      <object_component id="oc-58f">
         <name>.text:free</name>
         <load_address>0x823e</load_address>
         <run_address>0x823e</run_address>
         <size>0x80</size>
         <input_file_ref idref="fl-4d"/>
      </object_component>
      <object_component id="oc-322">
         <name>.text:MACCalcRxChecksum</name>
         <load_address>0x82be</load_address>
         <run_address>0x82be</run_address>
         <size>0x7e</size>
         <input_file_ref idref="fl-11"/>
      </object_component>
      <object_component id="oc-3b3">
         <name>.text:FindMatchingSocket</name>
         <load_address>0x833c</load_address>
         <run_address>0x833c</run_address>
         <size>0x78</size>
         <input_file_ref idref="fl-2"/>
      </object_component>
      <object_component id="oc-367">
         <name>.text:ARPPut</name>
         <load_address>0x83b4</load_address>
         <run_address>0x83b4</run_address>
         <size>0x70</size>
         <input_file_ref idref="fl-8"/>
      </object_component>
      <object_component id="oc-4ea">
         <name>.text:MACPutHeader</name>
         <load_address>0x8424</load_address>
         <run_address>0x8424</run_address>
         <size>0x70</size>
         <input_file_ref idref="fl-11"/>
      </object_component>
      <object_component id="oc-99">
         <name>.text:_auto_init</name>
         <load_address>0x8494</load_address>
         <run_address>0x8494</run_address>
         <size>0x70</size>
         <input_file_ref idref="fl-55"/>
      </object_component>
      <object_component id="oc-d5">
         <name>.text:InitializeClocks</name>
         <load_address>0x8504</load_address>
         <run_address>0x8504</run_address>
         <size>0x64</size>
         <input_file_ref idref="fl-d"/>
      </object_component>
      <object_component id="oc-53f">
         <name>.text:_TFTPSendFileName</name>
         <load_address>0x8568</load_address>
         <run_address>0x8568</run_address>
         <size>0x64</size>
         <input_file_ref idref="fl-3"/>
      </object_component>
      <object_component id="oc-316">
         <name>.text:ARPResolve</name>
         <load_address>0x85cc</load_address>
         <run_address>0x85cc</run_address>
         <size>0x62</size>
         <input_file_ref idref="fl-8"/>
      </object_component>
      <object_component id="oc-242">
         <name>.text:WritePHYReg</name>
         <load_address>0x862e</load_address>
         <run_address>0x862e</run_address>
         <size>0x5e</size>
         <input_file_ref idref="fl-11"/>
      </object_component>
      <object_component id="oc-ee">
         <name>.text:InitAppConfig</name>
         <load_address>0x868c</load_address>
         <run_address>0x868c</run_address>
         <size>0x5a</size>
         <input_file_ref idref="fl-e"/>
      </object_component>
      <object_component id="oc-3d1">
         <name>.text:TFTPOpenFile</name>
         <load_address>0x86e6</load_address>
         <run_address>0x86e6</run_address>
         <size>0x58</size>
         <input_file_ref idref="fl-3"/>
      </object_component>
      <object_component id="oc-688">
         <name>.text</name>
         <load_address>0x873e</load_address>
         <run_address>0x873e</run_address>
         <size>0x58</size>
         <input_file_ref idref="fl-57"/>
      </object_component>
      <object_component id="oc-32c">
         <name>.text:MACSetWritePtr</name>
         <load_address>0x8796</load_address>
         <run_address>0x8796</run_address>
         <size>0x56</size>
         <input_file_ref idref="fl-11"/>
      </object_component>
      <object_component id="oc-304">
         <name>.text:ARPIsResolved</name>
         <load_address>0x87ec</load_address>
         <run_address>0x87ec</run_address>
         <size>0x54</size>
         <input_file_ref idref="fl-8"/>
      </object_component>
      <object_component id="oc-649">
         <name>.text:MACSetReadPtr</name>
         <load_address>0x8840</load_address>
         <run_address>0x8840</run_address>
         <size>0x52</size>
         <input_file_ref idref="fl-11"/>
      </object_component>
      <object_component id="oc-42f">
         <name>.text:ReadMACReg</name>
         <load_address>0x8892</load_address>
         <run_address>0x8892</run_address>
         <size>0x50</size>
         <input_file_ref idref="fl-11"/>
      </object_component>
      <object_component id="oc-21f">
         <name>.text:SendSystemReset</name>
         <load_address>0x88e2</load_address>
         <run_address>0x88e2</run_address>
         <size>0x4e</size>
         <input_file_ref idref="fl-11"/>
      </object_component>
      <object_component id="oc-31d">
         <name>.text:MACGetArray</name>
         <load_address>0x8930</load_address>
         <run_address>0x8930</run_address>
         <size>0x4a</size>
         <input_file_ref idref="fl-11"/>
      </object_component>
      <object_component id="oc-336">
         <name>.text:MACPutArray</name>
         <load_address>0x897a</load_address>
         <run_address>0x897a</run_address>
         <size>0x4a</size>
         <input_file_ref idref="fl-11"/>
      </object_component>
      <object_component id="oc-34d">
         <name>.text:MACDiscardRx</name>
         <load_address>0x89c4</load_address>
         <run_address>0x89c4</run_address>
         <size>0x46</size>
         <input_file_ref idref="fl-11"/>
      </object_component>
      <object_component id="oc-419">
         <name>.text:BFCReg</name>
         <load_address>0x8a0a</load_address>
         <run_address>0x8a0a</run_address>
         <size>0x40</size>
         <input_file_ref idref="fl-11"/>
      </object_component>
      <object_component id="oc-247">
         <name>.text:BFSReg</name>
         <load_address>0x8a4a</load_address>
         <run_address>0x8a4a</run_address>
         <size>0x40</size>
         <input_file_ref idref="fl-11"/>
      </object_component>
      <object_component id="oc-139">
         <name>.text:SetVCore</name>
         <load_address>0x8a8a</load_address>
         <run_address>0x8a8a</run_address>
         <size>0x40</size>
         <input_file_ref idref="fl-b"/>
      </object_component>
      <object_component id="oc-22c">
         <name>.text:WriteReg</name>
         <load_address>0x8aca</load_address>
         <run_address>0x8aca</run_address>
         <size>0x40</size>
         <input_file_ref idref="fl-11"/>
      </object_component>
      <object_component id="oc-a9">
         <name>.text:__memcpy_far</name>
         <load_address>0x8b0a</load_address>
         <run_address>0x8b0a</run_address>
         <size>0x40</size>
         <input_file_ref idref="fl-36"/>
      </object_component>
      <object_component id="oc-81">
         <name>.text:decompress:ZI:__TI_zero_init</name>
         <load_address>0x8b4a</load_address>
         <run_address>0x8b4a</run_address>
         <size>0x3e</size>
         <input_file_ref idref="fl-35"/>
      </object_component>
      <object_component id="oc-474">
         <name>.text:l_lsr_const</name>
         <load_address>0x8b88</load_address>
         <run_address>0x8b88</run_address>
         <size>0x3e</size>
         <input_file_ref idref="fl-4b"/>
      </object_component>
      <object_component id="oc-231">
         <name>.text:MACPut</name>
         <load_address>0x8bc6</load_address>
         <run_address>0x8bc6</run_address>
         <size>0x3c</size>
         <input_file_ref idref="fl-11"/>
      </object_component>
      <object_component id="oc-224">
         <name>.text:ReadETHReg</name>
         <load_address>0x8c02</load_address>
         <run_address>0x8c02</run_address>
         <size>0x3c</size>
         <input_file_ref idref="fl-11"/>
      </object_component>
      <object_component id="oc-7c">
         <name>.text:decompress:none:__TI_decompress_none</name>
         <load_address>0x8c3e</load_address>
         <run_address>0x8c3e</run_address>
         <size>0x3c</size>
         <input_file_ref idref="fl-33"/>
      </object_component>
      <object_component id="oc-16b">
         <name>.text:DHCPInit</name>
         <load_address>0x8c7a</load_address>
         <run_address>0x8c7a</run_address>
         <size>0x3a</size>
         <input_file_ref idref="fl-7"/>
      </object_component>
      <object_component id="oc-3c0">
         <name>.text:minit</name>
         <load_address>0x8cb4</load_address>
         <run_address>0x8cb4</run_address>
         <size>0x38</size>
         <input_file_ref idref="fl-4d"/>
      </object_component>
      <object_component id="oc-f3">
         <name>.text:InitializeEthSpi</name>
         <load_address>0x8cec</load_address>
         <run_address>0x8cec</run_address>
         <size>0x36</size>
         <input_file_ref idref="fl-d"/>
      </object_component>
      <object_component id="oc-f8">
         <name>.text:StackInit</name>
         <load_address>0x8d22</load_address>
         <run_address>0x8d22</run_address>
         <size>0x36</size>
         <input_file_ref idref="fl-4"/>
      </object_component>
      <object_component id="oc-4f1">
         <name>.text:MACGet</name>
         <load_address>0x8d58</load_address>
         <run_address>0x8d58</run_address>
         <size>0x34</size>
         <input_file_ref idref="fl-11"/>
      </object_component>
      <object_component id="oc-256">
         <name>.text:UDPClose</name>
         <load_address>0x8d8c</load_address>
         <run_address>0x8d8c</run_address>
         <size>0x34</size>
         <input_file_ref idref="fl-2"/>
      </object_component>
      <object_component id="oc-29f">
         <name>.text:UDPIsPutReady</name>
         <load_address>0x8dc0</load_address>
         <run_address>0x8dc0</run_address>
         <size>0x34</size>
         <input_file_ref idref="fl-2"/>
      </object_component>
      <object_component id="oc-392">
         <name>.text:MACSetReadPtrInRx</name>
         <load_address>0x8df4</load_address>
         <run_address>0x8df4</run_address>
         <size>0x30</size>
         <input_file_ref idref="fl-11"/>
      </object_component>
      <object_component id="oc-4aa">
         <name>.text:UDPPutArray</name>
         <load_address>0x8e24</load_address>
         <run_address>0x8e24</run_address>
         <size>0x30</size>
         <input_file_ref idref="fl-2"/>
      </object_component>
      <object_component id="oc-3a4">
         <name>.text:CalcIPChecksum</name>
         <load_address>0x8e54</load_address>
         <run_address>0x8e54</run_address>
         <size>0x2e</size>
         <input_file_ref idref="fl-5"/>
      </object_component>
      <object_component id="oc-58a">
         <name>.text:Flash_write8</name>
         <load_address>0x8e82</load_address>
         <run_address>0x8e82</run_address>
         <size>0x2e</size>
         <input_file_ref idref="fl-c"/>
      </object_component>
      <object_component id="oc-489">
         <name>.text:GetTickCopy</name>
         <load_address>0x8eb0</load_address>
         <run_address>0x8eb0</run_address>
         <size>0x2e</size>
         <input_file_ref idref="fl-f"/>
      </object_component>
      <object_component id="oc-45f">
         <name>.text:UDPGetArray</name>
         <load_address>0x8ede</load_address>
         <run_address>0x8ede</run_address>
         <size>0x2e</size>
         <input_file_ref idref="fl-2"/>
      </object_component>
      <object_component id="oc-585">
         <name>.text:Flash_segmentErase</name>
         <load_address>0x8f0c</load_address>
         <run_address>0x8f0c</run_address>
         <size>0x2c</size>
         <input_file_ref idref="fl-c"/>
      </object_component>
      <object_component id="oc-397">
         <name>.text:SwapIPHeader</name>
         <load_address>0x8f38</load_address>
         <run_address>0x8f38</run_address>
         <size>0x2c</size>
         <input_file_ref idref="fl-5"/>
      </object_component>
      <object_component id="oc-3d8">
         <name>.text:TFTPGet</name>
         <load_address>0x8f64</load_address>
         <run_address>0x8f64</run_address>
         <size>0x2c</size>
         <input_file_ref idref="fl-3"/>
      </object_component>
      <object_component id="oc-352">
         <name>.text:SwapARPPacket</name>
         <load_address>0x8f90</load_address>
         <run_address>0x8f90</run_address>
         <size>0x2a</size>
         <input_file_ref idref="fl-8"/>
      </object_component>
      <object_component id="oc-457">
         <name>.text:UDPGet</name>
         <load_address>0x8fba</load_address>
         <run_address>0x8fba</run_address>
         <size>0x2a</size>
         <input_file_ref idref="fl-2"/>
      </object_component>
      <object_component id="oc-5ec">
         <name>.text:_TFTPSendAck</name>
         <load_address>0x8fe4</load_address>
         <run_address>0x8fe4</run_address>
         <size>0x2a</size>
         <input_file_ref idref="fl-3"/>
      </object_component>
      <object_component id="oc-1fd">
         <name>.text:TFTPOpen</name>
         <load_address>0x900e</load_address>
         <run_address>0x900e</run_address>
         <size>0x28</size>
         <input_file_ref idref="fl-3"/>
      </object_component>
      <object_component id="oc-309">
         <name>.text:TickGetDiv256</name>
         <load_address>0x9036</load_address>
         <run_address>0x9036</run_address>
         <size>0x28</size>
         <input_file_ref idref="fl-f"/>
      </object_component>
      <object_component id="oc-277">
         <name>.text:UDPIsGetReady</name>
         <load_address>0x905e</load_address>
         <run_address>0x905e</run_address>
         <size>0x28</size>
         <input_file_ref idref="fl-2"/>
      </object_component>
      <object_component id="oc-df">
         <name>.text:InitializeButton</name>
         <load_address>0x9086</load_address>
         <run_address>0x9086</run_address>
         <size>0x26</size>
         <input_file_ref idref="fl-a"/>
      </object_component>
      <object_component id="oc-4a3">
         <name>.text:UDPPut</name>
         <load_address>0x90ac</load_address>
         <run_address>0x90ac</run_address>
         <size>0x26</size>
         <input_file_ref idref="fl-2"/>
      </object_component>
      <object_component id="oc-236">
         <name>.text:BankSel</name>
         <load_address>0x90d2</load_address>
         <run_address>0x90d2</run_address>
         <size>0x22</size>
         <input_file_ref idref="fl-11"/>
      </object_component>
      <object_component id="oc-e9">
         <name>.text:InitializeIO</name>
         <load_address>0x90f4</load_address>
         <run_address>0x90f4</run_address>
         <size>0x22</size>
         <input_file_ref idref="fl-a"/>
      </object_component>
      <object_component id="oc-684">
         <name>.text</name>
         <load_address>0x9116</load_address>
         <run_address>0x9116</run_address>
         <size>0x22</size>
         <input_file_ref idref="fl-59"/>
      </object_component>
      <object_component id="oc-381">
         <name>.text:swaps</name>
         <load_address>0x9138</load_address>
         <run_address>0x9138</run_address>
         <size>0x22</size>
         <input_file_ref idref="fl-12"/>
      </object_component>
      <object_component id="oc-161">
         <name>.text:ARPInit</name>
         <load_address>0x915a</load_address>
         <run_address>0x915a</run_address>
         <size>0x20</size>
         <input_file_ref idref="fl-8"/>
      </object_component>
      <object_component id="oc-1af">
         <name>.text:UDPDiscard</name>
         <load_address>0x917a</load_address>
         <run_address>0x917a</run_address>
         <size>0x1e</size>
         <input_file_ref idref="fl-2"/>
      </object_component>
      <object_component id="oc-340">
         <name>.text:MACIsMemCopyDone</name>
         <load_address>0x9198</load_address>
         <run_address>0x9198</run_address>
         <size>0x1c</size>
         <input_file_ref idref="fl-11"/>
      </object_component>
      <object_component id="oc-166">
         <name>.text:UDPInit</name>
         <load_address>0x91b4</load_address>
         <run_address>0x91b4</run_address>
         <size>0x1c</size>
         <input_file_ref idref="fl-2"/>
      </object_component>
      <object_component id="oc-327">
         <name>.text:MACIsTxReady</name>
         <load_address>0x91d0</load_address>
         <run_address>0x91d0</run_address>
         <size>0x1a</size>
         <input_file_ref idref="fl-11"/>
      </object_component>
      <object_component id="oc-105">
         <name>.text:TFTPInit</name>
         <load_address>0x91ea</load_address>
         <run_address>0x91ea</run_address>
         <size>0x1a</size>
         <input_file_ref idref="fl-9"/>
      </object_component>
      <object_component id="oc-171">
         <name>.text:DHCPDisable</name>
         <load_address>0x9204</load_address>
         <run_address>0x9204</run_address>
         <size>0x18</size>
         <input_file_ref idref="fl-7"/>
      </object_component>
      <object_component id="oc-3c9">
         <name>.text:TFTPIsFileOpened</name>
         <load_address>0x921c</load_address>
         <run_address>0x921c</run_address>
         <size>0x16</size>
         <input_file_ref idref="fl-3"/>
      </object_component>
      <object_component id="oc-49b">
         <name>.text:UDPSetTxBuffer</name>
         <load_address>0x9232</load_address>
         <run_address>0x9232</run_address>
         <size>0x16</size>
         <input_file_ref idref="fl-2"/>
      </object_component>
      <object_component id="oc-2dd">
         <name>.text</name>
         <load_address>0x9248</load_address>
         <run_address>0x9248</run_address>
         <size>0x16</size>
         <input_file_ref idref="fl-4f"/>
      </object_component>
      <object_component id="oc-17d">
         <name>.text:MACIsLinked</name>
         <load_address>0x925e</load_address>
         <run_address>0x925e</run_address>
         <size>0x14</size>
         <input_file_ref idref="fl-11"/>
      </object_component>
      <object_component id="oc-626">
         <name>.text:TickUpdate</name>
         <load_address>0x9272</load_address>
         <run_address>0x9272</run_address>
         <size>0x14</size>
         <input_file_ref idref="fl-f"/>
      </object_component>
      <object_component id="oc-44f">
         <name>.text:UDPSetRxBuffer</name>
         <load_address>0x9286</load_address>
         <run_address>0x9286</run_address>
         <size>0x14</size>
         <input_file_ref idref="fl-2"/>
      </object_component>
      <object_component id="oc-2e2">
         <name>.text:memset</name>
         <load_address>0x929a</load_address>
         <run_address>0x929a</run_address>
         <size>0x14</size>
         <input_file_ref idref="fl-4e"/>
      </object_component>
      <object_component id="oc-358">
         <name>.text:memcpy</name>
         <load_address>0x92ae</load_address>
         <run_address>0x92ae</run_address>
         <size>0x12</size>
         <input_file_ref idref="fl-4c"/>
      </object_component>
      <object_component id="oc-e4">
         <name>.text:InitializeLeds</name>
         <load_address>0x92c0</load_address>
         <run_address>0x92c0</run_address>
         <size>0xe</size>
         <input_file_ref idref="fl-a"/>
      </object_component>
      <object_component id="oc-284">
         <name>.text:TickGet</name>
         <load_address>0x92ce</load_address>
         <run_address>0x92ce</run_address>
         <size>0xe</size>
         <input_file_ref idref="fl-f"/>
      </object_component>
      <object_component id="oc-86">
         <name>.text:decompress:rle24:__TI_decompress_rle24</name>
         <load_address>0x92dc</load_address>
         <run_address>0x92dc</run_address>
         <size>0xe</size>
         <input_file_ref idref="fl-34"/>
      </object_component>
      <object_component id="oc-3a9">
         <name>.text:IPSetRxBuffer</name>
         <load_address>0x92ea</load_address>
         <run_address>0x92ea</run_address>
         <size>0xc</size>
         <input_file_ref idref="fl-5"/>
      </object_component>
      <object_component id="oc-203">
         <name>.text:ParserInit</name>
         <load_address>0x92f6</load_address>
         <run_address>0x92f6</run_address>
         <size>0xa</size>
         <input_file_ref idref="fl-10"/>
      </object_component>
      <object_component id="oc-191">
         <name>.text:DHCPIsBound</name>
         <load_address>0x9300</load_address>
         <run_address>0x9300</run_address>
         <size>0x8</size>
         <input_file_ref idref="fl-7"/>
      </object_component>
      <object_component id="oc-da">
         <name>.text:InitializeTimers</name>
         <load_address>0x9308</load_address>
         <run_address>0x9308</run_address>
         <size>0x8</size>
         <input_file_ref idref="fl-d"/>
      </object_component>
      <object_component id="oc-3e0">
         <name>.text:TFTPGetState</name>
         <load_address>0x9310</load_address>
         <run_address>0x9310</run_address>
         <size>0x6</size>
         <input_file_ref idref="fl-3"/>
      </object_component>
      <object_component id="oc-90">
         <name>.text:__TI_ISR_TRAP</name>
         <load_address>0x9316</load_address>
         <run_address>0x9316</run_address>
         <size>0x6</size>
         <input_file_ref idref="fl-4a"/>
      </object_component>
      <object_component id="oc-94">
         <name>.text:_system_pre_init</name>
         <load_address>0x931c</load_address>
         <run_address>0x931c</run_address>
         <size>0x4</size>
         <input_file_ref idref="fl-50"/>
      </object_component>
      <object_component id="oc-a3">
         <name>.text:abort</name>
         <load_address>0x9320</load_address>
         <run_address>0x9320</run_address>
         <size>0x4</size>
         <input_file_ref idref="fl-37"/>
      </object_component>
      <object_component id="oc-110">
         <name>.text:StackApplications</name>
         <load_address>0x9324</load_address>
         <run_address>0x9324</run_address>
         <size>0x2</size>
         <input_file_ref idref="fl-4"/>
      </object_component>
      <object_component id="oc-51f">
         <name>.text:_nop</name>
         <load_address>0x9326</load_address>
         <run_address>0x9326</run_address>
         <size>0x2</size>
         <input_file_ref idref="fl-53"/>
      </object_component>
      <object_component id="oc-6c">
         <name>.text:_isr:_c_int00_noexit</name>
         <load_address>0x5d06</load_address>
         <run_address>0x5d06</run_address>
         <size>0x1a</size>
         <input_file_ref idref="fl-32"/>
      </object_component>
      <object_component id="oc-70b">
         <name>.cinit..data.load</name>
         <load_address>0x9328</load_address>
         <run_address>0x9328</run_address>
         <size>0x1f</size>
      </object_component>
      <object_component id="oc-708">
         <name>__TI_handler_table</name>
         <load_address>0x9348</load_address>
         <run_address>0x9348</run_address>
         <size>0xc</size>
      </object_component>
      <object_component id="oc-70a">
         <name>.cinit..bss.load</name>
         <load_address>0x9354</load_address>
         <run_address>0x9354</run_address>
         <size>0x6</size>
      </object_component>
      <object_component id="oc-709">
         <name>__TI_cinit_table</name>
         <load_address>0x935a</load_address>
         <run_address>0x935a</run_address>
         <size>0x10</size>
      </object_component>
      <object_component id="oc-682">
         <name>.const:.string:_ctypes_</name>
         <load_address>0x5c00</load_address>
         <run_address>0x5c00</run_address>
         <size>0x102</size>
         <input_file_ref idref="fl-56"/>
      </object_component>
      <object_component id="oc-517">
         <name>.const</name>
         <load_address>0x5d02</load_address>
         <run_address>0x5d02</run_address>
         <size>0x4</size>
         <input_file_ref idref="fl-11"/>
      </object_component>
      <object_component id="oc-65">
         <name>.int41</name>
         <load_address>0xffd2</load_address>
         <run_address>0xffd2</run_address>
         <size>0x2</size>
         <input_file_ref idref="fl-38"/>
      </object_component>
      <object_component id="oc-66">
         <name>.int42</name>
         <load_address>0xffd4</load_address>
         <run_address>0xffd4</run_address>
         <size>0x2</size>
         <input_file_ref idref="fl-39"/>
      </object_component>
      <object_component id="oc-67">
         <name>.int45</name>
         <load_address>0xffda</load_address>
         <run_address>0xffda</run_address>
         <size>0x2</size>
         <input_file_ref idref="fl-3a"/>
      </object_component>
      <object_component id="oc-68">
         <name>.int46</name>
         <load_address>0xffdc</load_address>
         <run_address>0xffdc</run_address>
         <size>0x2</size>
         <input_file_ref idref="fl-3b"/>
      </object_component>
      <object_component id="oc-69">
         <name>.int47</name>
         <load_address>0xffde</load_address>
         <run_address>0xffde</run_address>
         <size>0x2</size>
         <input_file_ref idref="fl-3c"/>
      </object_component>
      <object_component id="oc-6a">
         <name>.int48</name>
         <load_address>0xffe0</load_address>
         <run_address>0xffe0</run_address>
         <size>0x2</size>
         <input_file_ref idref="fl-3d"/>
      </object_component>
      <object_component id="oc-6b">
         <name>.int49</name>
         <load_address>0xffe2</load_address>
         <run_address>0xffe2</run_address>
         <size>0x2</size>
         <input_file_ref idref="fl-3e"/>
      </object_component>
      <object_component id="oc-71">
         <name>.int50</name>
         <load_address>0xffe4</load_address>
         <run_address>0xffe4</run_address>
         <size>0x2</size>
         <input_file_ref idref="fl-3f"/>
      </object_component>
      <object_component id="oc-72">
         <name>.int53</name>
         <load_address>0xffea</load_address>
         <run_address>0xffea</run_address>
         <size>0x2</size>
         <input_file_ref idref="fl-40"/>
      </object_component>
      <object_component id="oc-73">
         <name>.int54</name>
         <load_address>0xffec</load_address>
         <run_address>0xffec</run_address>
         <size>0x2</size>
         <input_file_ref idref="fl-41"/>
      </object_component>
      <object_component id="oc-74">
         <name>.int55</name>
         <load_address>0xffee</load_address>
         <run_address>0xffee</run_address>
         <size>0x2</size>
         <input_file_ref idref="fl-42"/>
      </object_component>
      <object_component id="oc-75">
         <name>.int56</name>
         <load_address>0xfff0</load_address>
         <run_address>0xfff0</run_address>
         <size>0x2</size>
         <input_file_ref idref="fl-43"/>
      </object_component>
      <object_component id="oc-76">
         <name>.int57</name>
         <load_address>0xfff2</load_address>
         <run_address>0xfff2</run_address>
         <size>0x2</size>
         <input_file_ref idref="fl-44"/>
      </object_component>
      <object_component id="oc-77">
         <name>.int58</name>
         <load_address>0xfff4</load_address>
         <run_address>0xfff4</run_address>
         <size>0x2</size>
         <input_file_ref idref="fl-45"/>
      </object_component>
      <object_component id="oc-78">
         <name>.int59</name>
         <load_address>0xfff6</load_address>
         <run_address>0xfff6</run_address>
         <size>0x2</size>
         <input_file_ref idref="fl-46"/>
      </object_component>
      <object_component id="oc-79">
         <name>.int60</name>
         <load_address>0xfff8</load_address>
         <run_address>0xfff8</run_address>
         <size>0x2</size>
         <input_file_ref idref="fl-47"/>
      </object_component>
      <object_component id="oc-7a">
         <name>.int61</name>
         <load_address>0xfffa</load_address>
         <run_address>0xfffa</run_address>
         <size>0x2</size>
         <input_file_ref idref="fl-48"/>
      </object_component>
      <object_component id="oc-7b">
         <name>.int62</name>
         <load_address>0xfffc</load_address>
         <run_address>0xfffc</run_address>
         <size>0x2</size>
         <input_file_ref idref="fl-49"/>
      </object_component>
      <object_component id="oc-8d">
         <name>.reset</name>
         <load_address>0xfffe</load_address>
         <run_address>0xfffe</run_address>
         <size>0x2</size>
         <input_file_ref idref="fl-32"/>
      </object_component>
      <object_component id="oc-641">
         <name>.common:wPutOffset</name>
         <uninitialized>true</uninitialized>
         <run_address>0x228e</run_address>
         <size>0x2</size>
      </object_component>
      <object_component id="oc-623">
         <name>.common:wGetOffset</name>
         <uninitialized>true</uninitialized>
         <run_address>0x228c</run_address>
         <size>0x2</size>
      </object_component>
      <object_component id="oc-44e">
         <name>.common:Flags</name>
         <uninitialized>true</uninitialized>
         <run_address>0x2291</run_address>
         <size>0x1</size>
      </object_component>
      <object_component id="oc-497">
         <name>.common:NextPort$1</name>
         <uninitialized>true</uninitialized>
         <run_address>0x2264</run_address>
         <size>0x2</size>
      </object_component>
      <object_component id="oc-645">
         <name>.common:UDPSocketInfo</name>
         <uninitialized>true</uninitialized>
         <run_address>0x2126</run_address>
         <size>0xc0</size>
      </object_component>
      <object_component id="oc-644">
         <name>.common:activeUDPSocket</name>
         <uninitialized>true</uninitialized>
         <run_address>0x2295</run_address>
         <size>0x1</size>
      </object_component>
      <object_component id="oc-64e">
         <name>.common:UDPTxCount</name>
         <uninitialized>true</uninitialized>
         <run_address>0x2268</run_address>
         <size>0x2</size>
      </object_component>
      <object_component id="oc-621">
         <name>.common:UDPRxCount</name>
         <uninitialized>true</uninitialized>
         <run_address>0x2266</run_address>
         <size>0x2</size>
      </object_component>
      <object_component id="oc-67a">
         <name>.common:MutExVar</name>
         <uninitialized>true</uninitialized>
         <run_address>0x222c</run_address>
         <size>0xa</size>
      </object_component>
      <object_component id="oc-677">
         <name>.common:_tftpState</name>
         <uninitialized>true</uninitialized>
         <run_address>0x2270</run_address>
         <size>0x2</size>
      </object_component>
      <object_component id="oc-66d">
         <name>.common:_tftpRetries</name>
         <uninitialized>true</uninitialized>
         <run_address>0x2293</run_address>
         <size>0x1</size>
      </object_component>
      <object_component id="oc-661">
         <name>.common:_tftpStartTick</name>
         <uninitialized>true</uninitialized>
         <run_address>0x2258</run_address>
         <size>0x4</size>
      </object_component>
      <object_component id="oc-676">
         <name>.common:_tftpFlags</name>
         <uninitialized>true</uninitialized>
         <run_address>0x226e</run_address>
         <size>0x2</size>
      </object_component>
      <object_component id="oc-679">
         <name>.common:_tftpSocket</name>
         <uninitialized>true</uninitialized>
         <run_address>0x2294</run_address>
         <size>0x1</size>
      </object_component>
      <object_component id="oc-664">
         <name>.common:_tftpError</name>
         <uninitialized>true</uninitialized>
         <run_address>0x226c</run_address>
         <size>0x2</size>
      </object_component>
      <object_component id="oc-158">
         <name>.common:smStack</name>
         <uninitialized>true</uninitialized>
         <run_address>0x2284</run_address>
         <size>0x2</size>
      </object_component>
      <object_component id="oc-1c0">
         <name>.common:remoteNode</name>
         <uninitialized>true</uninitialized>
         <run_address>0x2240</run_address>
         <size>0xa</size>
      </object_component>
      <object_component id="oc-515">
         <name>.common:IPHeaderLen</name>
         <uninitialized>true</uninitialized>
         <run_address>0x2292</run_address>
         <size>0x1</size>
      </object_component>
      <object_component id="oc-4b7">
         <name>.common:DHCPClient</name>
         <uninitialized>true</uninitialized>
         <run_address>0x2000</run_address>
         <size>0x126</size>
      </object_component>
      <object_component id="oc-4d2">
         <name>.common:Cache</name>
         <uninitialized>true</uninitialized>
         <run_address>0x2222</run_address>
         <size>0xa</size>
      </object_component>
      <object_component id="oc-366">
         <name>.common:Target$1</name>
         <uninitialized>true</uninitialized>
         <run_address>0x2236</run_address>
         <size>0xa</size>
      </object_component>
      <object_component id="oc-3f8">
         <name>.common:bytesReceived</name>
         <uninitialized>true</uninitialized>
         <run_address>0x2276</run_address>
         <size>0x2</size>
      </object_component>
      <object_component id="oc-3fa">
         <name>.common:blockRead</name>
         <uninitialized>true</uninitialized>
         <run_address>0x2272</run_address>
         <size>0x2</size>
      </object_component>
      <object_component id="oc-3f9">
         <name>.common:parserStatus</name>
         <uninitialized>true</uninitialized>
         <run_address>0x2280</run_address>
         <size>0x2</size>
      </object_component>
      <object_component id="oc-3f0">
         <name>.common:tftpBuffer</name>
         <uninitialized>true</uninitialized>
         <run_address>0x228a</run_address>
         <size>0x2</size>
      </object_component>
      <object_component id="oc-3f1">
         <name>.common:currentPtr$3</name>
         <uninitialized>true</uninitialized>
         <run_address>0x227a</run_address>
         <size>0x2</size>
      </object_component>
      <object_component id="oc-11b">
         <name>.common:gotoProgram</name>
         <uninitialized>true</uninitialized>
         <run_address>0x225c</run_address>
         <size>0x4</size>
      </object_component>
      <object_component id="oc-654">
         <name>.common:AppConfig</name>
         <uninitialized>true</uninitialized>
         <run_address>0x21e6</run_address>
         <size>0x3c</size>
      </object_component>
      <object_component id="oc-630">
         <name>.common:vTickReading</name>
         <uninitialized>true</uninitialized>
         <run_address>0x2252</run_address>
         <size>0x6</size>
      </object_component>
      <object_component id="oc-5d3">
         <name>.common:bufferTxtFile</name>
         <uninitialized>true</uninitialized>
         <run_address>0x2274</run_address>
         <size>0x2</size>
      </object_component>
      <object_component id="oc-5df">
         <name>.common:parserStatus</name>
         <uninitialized>true</uninitialized>
         <run_address>0x2282</run_address>
         <size>0x2</size>
      </object_component>
      <object_component id="oc-5cc">
         <name>.common:currentCodePtr$1</name>
         <uninitialized>true</uninitialized>
         <run_address>0x2278</run_address>
         <size>0x2</size>
      </object_component>
      <object_component id="oc-5d6">
         <name>.common:currentTxtPtr$2</name>
         <uninitialized>true</uninitialized>
         <run_address>0x227c</run_address>
         <size>0x2</size>
      </object_component>
      <object_component id="oc-5d0">
         <name>.common:textBuf$3</name>
         <uninitialized>true</uninitialized>
         <run_address>0x224a</run_address>
         <size>0x8</size>
      </object_component>
      <object_component id="oc-5d9">
         <name>.common:nNewlineChar$4</name>
         <uninitialized>true</uninitialized>
         <run_address>0x2298</run_address>
         <size>0x1</size>
      </object_component>
      <object_component id="oc-5da">
         <name>.common:nWhitespaceChar$5</name>
         <uninitialized>true</uninitialized>
         <run_address>0x229a</run_address>
         <size>0x1</size>
      </object_component>
      <object_component id="oc-5d8">
         <name>.common:nNibble$6</name>
         <uninitialized>true</uninitialized>
         <run_address>0x2299</run_address>
         <size>0x1</size>
      </object_component>
      <object_component id="oc-5db">
         <name>.common:c$13</name>
         <uninitialized>true</uninitialized>
         <run_address>0x2297</run_address>
         <size>0x1</size>
      </object_component>
      <object_component id="oc-5b4">
         <name>.common:v$14</name>
         <uninitialized>true</uninitialized>
         <run_address>0x229b</run_address>
         <size>0x1</size>
      </object_component>
      <object_component id="oc-59a">
         <name>.common:aux$15</name>
         <uninitialized>true</uninitialized>
         <run_address>0x2296</run_address>
         <size>0x1</size>
      </object_component>
      <object_component id="oc-4ff">
         <name>.common:NextPacketLocation</name>
         <uninitialized>true</uninitialized>
         <run_address>0x2262</run_address>
         <size>0x2</size>
      </object_component>
      <object_component id="oc-50d">
         <name>.common:CurrentPacketLocation</name>
         <uninitialized>true</uninitialized>
         <run_address>0x2260</run_address>
         <size>0x2</size>
      </object_component>
      <object_component id="oc-4fe">
         <name>.common:WasDiscarded</name>
         <uninitialized>true</uninitialized>
         <run_address>0x226a</run_address>
         <size>0x2</size>
      </object_component>
      <object_component id="oc-4f9">
         <name>.common:ENCRevID</name>
         <uninitialized>true</uninitialized>
         <run_address>0x2290</run_address>
         <size>0x1</size>
      </object_component>
      <object_component id="oc-680">
         <name>.common:sys_free</name>
         <uninitialized>true</uninitialized>
         <run_address>0x2288</run_address>
         <size>0x2</size>
      </object_component>
      <object_component id="oc-52d">
         <name>.common:sys_base</name>
         <uninitialized>true</uninitialized>
         <run_address>0x2286</run_address>
         <size>0x2</size>
      </object_component>
      <object_component id="oc-52c">
         <name>.common:memsize</name>
         <uninitialized>true</uninitialized>
         <run_address>0x227e</run_address>
         <size>0x2</size>
      </object_component>
      <object_component id="oc-10a">
         <name>.data</name>
         <load_address>0x22aa</load_address>
         <run_address>0x22aa</run_address>
         <size>0x8</size>
         <input_file_ref idref="fl-9"/>
      </object_component>
      <object_component id="oc-182">
         <name>.data</name>
         <load_address>0x22c4</load_address>
         <run_address>0x22c4</run_address>
         <size>0x2</size>
         <input_file_ref idref="fl-4"/>
      </object_component>
      <object_component id="oc-25e">
         <name>.data</name>
         <load_address>0x22c0</load_address>
         <run_address>0x22c0</run_address>
         <size>0x2</size>
         <input_file_ref idref="fl-7"/>
      </object_component>
      <object_component id="oc-34c">
         <name>.data</name>
         <load_address>0x22be</load_address>
         <run_address>0x22be</run_address>
         <size>0x2</size>
         <input_file_ref idref="fl-8"/>
      </object_component>
      <object_component id="oc-378">
         <name>.data</name>
         <load_address>0x22c6</load_address>
         <run_address>0x22c6</run_address>
         <size>0x2</size>
         <input_file_ref idref="fl-2"/>
      </object_component>
      <object_component id="oc-3bc">
         <name>.data</name>
         <load_address>0x22b2</load_address>
         <run_address>0x22b2</run_address>
         <size>0x8</size>
         <input_file_ref idref="fl-53"/>
      </object_component>
      <object_component id="oc-3be">
         <name>.data</name>
         <load_address>0x22ca</load_address>
         <run_address>0x22ca</run_address>
         <size>0x2</size>
         <input_file_ref idref="fl-4d"/>
      </object_component>
      <object_component id="oc-4e6">
         <name>.data</name>
         <load_address>0x22c2</load_address>
         <run_address>0x22c2</run_address>
         <size>0x2</size>
         <input_file_ref idref="fl-5"/>
      </object_component>
      <object_component id="oc-556">
         <name>.data</name>
         <load_address>0x229c</load_address>
         <run_address>0x229c</run_address>
         <size>0xe</size>
         <input_file_ref idref="fl-10"/>
      </object_component>
      <object_component id="oc-62d">
         <name>.data</name>
         <load_address>0x22ba</load_address>
         <run_address>0x22ba</run_address>
         <size>0x4</size>
         <input_file_ref idref="fl-f"/>
      </object_component>
      <object_component id="oc-68c">
         <name>.data</name>
         <load_address>0x22c8</load_address>
         <run_address>0x22c8</run_address>
         <size>0x2</size>
         <input_file_ref idref="fl-58"/>
      </object_component>
      <object_component id="oc-6d">
         <name>.debug_info</name>
         <load_address>0x0</load_address>
         <run_address>0x0</run_address>
         <size>0x125</size>
         <input_file_ref idref="fl-32"/>
      </object_component>
      <object_component id="oc-7e">
         <name>.debug_info</name>
         <load_address>0x125</load_address>
         <run_address>0x125</run_address>
         <size>0x1b4</size>
         <input_file_ref idref="fl-33"/>
      </object_component>
      <object_component id="oc-84">
         <name>.debug_info</name>
         <load_address>0x2d9</load_address>
         <run_address>0x2d9</run_address>
         <size>0x183</size>
         <input_file_ref idref="fl-35"/>
      </object_component>
      <object_component id="oc-87">
         <name>.debug_info</name>
         <load_address>0x45c</load_address>
         <run_address>0x45c</run_address>
         <size>0x1a7</size>
         <input_file_ref idref="fl-34"/>
      </object_component>
      <object_component id="oc-8c">
         <name>.debug_info</name>
         <load_address>0x603</load_address>
         <run_address>0x603</run_address>
         <size>0xaa</size>
         <input_file_ref idref="fl-32"/>
      </object_component>
      <object_component id="oc-8f">
         <name>.debug_info</name>
         <load_address>0x6ad</load_address>
         <run_address>0x6ad</run_address>
         <size>0xb6</size>
         <input_file_ref idref="fl-4d"/>
      </object_component>
      <object_component id="oc-91">
         <name>.debug_info</name>
         <load_address>0x763</load_address>
         <run_address>0x763</run_address>
         <size>0xc2</size>
         <input_file_ref idref="fl-4a"/>
      </object_component>
      <object_component id="oc-96">
         <name>.debug_info</name>
         <load_address>0x825</load_address>
         <run_address>0x825</run_address>
         <size>0xfd</size>
         <input_file_ref idref="fl-50"/>
      </object_component>
      <object_component id="oc-9a">
         <name>.debug_info</name>
         <load_address>0x922</load_address>
         <run_address>0x922</run_address>
         <size>0x176</size>
         <input_file_ref idref="fl-55"/>
      </object_component>
      <object_component id="oc-9f">
         <name>.debug_info</name>
         <load_address>0xa98</load_address>
         <run_address>0xa98</run_address>
         <size>0x1ef</size>
         <input_file_ref idref="fl-9"/>
      </object_component>
      <object_component id="oc-a7">
         <name>.debug_info</name>
         <load_address>0xc87</load_address>
         <run_address>0xc87</run_address>
         <size>0xcc</size>
         <input_file_ref idref="fl-37"/>
      </object_component>
      <object_component id="oc-ab">
         <name>.debug_info</name>
         <load_address>0xd53</load_address>
         <run_address>0xd53</run_address>
         <size>0xcd</size>
         <input_file_ref idref="fl-36"/>
      </object_component>
      <object_component id="oc-ae">
         <name>.debug_info</name>
         <load_address>0xe20</load_address>
         <run_address>0xe20</run_address>
         <size>0x46</size>
         <input_file_ref idref="fl-33"/>
      </object_component>
      <object_component id="oc-b3">
         <name>.debug_info</name>
         <load_address>0xe66</load_address>
         <run_address>0xe66</run_address>
         <size>0x184</size>
         <input_file_ref idref="fl-33"/>
      </object_component>
      <object_component id="oc-b5">
         <name>.debug_info</name>
         <load_address>0xfea</load_address>
         <run_address>0xfea</run_address>
         <size>0x46</size>
         <input_file_ref idref="fl-35"/>
      </object_component>
      <object_component id="oc-ba">
         <name>.debug_info</name>
         <load_address>0x1030</load_address>
         <run_address>0x1030</run_address>
         <size>0x17f</size>
         <input_file_ref idref="fl-35"/>
      </object_component>
      <object_component id="oc-bc">
         <name>.debug_info</name>
         <load_address>0x11af</load_address>
         <run_address>0x11af</run_address>
         <size>0x266</size>
         <input_file_ref idref="fl-34"/>
      </object_component>
      <object_component id="oc-c1">
         <name>.debug_info</name>
         <load_address>0x1415</load_address>
         <run_address>0x1415</run_address>
         <size>0x189</size>
         <input_file_ref idref="fl-34"/>
      </object_component>
      <object_component id="oc-c2">
         <name>.debug_info</name>
         <load_address>0x159e</load_address>
         <run_address>0x159e</run_address>
         <size>0x39</size>
         <input_file_ref idref="fl-34"/>
      </object_component>
      <object_component id="oc-c9">
         <name>.debug_info</name>
         <load_address>0x15d7</load_address>
         <run_address>0x15d7</run_address>
         <size>0x84</size>
         <input_file_ref idref="fl-2"/>
      </object_component>
      <object_component id="oc-d0">
         <name>.debug_info</name>
         <load_address>0x165b</load_address>
         <run_address>0x165b</run_address>
         <size>0x245</size>
         <input_file_ref idref="fl-4d"/>
      </object_component>
      <object_component id="oc-d4">
         <name>.debug_info</name>
         <load_address>0x18a0</load_address>
         <run_address>0x18a0</run_address>
         <size>0x2e0</size>
         <input_file_ref idref="fl-55"/>
      </object_component>
      <object_component id="oc-d6">
         <name>.debug_info</name>
         <load_address>0x1b80</load_address>
         <run_address>0x1b80</run_address>
         <size>0x113</size>
         <input_file_ref idref="fl-d"/>
      </object_component>
      <object_component id="oc-dd">
         <name>.debug_info</name>
         <load_address>0x1c93</load_address>
         <run_address>0x1c93</run_address>
         <size>0x104</size>
         <input_file_ref idref="fl-d"/>
      </object_component>
      <object_component id="oc-e0">
         <name>.debug_info</name>
         <load_address>0x1d97</load_address>
         <run_address>0x1d97</run_address>
         <size>0x11c</size>
         <input_file_ref idref="fl-a"/>
      </object_component>
      <object_component id="oc-e6">
         <name>.debug_info</name>
         <load_address>0x1eb3</load_address>
         <run_address>0x1eb3</run_address>
         <size>0x118</size>
         <input_file_ref idref="fl-a"/>
      </object_component>
      <object_component id="oc-eb">
         <name>.debug_info</name>
         <load_address>0x1fcb</load_address>
         <run_address>0x1fcb</run_address>
         <size>0x114</size>
         <input_file_ref idref="fl-a"/>
      </object_component>
      <object_component id="oc-ef">
         <name>.debug_info</name>
         <load_address>0x20df</load_address>
         <run_address>0x20df</run_address>
         <size>0x107</size>
         <input_file_ref idref="fl-e"/>
      </object_component>
      <object_component id="oc-f5">
         <name>.debug_info</name>
         <load_address>0x21e6</load_address>
         <run_address>0x21e6</run_address>
         <size>0x104</size>
         <input_file_ref idref="fl-d"/>
      </object_component>
      <object_component id="oc-f9">
         <name>.debug_info</name>
         <load_address>0x22ea</load_address>
         <run_address>0x22ea</run_address>
         <size>0x176</size>
         <input_file_ref idref="fl-4"/>
      </object_component>
      <object_component id="oc-fe">
         <name>.debug_info</name>
         <load_address>0x2460</load_address>
         <run_address>0x2460</run_address>
         <size>0x2a1</size>
         <input_file_ref idref="fl-4"/>
      </object_component>
      <object_component id="oc-103">
         <name>.debug_info</name>
         <load_address>0x2701</load_address>
         <run_address>0x2701</run_address>
         <size>0x249</size>
         <input_file_ref idref="fl-e"/>
      </object_component>
      <object_component id="oc-106">
         <name>.debug_info</name>
         <load_address>0x294a</load_address>
         <run_address>0x294a</run_address>
         <size>0xfb</size>
         <input_file_ref idref="fl-9"/>
      </object_component>
      <object_component id="oc-10b">
         <name>.debug_info</name>
         <load_address>0x2a45</load_address>
         <run_address>0x2a45</run_address>
         <size>0xf2</size>
         <input_file_ref idref="fl-9"/>
      </object_component>
      <object_component id="oc-10c">
         <name>.debug_info</name>
         <load_address>0x2b37</load_address>
         <run_address>0x2b37</run_address>
         <size>0x174</size>
         <input_file_ref idref="fl-9"/>
      </object_component>
      <object_component id="oc-10d">
         <name>.debug_info</name>
         <load_address>0x2cab</load_address>
         <run_address>0x2cab</run_address>
         <size>0x215</size>
         <input_file_ref idref="fl-9"/>
      </object_component>
      <object_component id="oc-10f">
         <name>.debug_info</name>
         <load_address>0x2ec0</load_address>
         <run_address>0x2ec0</run_address>
         <size>0x68a</size>
         <input_file_ref idref="fl-9"/>
      </object_component>
      <object_component id="oc-111">
         <name>.debug_info</name>
         <load_address>0x354a</load_address>
         <run_address>0x354a</run_address>
         <size>0x127</size>
         <input_file_ref idref="fl-4"/>
      </object_component>
      <object_component id="oc-128">
         <name>.debug_info</name>
         <load_address>0x3671</load_address>
         <run_address>0x3671</run_address>
         <size>0x2c</size>
         <input_file_ref idref="fl-2"/>
      </object_component>
      <object_component id="oc-12d">
         <name>.debug_info</name>
         <load_address>0x369d</load_address>
         <run_address>0x369d</run_address>
         <size>0x6f</size>
         <input_file_ref idref="fl-4d"/>
      </object_component>
      <object_component id="oc-134">
         <name>.debug_info</name>
         <load_address>0x370c</load_address>
         <run_address>0x370c</run_address>
         <size>0x39</size>
         <input_file_ref idref="fl-55"/>
      </object_component>
      <object_component id="oc-13a">
         <name>.debug_info</name>
         <load_address>0x3745</load_address>
         <run_address>0x3745</run_address>
         <size>0x173</size>
         <input_file_ref idref="fl-b"/>
      </object_component>
      <object_component id="oc-159">
         <name>.debug_info</name>
         <load_address>0x38b8</load_address>
         <run_address>0x38b8</run_address>
         <size>0x4ca</size>
         <input_file_ref idref="fl-4"/>
      </object_component>
      <object_component id="oc-15e">
         <name>.debug_info</name>
         <load_address>0x3d82</load_address>
         <run_address>0x3d82</run_address>
         <size>0x359</size>
         <input_file_ref idref="fl-11"/>
      </object_component>
      <object_component id="oc-164">
         <name>.debug_info</name>
         <load_address>0x40db</load_address>
         <run_address>0x40db</run_address>
         <size>0x104</size>
         <input_file_ref idref="fl-8"/>
      </object_component>
      <object_component id="oc-168">
         <name>.debug_info</name>
         <load_address>0x41df</load_address>
         <run_address>0x41df</run_address>
         <size>0x11b</size>
         <input_file_ref idref="fl-2"/>
      </object_component>
      <object_component id="oc-16c">
         <name>.debug_info</name>
         <load_address>0x42fa</load_address>
         <run_address>0x42fa</run_address>
         <size>0x13d</size>
         <input_file_ref idref="fl-7"/>
      </object_component>
      <object_component id="oc-172">
         <name>.debug_info</name>
         <load_address>0x4437</load_address>
         <run_address>0x4437</run_address>
         <size>0x13b</size>
         <input_file_ref idref="fl-7"/>
      </object_component>
      <object_component id="oc-177">
         <name>.debug_info</name>
         <load_address>0x4572</load_address>
         <run_address>0x4572</run_address>
         <size>0x1e8d</size>
         <input_file_ref idref="fl-2"/>
      </object_component>
      <object_component id="oc-17f">
         <name>.debug_info</name>
         <load_address>0x63ff</load_address>
         <run_address>0x63ff</run_address>
         <size>0x118</size>
         <input_file_ref idref="fl-11"/>
      </object_component>
      <object_component id="oc-18d">
         <name>.debug_info</name>
         <load_address>0x6517</load_address>
         <run_address>0x6517</run_address>
         <size>0x313</size>
         <input_file_ref idref="fl-7"/>
      </object_component>
      <object_component id="oc-193">
         <name>.debug_info</name>
         <load_address>0x682a</load_address>
         <run_address>0x682a</run_address>
         <size>0x130</size>
         <input_file_ref idref="fl-7"/>
      </object_component>
      <object_component id="oc-199">
         <name>.debug_info</name>
         <load_address>0x695a</load_address>
         <run_address>0x695a</run_address>
         <size>0x28a</size>
         <input_file_ref idref="fl-2"/>
      </object_component>
      <object_component id="oc-1a6">
         <name>.debug_info</name>
         <load_address>0x6be4</load_address>
         <run_address>0x6be4</run_address>
         <size>0x21a</size>
         <input_file_ref idref="fl-6"/>
      </object_component>
      <object_component id="oc-1ad">
         <name>.debug_info</name>
         <load_address>0x6dfe</load_address>
         <run_address>0x6dfe</run_address>
         <size>0x1c5</size>
         <input_file_ref idref="fl-8"/>
      </object_component>
      <object_component id="oc-1b0">
         <name>.debug_info</name>
         <load_address>0x6fc3</load_address>
         <run_address>0x6fc3</run_address>
         <size>0x11d</size>
         <input_file_ref idref="fl-2"/>
      </object_component>
      <object_component id="oc-1b7">
         <name>.debug_info</name>
         <load_address>0x70e0</load_address>
         <run_address>0x70e0</run_address>
         <size>0x213</size>
         <input_file_ref idref="fl-11"/>
      </object_component>
      <object_component id="oc-1bd">
         <name>.debug_info</name>
         <load_address>0x72f3</load_address>
         <run_address>0x72f3</run_address>
         <size>0x23e</size>
         <input_file_ref idref="fl-5"/>
      </object_component>
      <object_component id="oc-1c2">
         <name>.debug_info</name>
         <load_address>0x7531</load_address>
         <run_address>0x7531</run_address>
         <size>0x2b2</size>
         <input_file_ref idref="fl-2"/>
      </object_component>
      <object_component id="oc-1c9">
         <name>.debug_info</name>
         <load_address>0x77e3</load_address>
         <run_address>0x77e3</run_address>
         <size>0x1fc</size>
         <input_file_ref idref="fl-2"/>
      </object_component>
      <object_component id="oc-1d2">
         <name>.debug_info</name>
         <load_address>0x79df</load_address>
         <run_address>0x79df</run_address>
         <size>0x174</size>
         <input_file_ref idref="fl-4d"/>
      </object_component>
      <object_component id="oc-1db">
         <name>.debug_info</name>
         <load_address>0x7b53</load_address>
         <run_address>0x7b53</run_address>
         <size>0x8d</size>
         <input_file_ref idref="fl-9"/>
      </object_component>
      <object_component id="oc-1df">
         <name>.debug_info</name>
         <load_address>0x7be0</load_address>
         <run_address>0x7be0</run_address>
         <size>0x195</size>
         <input_file_ref idref="fl-2"/>
      </object_component>
      <object_component id="oc-1e8">
         <name>.debug_info</name>
         <load_address>0x7d75</load_address>
         <run_address>0x7d75</run_address>
         <size>0x5a</size>
         <input_file_ref idref="fl-9"/>
      </object_component>
      <object_component id="oc-1ed">
         <name>.debug_info</name>
         <load_address>0x7dcf</load_address>
         <run_address>0x7dcf</run_address>
         <size>0x1f6</size>
         <input_file_ref idref="fl-2"/>
      </object_component>
      <object_component id="oc-1fa">
         <name>.debug_info</name>
         <load_address>0x7fc5</load_address>
         <run_address>0x7fc5</run_address>
         <size>0x180</size>
         <input_file_ref idref="fl-3"/>
      </object_component>
      <object_component id="oc-200">
         <name>.debug_info</name>
         <load_address>0x8145</load_address>
         <run_address>0x8145</run_address>
         <size>0x14d</size>
         <input_file_ref idref="fl-3"/>
      </object_component>
      <object_component id="oc-206">
         <name>.debug_info</name>
         <load_address>0x8292</load_address>
         <run_address>0x8292</run_address>
         <size>0x132</size>
         <input_file_ref idref="fl-10"/>
      </object_component>
[...]
         <object_component_ref idref="oc-110"/>
      </symbol>
      <symbol id="sm-45a">
         <name>StackTask</name>
         <value>0x74c6</value>
         <object_component_ref idref="oc-fd"/>
      </symbol>
      <symbol id="sm-45b">
         <name>StackInit</name>
         <value>0x8d22</value>
         <object_component_ref idref="oc-f8"/>
      </symbol>
      <symbol id="sm-491">
         <name>IPGetHeader</name>
         <value>0x7dbc</value>
         <object_component_ref idref="oc-1bb"/>
      </symbol>
      <symbol id="sm-492">
         <name>CalcIPChecksum</name>
         <value>0x8e54</value>
         <object_component_ref idref="oc-3a4"/>
      </symbol>
      <symbol id="sm-493">
         <name>IPSetRxBuffer</name>
         <value>0x92ea</value>
         <object_component_ref idref="oc-3a9"/>
      </symbol>
      <symbol id="sm-494">
         <name>IPPutHeader</name>
         <value>0x80ae</value>
         <object_component_ref idref="oc-331"/>
      </symbol>
      <symbol id="sm-4a2">
         <name>ICMPProcess</name>
         <value>0x81be</value>
         <object_component_ref idref="oc-1a5"/>
      </symbol>
      <symbol id="sm-52b">
         <name>DHCPInit</name>
         <value>0x8c7a</value>
         <object_component_ref idref="oc-16b"/>
      </symbol>
      <symbol id="sm-52c">
         <name>DHCPDisable</name>
         <value>0x9204</value>
         <object_component_ref idref="oc-171"/>
      </symbol>
      <symbol id="sm-52d">
         <name>DHCPIsBound</name>
         <value>0x9300</value>
         <object_component_ref idref="oc-191"/>
      </symbol>
      <symbol id="sm-52e">
         <name>DHCPTask</name>
         <value>0x6148</value>
         <object_component_ref idref="oc-18c"/>
      </symbol>
      <symbol id="sm-52f">
         <name>DHCPClientInitializedOnce</name>
         <value>0x22c0</value>
         <object_component_ref idref="oc-25e"/>
      </symbol>
      <symbol id="sm-572">
         <name>ARPProcess</name>
         <value>0x77ac</value>
         <object_component_ref idref="oc-1aa"/>
      </symbol>
      <symbol id="sm-573">
         <name>SwapARPPacket</name>
         <value>0x8f90</value>
         <object_component_ref idref="oc-352"/>
      </symbol>
      <symbol id="sm-574">
         <name>ARPInit</name>
         <value>0x915a</value>
         <object_component_ref idref="oc-161"/>
      </symbol>
      <symbol id="sm-575">
         <name>ARPResolve</name>
         <value>0x85cc</value>
         <object_component_ref idref="oc-316"/>
      </symbol>
      <symbol id="sm-576">
         <name>ARPIsResolved</name>
         <value>0x87ec</value>
         <object_component_ref idref="oc-304"/>
      </symbol>
      <symbol id="sm-5c1">
         <name>gotoProgram</name>
         <value>0x225c</value>
      </symbol>
      <symbol id="sm-5c2">
         <name>TFTPInit</name>
         <value>0x91ea</value>
         <object_component_ref idref="oc-105"/>
      </symbol>
      <symbol id="sm-5c3">
         <name>isTFTPActivated</name>
         <value>0x22ac</value>
         <object_component_ref idref="oc-10a"/>
      </symbol>
      <symbol id="sm-5c4">
         <name>TFTPTask</name>
         <value>0x813c</value>
         <object_component_ref idref="oc-115"/>
      </symbol>
      <symbol id="sm-5c5">
         <name>main</name>
         <value>0x801e</value>
         <object_component_ref idref="oc-9e"/>
      </symbol>
      <symbol id="sm-5d9">
         <name>InitializeIO</name>
         <value>0x90f4</value>
         <object_component_ref idref="oc-e9"/>
      </symbol>
      <symbol id="sm-5da">
         <name>InitializeLeds</name>
         <value>0x92c0</value>
         <object_component_ref idref="oc-e4"/>
      </symbol>
      <symbol id="sm-5db">
         <name>InitializeButton</name>
         <value>0x9086</value>
         <object_component_ref idref="oc-df"/>
      </symbol>
      <symbol id="sm-5fe">
         <name>SetVCore</name>
         <value>0x8a8a</value>
         <object_component_ref idref="oc-139"/>
      </symbol>
      <symbol id="sm-5ff">
         <name>SetVCoreDown</name>
         <value>0x7e5a</value>
         <object_component_ref idref="oc-212"/>
      </symbol>
      <symbol id="sm-600">
         <name>SetVCoreUp</name>
         <value>0x795e</value>
         <object_component_ref idref="oc-20d"/>
      </symbol>
      <symbol id="sm-614">
         <name>Flash_segmentErase</name>
         <value>0x8f0c</value>
         <object_component_ref idref="oc-585"/>
      </symbol>
      <symbol id="sm-615">
         <name>Flash_write8</name>
         <value>0x8e82</value>
         <object_component_ref idref="oc-58a"/>
      </symbol>
      <symbol id="sm-62b">
         <name>InitializeEthSpi</name>
         <value>0x8cec</value>
         <object_component_ref idref="oc-f3"/>
      </symbol>
      <symbol id="sm-62c">
         <name>InitializeTimers</name>
         <value>0x9308</value>
         <object_component_ref idref="oc-da"/>
      </symbol>
      <symbol id="sm-62d">
         <name>InitializeClocks</name>
         <value>0x8504</value>
         <object_component_ref idref="oc-d5"/>
      </symbol>
      <symbol id="sm-638">
         <name>AppConfig</name>
         <value>0x21e6</value>
      </symbol>
      <symbol id="sm-639">
         <name>InitAppConfig</name>
         <value>0x868c</value>
         <object_component_ref idref="oc-ee"/>
      </symbol>
      <symbol id="sm-65f">
         <name>TickUpdate</name>
         <value>0x9272</value>
         <object_component_ref idref="oc-626"/>
      </symbol>
      <symbol id="sm-660">
         <name>TickGetDiv256</name>
         <value>0x9036</value>
         <object_component_ref idref="oc-309"/>
      </symbol>
      <symbol id="sm-661">
         <name>TickGet</name>
         <value>0x92ce</value>
         <object_component_ref idref="oc-284"/>
      </symbol>
      <symbol id="sm-6bf">
         <name>ParserTask</name>
         <value>0x5d20</value>
         <object_component_ref idref="oc-3e8"/>
      </symbol>
      <symbol id="sm-6c0">
         <name>ParserInit</name>
         <value>0x92f6</value>
         <object_component_ref idref="oc-203"/>
      </symbol>
      <symbol id="sm-7d3">
         <name>MACPutArray</name>
         <value>0x897a</value>
         <object_component_ref idref="oc-336"/>
      </symbol>
      <symbol id="sm-7d4">
         <name>MACPutHeader</name>
         <value>0x8424</value>
         <object_component_ref idref="oc-4ea"/>
      </symbol>
      <symbol id="sm-7d5">
         <name>MACIsLinked</name>
         <value>0x925e</value>
         <object_component_ref idref="oc-17d"/>
      </symbol>
      <symbol id="sm-7d6">
         <name>MACFlush</name>
         <value>0x6bfe</value>
         <object_component_ref idref="oc-345"/>
      </symbol>
      <symbol id="sm-7d7">
         <name>MACInit</name>
         <value>0x6db4</value>
         <object_component_ref idref="oc-15c"/>
      </symbol>
      <symbol id="sm-7d8">
         <name>ReadETHReg</name>
         <value>0x8c02</value>
         <object_component_ref idref="oc-224"/>
      </symbol>
      <symbol id="sm-7d9">
         <name>WritePHYReg</name>
         <value>0x862e</value>
         <object_component_ref idref="oc-242"/>
      </symbol>
      <symbol id="sm-7da">
         <name>MACGetArray</name>
         <value>0x8930</value>
         <object_component_ref idref="oc-31d"/>
      </symbol>
      <symbol id="sm-7db">
         <name>MACGetHeader</name>
         <value>0x7c66</value>
         <object_component_ref idref="oc-1b5"/>
      </symbol>
      <symbol id="sm-7dc">
         <name>CalcIPBufferChecksum</name>
         <value>0x7af0</value>
         <object_component_ref idref="oc-3ae"/>
      </symbol>
      <symbol id="sm-7dd">
         <name>MACGet</name>
         <value>0x8d58</value>
         <object_component_ref idref="oc-4f1"/>
      </symbol>
      <symbol id="sm-7de">
         <name>MACMemCopyAsync</name>
         <value>0x67a8</value>
         <object_component_ref idref="oc-33b"/>
      </symbol>
      <symbol id="sm-7df">
         <name>MACSetReadPtr</name>
         <value>0x8840</value>
         <object_component_ref idref="oc-649"/>
      </symbol>
      <symbol id="sm-7e0">
         <name>ReadPHYReg</name>
         <value>0x7f8e</value>
         <object_component_ref idref="oc-26f"/>
      </symbol>
      <symbol id="sm-7e1">
         <name>MACPut</name>
         <value>0x8bc6</value>
         <object_component_ref idref="oc-231"/>
      </symbol>
      <symbol id="sm-7e2">
         <name>MACIsTxReady</name>
         <value>0x91d0</value>
         <object_component_ref idref="oc-327"/>
      </symbol>
      <symbol id="sm-7e3">
         <name>MACCalcRxChecksum</name>
         <value>0x82be</value>
         <object_component_ref idref="oc-322"/>
      </symbol>
      <symbol id="sm-7e4">
         <name>BankSel</name>
         <value>0x90d2</value>
         <object_component_ref idref="oc-236"/>
      </symbol>
      <symbol id="sm-7e5">
         <name>MACSetWritePtr</name>
         <value>0x8796</value>
         <object_component_ref idref="oc-32c"/>
      </symbol>
      <symbol id="sm-7e6">
         <name>MACDiscardRx</name>
         <value>0x89c4</value>
         <object_component_ref idref="oc-34d"/>
      </symbol>
      <symbol id="sm-7e7">
         <name>MACIsMemCopyDone</name>
         <value>0x9198</value>
         <object_component_ref idref="oc-340"/>
      </symbol>
      <symbol id="sm-7e8">
         <name>MACSetReadPtrInRx</name>
         <value>0x8df4</value>
         <object_component_ref idref="oc-392"/>
      </symbol>
      <symbol id="sm-7f0">
         <name>swaps</name>
         <value>0x9138</value>
         <object_component_ref idref="oc-381"/>
      </symbol>
      <symbol id="sm-7fe">
         <name>_c_int00_noexit</name>
         <value>0x5d06</value>
         <object_component_ref idref="oc-6c"/>
      </symbol>
      <symbol id="sm-7ff">
         <name>_c_int00</name>
         <value>0x5d06</value>
         <object_component_ref idref="oc-6c"/>
      </symbol>
      <symbol id="sm-800">
         <name>_stack</name>
         <value>0x5800</value>
         <object_component_ref idref="oc-8b"/>
      </symbol>
      <symbol id="sm-801">
         <name>_reset_vector</name>
         <value>0xfffe</value>
         <object_component_ref idref="oc-8d"/>
      </symbol>
      <symbol id="sm-811">
         <name>__TI_decompress_none</name>
         <value>0x8c3e</value>
         <object_component_ref idref="oc-7c"/>
      </symbol>
      <symbol id="sm-833">
         <name>__TI_decompress_rle24</name>
         <value>0x92dc</value>
         <object_component_ref idref="oc-86"/>
      </symbol>
      <symbol id="sm-845">
         <name>__TI_zero_init</name>
         <value>0x8b4a</value>
         <object_component_ref idref="oc-81"/>
      </symbol>
      <symbol id="sm-84f">
         <name>__memcpy_far</name>
         <value>0x8b0a</value>
         <object_component_ref idref="oc-a9"/>
      </symbol>
      <symbol id="sm-858">
         <name>C$$EXIT</name>
         <value>0x9320</value>
         <object_component_ref idref="oc-a3"/>
      </symbol>
      <symbol id="sm-859">
         <name>abort</name>
         <value>0x9320</value>
         <object_component_ref idref="oc-a3"/>
      </symbol>
      <symbol id="sm-85c">
         <name>__TI_int41</name>
         <value>0xffd2</value>
         <object_component_ref idref="oc-65"/>
      </symbol>
      <symbol id="sm-85f">
         <name>__TI_int42</name>
         <value>0xffd4</value>
         <object_component_ref idref="oc-66"/>
      </symbol>
      <symbol id="sm-862">
         <name>__TI_int45</name>
         <value>0xffda</value>
         <object_component_ref idref="oc-67"/>
      </symbol>
      <symbol id="sm-865">
         <name>__TI_int46</name>
         <value>0xffdc</value>
         <object_component_ref idref="oc-68"/>
      </symbol>
      <symbol id="sm-868">
         <name>__TI_int47</name>
         <value>0xffde</value>
         <object_component_ref idref="oc-69"/>
      </symbol>
      <symbol id="sm-86b">
         <name>__TI_int48</name>
         <value>0xffe0</value>
         <object_component_ref idref="oc-6a"/>
      </symbol>
      <symbol id="sm-86e">
         <name>__TI_int49</name>
         <value>0xffe2</value>
         <object_component_ref idref="oc-6b"/>
      </symbol>
      <symbol id="sm-871">
         <name>__TI_int50</name>
         <value>0xffe4</value>
         <object_component_ref idref="oc-71"/>
      </symbol>
      <symbol id="sm-874">
         <name>__TI_int53</name>
         <value>0xffea</value>
         <object_component_ref idref="oc-72"/>
      </symbol>
      <symbol id="sm-877">
         <name>__TI_int54</name>
         <value>0xffec</value>
         <object_component_ref idref="oc-73"/>
      </symbol>
      <symbol id="sm-87a">
         <name>__TI_int55</name>
         <value>0xffee</value>
         <object_component_ref idref="oc-74"/>
      </symbol>
      <symbol id="sm-87d">
         <name>__TI_int56</name>
         <value>0xfff0</value>
         <object_component_ref idref="oc-75"/>
      </symbol>
      <symbol id="sm-880">
         <name>__TI_int57</name>
         <value>0xfff2</value>
         <object_component_ref idref="oc-76"/>
      </symbol>
      <symbol id="sm-883">
         <name>__TI_int58</name>
         <value>0xfff4</value>
         <object_component_ref idref="oc-77"/>
      </symbol>
      <symbol id="sm-886">
         <name>__TI_int59</name>
         <value>0xfff6</value>
         <object_component_ref idref="oc-78"/>
      </symbol>
      <symbol id="sm-889">
         <name>__TI_int60</name>
         <value>0xfff8</value>
         <object_component_ref idref="oc-79"/>
      </symbol>
      <symbol id="sm-88c">
         <name>__TI_int61</name>
         <value>0xfffa</value>
         <object_component_ref idref="oc-7a"/>
      </symbol>
      <symbol id="sm-88f">
         <name>__TI_int62</name>
         <value>0xfffc</value>
         <object_component_ref idref="oc-7b"/>
      </symbol>
      <symbol id="sm-896">
         <name>__TI_ISR_TRAP</name>
         <value>0x9316</value>
         <object_component_ref idref="oc-90"/>
      </symbol>
      <symbol id="sm-89d">
         <name>__mspabi_srll_8</name>
         <value>0x8ba4</value>
         <object_component_ref idref="oc-474"/>
      </symbol>
      <symbol id="sm-89e">
         <name>__mspabi_srll_9</name>
         <value>0x8ba0</value>
         <object_component_ref idref="oc-474"/>
      </symbol>
      <symbol id="sm-89f">
         <name>__mspabi_srll_6</name>
         <value>0x8bac</value>
         <object_component_ref idref="oc-474"/>
      </symbol>
      <symbol id="sm-8a0">
         <name>__mspabi_srll_7</name>
         <value>0x8ba8</value>
         <object_component_ref idref="oc-474"/>
      </symbol>
      <symbol id="sm-8a1">
         <name>__mspabi_srll_4</name>
         <value>0x8bb4</value>
         <object_component_ref idref="oc-474"/>
      </symbol>
      <symbol id="sm-8a2">
         <name>__mspabi_srll_5</name>
         <value>0x8bb0</value>
         <object_component_ref idref="oc-474"/>
      </symbol>
      <symbol id="sm-8a3">
         <name>__mspabi_srll_2</name>
         <value>0x8bbc</value>
         <object_component_ref idref="oc-474"/>
      </symbol>
      <symbol id="sm-8a4">
         <name>__mspabi_srll_3</name>
         <value>0x8bb8</value>
         <object_component_ref idref="oc-474"/>
      </symbol>
      <symbol id="sm-8a5">
         <name>__mspabi_srll_1</name>
         <value>0x8bc0</value>
         <object_component_ref idref="oc-474"/>
      </symbol>
      <symbol id="sm-8a6">
         <name>__mspabi_srll_15</name>
         <value>0x8b88</value>
         <object_component_ref idref="oc-474"/>
      </symbol>
      <symbol id="sm-8a7">
         <name>__mspabi_srll_14</name>
         <value>0x8b8c</value>
         <object_component_ref idref="oc-474"/>
      </symbol>
      <symbol id="sm-8a8">
         <name>__mspabi_srll_13</name>
         <value>0x8b90</value>
         <object_component_ref idref="oc-474"/>
      </symbol>
      <symbol id="sm-8a9">
         <name>__mspabi_srll_12</name>
         <value>0x8b94</value>
         <object_component_ref idref="oc-474"/>
      </symbol>
      <symbol id="sm-8aa">
         <name>__mspabi_srll_11</name>
         <value>0x8b98</value>
         <object_component_ref idref="oc-474"/>
      </symbol>
      <symbol id="sm-8ab">
         <name>__mspabi_srll_10</name>
         <value>0x8b9c</value>
         <object_component_ref idref="oc-474"/>
      </symbol>
      <symbol id="sm-8b8">
         <name>memcpy</name>
         <value>0x92ae</value>
         <object_component_ref idref="oc-358"/>
      </symbol>
      <symbol id="sm-8f9">
         <name>_sys_memory</name>
         <value>0x1c00</value>
         <object_component_ref idref="oc-8e"/>
      </symbol>
      <symbol id="sm-8fa">
         <name>free</name>
         <value>0x823e</value>
         <object_component_ref idref="oc-58f"/>
      </symbol>
      <symbol id="sm-8fb">
         <name>malloc</name>
         <value>0x7d16</value>
         <object_component_ref idref="oc-1d1"/>
      </symbol>
      <symbol id="sm-8fc">
         <name>minit</name>
         <value>0x8cb4</value>
         <object_component_ref idref="oc-3c0"/>
      </symbol>
      <symbol id="sm-909">
         <name>memset</name>
         <value>0x929a</value>
         <object_component_ref idref="oc-2e2"/>
      </symbol>
      <symbol id="sm-910">
         <name>__mspabi_mpyi_f5hw</name>
         <value>0x9248</value>
         <object_component_ref idref="oc-2dd"/>
      </symbol>
      <symbol id="sm-918">
         <name>_system_pre_init</name>
         <value>0x931c</value>
         <object_component_ref idref="oc-94"/>
      </symbol>
      <symbol id="sm-93d">
         <name>strtoul</name>
         <value>0x6f62</value>
         <object_component_ref idref="oc-5c3"/>
      </symbol>
      <symbol id="sm-94c">
         <name>_nop</name>
         <value>0x9326</value>
         <object_component_ref idref="oc-51f"/>
      </symbol>
      <symbol id="sm-94d">
         <name>_lock</name>
         <value>0x22b2</value>
         <object_component_ref idref="oc-3bc"/>
      </symbol>
      <symbol id="sm-94e">
         <name>_unlock</name>
         <value>0x22b6</value>
         <object_component_ref idref="oc-3bc"/>
      </symbol>
      <symbol id="sm-964">
         <name>_auto_init</name>
         <value>0x8494</value>
         <object_component_ref idref="oc-99"/>
      </symbol>
      <symbol id="sm-96d">
         <name>_ctypes_</name>
         <value>0x5c00</value>
         <object_component_ref idref="oc-682"/>
      </symbol>
      <symbol id="sm-97a">
         <name>__mspabi_remul</name>
         <value>0x873e</value>
         <object_component_ref idref="oc-688"/>
      </symbol>
      <symbol id="sm-97b">
         <name>__mspabi_divul</name>
         <value>0x873e</value>
         <object_component_ref idref="oc-688"/>
      </symbol>
      <symbol id="sm-981">
         <name>_Errno</name>
         <value>0x22c8</value>
         <object_component_ref idref="oc-68c"/>
      </symbol>
      <symbol id="sm-988">
         <name>__mspabi_mpyl_f5hw</name>
         <value>0x9116</value>
         <object_component_ref idref="oc-684"/>
      </symbol>
      <symbol id="sm-989">
         <name>__TI_exit</name>
         <value>0x1</value>
      </symbol>
      <symbol id="sm-98a">
         <name>__TI_args_main</name>
         <value>0x1</value>
      </symbol>
      <symbol id="sm-98b">
         <name>__TI_INITARRAY_Base</name>
         <value>0x0</value>
      </symbol>
      <symbol id="sm-98c">
         <name>__TI_INITARRAY_Limit</name>
         <value>0x0</value>
      </symbol>
   </symbol_table>
   <title>Link successful</title>
</link_info>
