******************************************************************************
                  MSP430 Linker PC v4.2.1                      
******************************************************************************
>> Linked Fri May 23 23:33:40 2014

OUTPUT FILE NAME:   <TFTPboot.out>
ENTRY POINT SYMBOL: "_c_int00"  address: 00005d06


MEMORY CONFIGURATION

         name            origin    length      used     unused   attr    fill
----------------------  --------  ---------  --------  --------  ----  --------
  SFR                   00000000   00000010  00000000  00000010  RWIX
  PERIPHERALS_8BIT      00000010   000000f0  00000000  000000f0  RWIX
  PERIPHERALS_16BIT     00000100   00000100  00000000  00000100  RWIX
  INFOD                 00001800   00000080  00000000  00000080  RWIX
  INFOC                 00001880   00000080  00000000  00000080  RWIX
  INFOB                 00001900   00000080  00000000  00000080  RWIX
  INFOA                 00001980   00000080  00000000  00000080  RWIX
  RAM                   00001c00   00004000  00000acc  00003534  RWIX
  FLASH                 00005c00   0000a380  0000376a  00006c16  RWIX
  INT00                 0000ff80   00000002  00000000  00000002  RWIX
  INT01                 0000ff82   00000002  00000000  00000002  RWIX
  INT02                 0000ff84   00000002  00000000  00000002  RWIX
  INT03                 0000ff86   00000002  00000000  00000002  RWIX
  INT04                 0000ff88   00000002  00000000  00000002  RWIX
  INT05                 0000ff8a   00000002  00000000  00000002  RWIX
  INT06                 0000ff8c   00000002  00000000  00000002  RWIX
  INT07                 0000ff8e   00000002  00000000  00000002  RWIX
  INT08                 0000ff90   00000002  00000000  00000002  RWIX
  INT09                 0000ff92   00000002  00000000  00000002  RWIX
  INT10                 0000ff94   00000002  00000000  00000002  RWIX
  INT11                 0000ff96   00000002  00000000  00000002  RWIX
  INT12                 0000ff98   00000002  00000000  00000002  RWIX
  INT13                 0000ff9a   00000002  00000000  00000002  RWIX
  INT14                 0000ff9c   00000002  00000000  00000002  RWIX
  INT15                 0000ff9e   00000002  00000000  00000002  RWIX
  INT16                 0000ffa0   00000002  00000000  00000002  RWIX
  INT17                 0000ffa2   00000002  00000000  00000002  RWIX
  INT18                 0000ffa4   00000002  00000000  00000002  RWIX
  INT19                 0000ffa6   00000002  00000000  00000002  RWIX
  INT20                 0000ffa8   00000002  00000000  00000002  RWIX
  INT21                 0000ffaa   00000002  00000000  00000002  RWIX
  INT22                 0000ffac   00000002  00000000  00000002  RWIX
  INT23                 0000ffae   00000002  00000000  00000002  RWIX
  INT24                 0000ffb0   00000002  00000000  00000002  RWIX
  INT25                 0000ffb2   00000002  00000000  00000002  RWIX
  INT26                 0000ffb4   00000002  00000000  00000002  RWIX
  INT27                 0000ffb6   00000002  00000000  00000002  RWIX
  INT28                 0000ffb8   00000002  00000000  00000002  RWIX
  INT29                 0000ffba   00000002  00000000  00000002  RWIX
  INT30                 0000ffbc   00000002  00000000  00000002  RWIX
  INT31                 0000ffbe   00000002  00000000  00000002  RWIX
  INT32                 0000ffc0   00000002  00000000  00000002  RWIX
  INT33                 0000ffc2   00000002  00000000  00000002  RWIX
  INT34                 0000ffc4   00000002  00000000  00000002  RWIX
  INT35                 0000ffc6   00000002  00000000  00000002  RWIX
  INT36                 0000ffc8   00000002  00000000  00000002  RWIX
  INT37                 0000ffca   00000002  00000000  00000002  RWIX
  INT38                 0000ffcc   00000002  00000000  00000002  RWIX
  INT39                 0000ffce   00000002  00000000  00000002  RWIX
  INT40                 0000ffd0   00000002  00000000  00000002  RWIX
  INT41                 0000ffd2   00000002  00000002  00000000  RWIX
  INT42                 0000ffd4   00000002  00000002  00000000  RWIX
  INT43                 0000ffd6   00000002  00000000  00000002  RWIX
  INT44                 0000ffd8   00000002  00000000  00000002  RWIX
  INT45                 0000ffda   00000002  00000002  00000000  RWIX
  INT46                 0000ffdc   00000002  00000002  00000000  RWIX
  INT47                 0000ffde   00000002  00000002  00000000  RWIX
  INT48                 0000ffe0   00000002  00000002  00000000  RWIX
  INT49                 0000ffe2   00000002  00000002  00000000  RWIX
  INT50                 0000ffe4   00000002  00000002  00000000  RWIX
  INT51                 0000ffe6   00000002  00000000  00000002  RWIX
  INT52                 0000ffe8   00000002  00000000  00000002  RWIX
  INT53                 0000ffea   00000002  00000002  00000000  RWIX
  INT54                 0000ffec   00000002  00000002  00000000  RWIX
  INT55                 0000ffee   00000002  00000002  00000000  RWIX
  INT56                 0000fff0   00000002  00000002  00000000  RWIX
  INT57                 0000fff2   00000002  00000002  00000000  RWIX
  INT58                 0000fff4   00000002  00000002  00000000  RWIX
  INT59                 0000fff6   00000002  00000002  00000000  RWIX
  INT60                 0000fff8   00000002  00000002  00000000  RWIX
  INT61                 0000fffa   00000002  00000002  00000000  RWIX
  INT62                 0000fffc   00000002  00000002  00000000  RWIX
  RESET                 0000fffe   00000002  00000002  00000000  RWIX
  FLASH2                00010000   00035c00  00000000  00035c00  RWIX


SECTION ALLOCATION MAP

 output                                  attributes/
section   page    origin      length       input sections
--------  ----  ----------  ----------   ----------------
.init_array 
*          0    00005c00    00000000     UNINITIALIZED

.sysmem    0    00001c00    00000400     UNINITIALIZED
                  00001c00    00000004     rts430x_lc_sd_eabi.lib : memory.obj (.sysmem)
                  00001c04    000003fc     --HOLE--

.bss       0    00002000    0000029c     UNINITIALIZED
                  00002000    00000126     (.common:DHCPClient)
                  00002126    000000c0     (.common:UDPSocketInfo)
                  000021e6    0000003c     (.common:AppConfig)
                  00002222    0000000a     (.common:Cache)
                  0000222c    0000000a     (.common:MutExVar)
                  00002236    0000000a     (.common:Target$1)
                  00002240    0000000a     (.common:remoteNode)
                  0000224a    00000008     (.common:textBuf$3)
                  00002252    00000006     (.common:vTickReading)
                  00002258    00000004     (.common:_tftpStartTick)
                  0000225c    00000004     (.common:gotoProgram)
                  00002260    00000002     (.common:CurrentPacketLocation)
                  00002262    00000002     (.common:NextPacketLocation)
                  00002264    00000002     (.common:NextPort$1)
                  00002266    00000002     (.common:UDPRxCount)
                  00002268    00000002     (.common:UDPTxCount)
                  0000226a    00000002     (.common:WasDiscarded)
                  0000226c    00000002     (.common:_tftpError)
                  0000226e    00000002     (.common:_tftpFlags)
                  00002270    00000002     (.common:_tftpState)
                  00002272    00000002     (.common:blockRead)
                  00002274    00000002     (.common:bufferTxtFile)
                  00002276    00000002     (.common:bytesReceived)
                  00002278    00000002     (.common:currentCodePtr$1)
                  0000227a    00000002     (.common:currentPtr$3)
                  0000227c    00000002     (.common:currentTxtPtr$2)
                  0000227e    00000002     (.common:memsize)
                  00002280    00000002     (.common:parserStatus)
                  00002282    00000002     (.common:parserStatus)
                  00002284    00000002     (.common:smStack)
                  00002286    00000002     (.common:sys_base)
                  00002288    00000002     (.common:sys_free)
                  0000228a    00000002     (.common:tftpBuffer)
                  0000228c    00000002     (.common:wGetOffset)
                  0000228e    00000002     (.common:wPutOffset)
                  00002290    00000001     (.common:ENCRevID)
                  00002291    00000001     (.common:Flags)
                  00002292    00000001     (.common:IPHeaderLen)
                  00002293    00000001     (.common:_tftpRetries)
                  00002294    00000001     (.common:_tftpSocket)
                  00002295    00000001     (.common:activeUDPSocket)
                  00002296    00000001     (.common:aux$15)
                  00002297    00000001     (.common:c$13)
                  00002298    00000001     (.common:nNewlineChar$4)
                  00002299    00000001     (.common:nNibble$6)
                  0000229a    00000001     (.common:nWhitespaceChar$5)
                  0000229b    00000001     (.common:v$14)

.TI.noinit 
*          0    00002000    00000000     UNINITIALIZED

.data      0    0000229c    00000030     UNINITIALIZED
                  0000229c    0000000e     Parser.obj (.data)
                  000022aa    00000008     main.obj (.data)
                  000022b2    00000008     rts430x_lc_sd_eabi.lib : _lock.obj (.data)
                  000022ba    00000004     Tick.obj (.data)
                  000022be    00000002     ARP.obj (.data)
                  000022c0    00000002     DHCP.obj (.data)
                  000022c2    00000002     IP.obj (.data)
                  000022c4    00000002     StackTsk.obj (.data)
                  000022c6    00000002     UDP.obj (.data)
                  000022c8    00000002     rts430x_lc_sd_eabi.lib : errno.obj (.data)
                  000022ca    00000002                            : memory.obj (.data)

.TI.persistent 
*          0    0000229c    00000000     UNINITIALIZED

.stack     0    00005800    00000400     UNINITIALIZED
                  00005800    00000002     rts430x_lc_sd_eabi.lib : boot.obj (.stack)
                  00005802    000003fe     --HOLE--

.const     0    00005c00    00000106     
                  00005c00    00000102     rts430x_lc_sd_eabi.lib : ctype.obj (.const:.string:_ctypes_)
                  00005d02    00000004     ENC28J60.obj (.const)

.text:_isr 
*          0    00005d06    0000001a     
                  00005d06    0000001a     rts430x_lc_sd_eabi.lib : boot.obj (.text:_isr:_c_int00_noexit)

.text      0    00005d20    00003608     
                  00005d20    00000428     Parser.obj (.text:ParserTask)
                  00006148    00000340     DHCP.obj (.text:DHCPTask)
                  00006488    00000320     DHCP.obj (.text:_DHCPReceive)
                  000067a8    00000260     ENC28J60.obj (.text:MACMemCopyAsync)
                  00006a08    000001f6     DHCP.obj (.text:_DHCPSend)
                  00006bfe    000001b6     ENC28J60.obj (.text:MACFlush)
                  00006db4    000001ae     ENC28J60.obj (.text:MACInit)
                  00006f62    00000194     rts430x_lc_sd_eabi.lib : strtoul.obj (.text:strtoul)
                  000070f6    0000016c     TFTPc.obj (.text:TFTPIsGetReady)
                  00007262    00000134     TFTPc.obj (.text:TFTPIsPutReady)
                  00007396    00000130     UDP.obj (.text:UDPTask)
                  000074c6    00000112     StackTsk.obj (.text:StackTask)
                  000075d8    000000ec     UDP.obj (.text:UDPFlush)
                  000076c4    000000e8     main.obj (.text:TFTPRead)
                  000077ac    000000da     ARP.obj (.text:ARPProcess)
                  00007886    000000d8     rts430x_lc_sd_eabi.lib : copy_decompress_rle.obj (.text:__TI_decompress_rle_core)
                  0000795e    000000ca     hal_pmm.obj (.text:SetVCoreUp)
                  00007a28    000000c8     UDP.obj (.text:UDPProcess)
                  00007af0    000000bc     ENC28J60.obj (.text:CalcIPBufferChecksum)
                  00007bac    000000ba     UDP.obj (.text:UDPOpenEx)
                  00007c66    000000b0     ENC28J60.obj (.text:MACGetHeader)
                  00007d16    000000a6     rts430x_lc_sd_eabi.lib : memory.obj (.text:malloc)
                  00007dbc    0000009e     IP.obj (.text:IPGetHeader)
                  00007e5a    0000009c     hal_pmm.obj (.text:SetVCoreDown)
                  00007ef6    00000098     TFTPc.obj (.text:TFTPIsOpened)
                  00007f8e    00000090     ENC28J60.obj (.text:ReadPHYReg)
                  0000801e    00000090     main.obj (.text:main)
                  000080ae    0000008e     IP.obj (.text:IPPutHeader)
                  0000813c    00000082     main.obj (.text:TFTPTask)
                  000081be    00000080     ICMP.obj (.text:ICMPProcess)
                  0000823e    00000080     rts430x_lc_sd_eabi.lib : memory.obj (.text:free)
                  000082be    0000007e     ENC28J60.obj (.text:MACCalcRxChecksum)
                  0000833c    00000078     UDP.obj (.text:FindMatchingSocket)
                  000083b4    00000070     ARP.obj (.text:ARPPut)
                  00008424    00000070     ENC28J60.obj (.text:MACPutHeader)
                  00008494    00000070     rts430x_lc_sd_eabi.lib : autoinit.obj (.text:_auto_init)
                  00008504    00000064     config.obj (.text:InitializeClocks)
                  00008568    00000064     TFTPc.obj (.text:_TFTPSendFileName)
                  000085cc    00000062     ARP.obj (.text:ARPResolve)
                  0000862e    0000005e     ENC28J60.obj (.text:WritePHYReg)
                  0000868c    0000005a     appconfig.obj (.text:InitAppConfig)
                  000086e6    00000058     TFTPc.obj (.text:TFTPOpenFile)
                  0000873e    00000058     rts430x_lc_sd_eabi.lib : div32u.obj (.text)
                  00008796    00000056     ENC28J60.obj (.text:MACSetWritePtr)
                  000087ec    00000054     ARP.obj (.text:ARPIsResolved)
                  00008840    00000052     ENC28J60.obj (.text:MACSetReadPtr)
                  00008892    00000050     ENC28J60.obj (.text:ReadMACReg)
                  000088e2    0000004e     ENC28J60.obj (.text:SendSystemReset)
                  00008930    0000004a     ENC28J60.obj (.text:MACGetArray)
                  0000897a    0000004a     ENC28J60.obj (.text:MACPutArray)
                  000089c4    00000046     ENC28J60.obj (.text:MACDiscardRx)
                  00008a0a    00000040     ENC28J60.obj (.text:BFCReg)
                  00008a4a    00000040     ENC28J60.obj (.text:BFSReg)
                  00008a8a    00000040     hal_pmm.obj (.text:SetVCore)
                  00008aca    00000040     ENC28J60.obj (.text:WriteReg)
                  00008b0a    00000040     rts430x_lc_sd_eabi.lib : cpy_util.obj (.text:__memcpy_far)
                  00008b4a    0000003e                            : copy_zero_init.obj (.text:decompress:ZI:__TI_zero_init)
                  00008b88    0000003e                            : lsr32.obj (.text:l_lsr_const)
                  00008bc6    0000003c     ENC28J60.obj (.text:MACPut)
                  00008c02    0000003c     ENC28J60.obj (.text:ReadETHReg)
                  00008c3e    0000003c     rts430x_lc_sd_eabi.lib : copy_decompress_none.obj (.text:decompress:none:__TI_decompress_none)
                  00008c7a    0000003a     DHCP.obj (.text:DHCPInit)
                  00008cb4    00000038     rts430x_lc_sd_eabi.lib : memory.obj (.text:minit)
                  00008cec    00000036     config.obj (.text:InitializeEthSpi)
                  00008d22    00000036     StackTsk.obj (.text:StackInit)
                  00008d58    00000034     ENC28J60.obj (.text:MACGet)
                  00008d8c    00000034     UDP.obj (.text:UDPClose)
                  00008dc0    00000034     UDP.obj (.text:UDPIsPutReady)
                  00008df4    00000030     ENC28J60.obj (.text:MACSetReadPtrInRx)
                  00008e24    00000030     UDP.obj (.text:UDPPutArray)
                  00008e54    0000002e     IP.obj (.text:CalcIPChecksum)
                  00008e82    0000002e     flash.obj (.text:Flash_write8)
                  00008eb0    0000002e     Tick.obj (.text:GetTickCopy)
                  00008ede    0000002e     UDP.obj (.text:UDPGetArray)
                  00008f0c    0000002c     flash.obj (.text:Flash_segmentErase)
                  00008f38    0000002c     IP.obj (.text:SwapIPHeader)
                  00008f64    0000002c     TFTPc.obj (.text:TFTPGet)
                  00008f90    0000002a     ARP.obj (.text:SwapARPPacket)
                  00008fba    0000002a     UDP.obj (.text:UDPGet)
                  00008fe4    0000002a     TFTPc.obj (.text:_TFTPSendAck)
                  0000900e    00000028     TFTPc.obj (.text:TFTPOpen)
                  00009036    00000028     Tick.obj (.text:TickGetDiv256)
                  0000905e    00000028     UDP.obj (.text:UDPIsGetReady)
                  00009086    00000026     hardware_board.obj (.text:InitializeButton)
                  000090ac    00000026     UDP.obj (.text:UDPPut)
                  000090d2    00000022     ENC28J60.obj (.text:BankSel)
                  000090f4    00000022     hardware_board.obj (.text:InitializeIO)
                  00009116    00000022     rts430x_lc_sd_eabi.lib : mult32_f5hw.obj (.text)
                  00009138    00000022     Compiler.obj (.text:swaps)
                  0000915a    00000020     ARP.obj (.text:ARPInit)
                  0000917a    0000001e     UDP.obj (.text:UDPDiscard)
                  00009198    0000001c     ENC28J60.obj (.text:MACIsMemCopyDone)
                  000091b4    0000001c     UDP.obj (.text:UDPInit)
                  000091d0    0000001a     ENC28J60.obj (.text:MACIsTxReady)
                  000091ea    0000001a     main.obj (.text:TFTPInit)
                  00009204    00000018     DHCP.obj (.text:DHCPDisable)
                  0000921c    00000016     TFTPc.obj (.text:TFTPIsFileOpened)
                  00009232    00000016     UDP.obj (.text:UDPSetTxBuffer)
                  00009248    00000016     rts430x_lc_sd_eabi.lib : mult16_f5hw.obj (.text)
                  0000925e    00000014     ENC28J60.obj (.text:MACIsLinked)
                  00009272    00000014     Tick.obj (.text:TickUpdate)
                  00009286    00000014     UDP.obj (.text:UDPSetRxBuffer)
                  0000929a    00000014     rts430x_lc_sd_eabi.lib : memset.obj (.text:memset)
                  000092ae    00000012                            : memcpy.obj (.text:memcpy)
                  000092c0    0000000e     hardware_board.obj (.text:InitializeLeds)
                  000092ce    0000000e     Tick.obj (.text:TickGet)
                  000092dc    0000000e     rts430x_lc_sd_eabi.lib : copy_decompress_rle.obj (.text:decompress:rle24:__TI_decompress_rle24)
                  000092ea    0000000c     IP.obj (.text:IPSetRxBuffer)
                  000092f6    0000000a     Parser.obj (.text:ParserInit)
                  00009300    00000008     DHCP.obj (.text:DHCPIsBound)
                  00009308    00000008     config.obj (.text:InitializeTimers)
                  00009310    00000006     TFTPc.obj (.text:TFTPGetState)
                  00009316    00000006     rts430x_lc_sd_eabi.lib : isr_trap.obj (.text:__TI_ISR_TRAP)
                  0000931c    00000004                            : pre_init.obj (.text:_system_pre_init)
                  00009320    00000004                            : exit.obj (.text:abort)
                  00009324    00000002     StackTsk.obj (.text:StackApplications)
                  00009326    00000002     rts430x_lc_sd_eabi.lib : _lock.obj (.text:_nop)

.cinit     0    00009328    00000042     
                  00009328    0000001f     (.cinit..data.load) [load image, compression = rle]
                  00009347    00000001     --HOLE-- [fill = 0]
                  00009348    0000000c     (__TI_handler_table)
                  00009354    00000006     (.cinit..bss.load) [load image, compression = zero_init]
                  0000935a    00000010     (__TI_cinit_table)

RTC        0    0000ffd2    00000002     
                  0000ffd2    00000002     rts430x_lc_sd_eabi.lib : int41.obj (.int41)

PORT2      0    0000ffd4    00000002     
                  0000ffd4    00000002     rts430x_lc_sd_eabi.lib : int42.obj (.int42)

USCI_B1    0    0000ffda    00000002     
                  0000ffda    00000002     rts430x_lc_sd_eabi.lib : int45.obj (.int45)

USCI_A1    0    0000ffdc    00000002     
                  0000ffdc    00000002     rts430x_lc_sd_eabi.lib : int46.obj (.int46)

PORT1      0    0000ffde    00000002     
                  0000ffde    00000002     rts430x_lc_sd_eabi.lib : int47.obj (.int47)

TIMER1_A1 
*          0    0000ffe0    00000002     
                  0000ffe0    00000002     rts430x_lc_sd_eabi.lib : int48.obj (.int48)

TIMER1_A0 
*          0    0000ffe2    00000002     
                  0000ffe2    00000002     rts430x_lc_sd_eabi.lib : int49.obj (.int49)

DMA        0    0000ffe4    00000002     
                  0000ffe4    00000002     rts430x_lc_sd_eabi.lib : int50.obj (.int50)

TIMER0_A1 
*          0    0000ffea    00000002     
                  0000ffea    00000002     rts430x_lc_sd_eabi.lib : int53.obj (.int53)

TIMER0_A0 
*          0    0000ffec    00000002     
                  0000ffec    00000002     rts430x_lc_sd_eabi.lib : int54.obj (.int54)

ADC12      0    0000ffee    00000002     
                  0000ffee    00000002     rts430x_lc_sd_eabi.lib : int55.obj (.int55)

USCI_B0    0    0000fff0    00000002     
                  0000fff0    00000002     rts430x_lc_sd_eabi.lib : int56.obj (.int56)

USCI_A0    0    0000fff2    00000002     
                  0000fff2    00000002     rts430x_lc_sd_eabi.lib : int57.obj (.int57)

WDT        0    0000fff4    00000002     
                  0000fff4    00000002     rts430x_lc_sd_eabi.lib : int58.obj (.int58)

TIMER0_B1 
*          0    0000fff6    00000002     
                  0000fff6    00000002     rts430x_lc_sd_eabi.lib : int59.obj (.int59)

TIMER0_B0 
*          0    0000fff8    00000002     
                  0000fff8    00000002     rts430x_lc_sd_eabi.lib : int60.obj (.int60)

UNMI       0    0000fffa    00000002     
                  0000fffa    00000002     rts430x_lc_sd_eabi.lib : int61.obj (.int61)

SYSNMI     0    0000fffc    00000002     
                  0000fffc    00000002     rts430x_lc_sd_eabi.lib : int62.obj (.int62)

.reset     0    0000fffe    00000002     
                  0000fffe    00000002     rts430x_lc_sd_eabi.lib : boot.obj (.reset)


LINKER GENERATED COPY TABLES

__TI_cinit_table @ 0000935a records: 2, size/record: 8, table size: 16
	.data: load addr=00009328, load size=0000001f bytes, run addr=0000229c, run size=00000030 bytes, compression=rle
	.bss: load addr=00009354, load size=00000006 bytes, run addr=00002000, run size=0000029c bytes, compression=zero_init


LINKER GENERATED HANDLER TABLE

__TI_handler_table @ 00009348 records: 3, size/record: 4, table size: 12
	index: 0, handler: __TI_zero_init
	index: 1, handler: __TI_decompress_rle24
	index: 2, handler: __TI_decompress_none


GLOBAL SYMBOLS: SORTED ALPHABETICALLY BY Name 

address    name
--------   ----
00000700   ADC12CTL0
00000701   ADC12CTL0_H
00000700   ADC12CTL0_L
00000702   ADC12CTL1
00000703   ADC12CTL1_H
00000702   ADC12CTL1_L
00000704   ADC12CTL2
00000705   ADC12CTL2_H
00000704   ADC12CTL2_L
0000070c   ADC12IE
0000070d   ADC12IE_H
0000070c   ADC12IE_L
0000070a   ADC12IFG
0000070b   ADC12IFG_H
0000070a   ADC12IFG_L
0000070e   ADC12IV
0000070f   ADC12IV_H
0000070e   ADC12IV_L
00000710   ADC12MCTL0
00000711   ADC12MCTL1
0000071a   ADC12MCTL10
0000071b   ADC12MCTL11
0000071c   ADC12MCTL12
0000071d   ADC12MCTL13
0000071e   ADC12MCTL14
0000071f   ADC12MCTL15
00000712   ADC12MCTL2
00000713   ADC12MCTL3
00000714   ADC12MCTL4
00000715   ADC12MCTL5
00000716   ADC12MCTL6
00000717   ADC12MCTL7
00000718   ADC12MCTL8
00000719   ADC12MCTL9
00000720   ADC12MEM0
00000721   ADC12MEM0_H
00000720   ADC12MEM0_L
00000722   ADC12MEM1
00000734   ADC12MEM10
00000735   ADC12MEM10_H
00000734   ADC12MEM10_L
00000736   ADC12MEM11
00000737   ADC12MEM11_H
00000736   ADC12MEM11_L
00000738   ADC12MEM12
00000739   ADC12MEM12_H
00000738   ADC12MEM12_L
0000073a   ADC12MEM13
0000073b   ADC12MEM13_H
0000073a   ADC12MEM13_L
0000073c   ADC12MEM14
0000073d   ADC12MEM14_H
0000073c   ADC12MEM14_L
0000073e   ADC12MEM15
0000073f   ADC12MEM15_H
0000073e   ADC12MEM15_L
00000723   ADC12MEM1_H
00000722   ADC12MEM1_L
00000724   ADC12MEM2
00000725   ADC12MEM2_H
00000724   ADC12MEM2_L
00000726   ADC12MEM3
00000727   ADC12MEM3_H
00000726   ADC12MEM3_L
00000728   ADC12MEM4
00000729   ADC12MEM4_H
00000728   ADC12MEM4_L
0000072a   ADC12MEM5
0000072b   ADC12MEM5_H
0000072a   ADC12MEM5_L
0000072c   ADC12MEM6
0000072d   ADC12MEM6_H
0000072c   ADC12MEM6_L
0000072e   ADC12MEM7
0000072f   ADC12MEM7_H
0000072e   ADC12MEM7_L
00000730   ADC12MEM8
00000731   ADC12MEM8_H
00000730   ADC12MEM8_L
00000732   ADC12MEM9
00000733   ADC12MEM9_H
00000732   ADC12MEM9_L
0000915a   ARPInit
000087ec   ARPIsResolved
000077ac   ARPProcess
000085cc   ARPResolve
000021e6   AppConfig
000090d2   BankSel
00009320   C$$EXIT
00000150   CRCDI
00000152   CRCDIRB
00000153   CRCDIRB_H
00000152   CRCDIRB_L
00000151   CRCDI_H
00000150   CRCDI_L
00000154   CRCINIRES
00000155   CRCINIRES_H
00000154   CRCINIRES_L
00000156   CRCRESR
00000157   CRCRESR_H
00000156   CRCRESR_L
00007af0   CalcIPBufferChecksum
00008e54   CalcIPChecksum
000022c0   DHCPClientInitializedOnce
00009204   DHCPDisable
00008c7a   DHCPInit
00009300   DHCPIsBound
00006148   DHCPTask
00000510   DMA0CTL
00000511   DMA0CTL_H
00000510   DMA0CTL_L
00000516   DMA0DA
00000516   DMA0DAL
00000512   DMA0SA
00000512   DMA0SAL
0000051a   DMA0SZ
00000520   DMA1CTL
00000521   DMA1CTL_H
00000520   DMA1CTL_L
00000526   DMA1DA
00000526   DMA1DAL
00000522   DMA1SA
00000522   DMA1SAL
0000052a   DMA1SZ
00000530   DMA2CTL
00000531   DMA2CTL_H
00000530   DMA2CTL_L
00000536   DMA2DA
00000536   DMA2DAL
00000532   DMA2SA
00000532   DMA2SAL
0000053a   DMA2SZ
00000500   DMACTL0
00000501   DMACTL0_H
00000500   DMACTL0_L
00000502   DMACTL1
00000503   DMACTL1_H
00000502   DMACTL1_L
00000504   DMACTL2
00000505   DMACTL2_H
00000504   DMACTL2_L
00000506   DMACTL3
00000507   DMACTL3_H
00000506   DMACTL3_L
00000508   DMACTL4
00000509   DMACTL4_H
00000508   DMACTL4_L
0000050e   DMAIV
0000050f   DMAIV_H
0000050e   DMAIV_L
00000140   FCTL1
00000141   FCTL1_H
00000140   FCTL1_L
00000144   FCTL3
00000145   FCTL3_H
00000144   FCTL3_L
00000146   FCTL4
00000147   FCTL4_H
00000146   FCTL4_L
00008f0c   Flash_segmentErase
00008e82   Flash_write8
000081be   ICMPProcess
00007dbc   IPGetHeader
000080ae   IPPutHeader
000092ea   IPSetRxBuffer
0000868c   InitAppConfig
00009086   InitializeButton
00008504   InitializeClocks
00008cec   InitializeEthSpi
000090f4   InitializeIO
000092c0   InitializeLeds
00009308   InitializeTimers
000004c4   MAC
000004da   MAC32H
000004db   MAC32H_H
000004da   MAC32H_L
000004d8   MAC32L
000004d9   MAC32L_H
000004d8   MAC32L_L
000082be   MACCalcRxChecksum
000089c4   MACDiscardRx
00006bfe   MACFlush
00008d58   MACGet
00008930   MACGetArray
00007c66   MACGetHeader
00006db4   MACInit
0000925e   MACIsLinked
00009198   MACIsMemCopyDone
000091d0   MACIsTxReady
000067a8   MACMemCopyAsync
00008bc6   MACPut
0000897a   MACPutArray
00008424   MACPutHeader
000004c6   MACS
000004de   MACS32H
000004df   MACS32H_H
000004de   MACS32H_L
000004dc   MACS32L
000004dd   MACS32L_H
000004dc   MACS32L_L
000004c7   MACS_H
000004c6   MACS_L
00008840   MACSetReadPtr
00008df4   MACSetReadPtrInRx
00008796   MACSetWritePtr
000004c5   MAC_H
000004c4   MAC_L
000004c0   MPY
000004ec   MPY32CTL0
000004ed   MPY32CTL0_H
000004ec   MPY32CTL0_L
000004d2   MPY32H
000004d3   MPY32H_H
000004d2   MPY32H_L
000004d0   MPY32L
000004d1   MPY32L_H
000004d0   MPY32L_L
000004c2   MPYS
000004d6   MPYS32H
000004d7   MPYS32H_H
000004d6   MPYS32H_L
000004d4   MPYS32L
000004d5   MPYS32L_H
000004d4   MPYS32L_L
000004c3   MPYS_H
000004c2   MPYS_L
000004c1   MPY_H
000004c0   MPY_L
000004c8   OP2
000004e2   OP2H
000004e3   OP2H_H
000004e2   OP2H_L
000004e0   OP2L
000004e1   OP2L_H
000004e0   OP2L_L
000004c9   OP2_H
000004c8   OP2_L
0000020e   P1IV
0000021e   P2IV
00000204   PADIR
00000205   PADIR_H
00000204   PADIR_L
00000208   PADS
00000209   PADS_H
00000208   PADS_L
0000021a   PAIE
00000218   PAIES
00000219   PAIES_H
00000218   PAIES_L
0000021b   PAIE_H
0000021a   PAIE_L
0000021c   PAIFG
0000021d   PAIFG_H
0000021c   PAIFG_L
00000200   PAIN
00000201   PAIN_H
00000200   PAIN_L
00000202   PAOUT
00000203   PAOUT_H
00000202   PAOUT_L
00000206   PAREN
00000207   PAREN_H
00000206   PAREN_L
0000020a   PASEL
0000020b   PASEL_H
0000020a   PASEL_L
00000224   PBDIR
00000225   PBDIR_H
00000224   PBDIR_L
00000228   PBDS
00000229   PBDS_H
00000228   PBDS_L
00000220   PBIN
00000221   PBIN_H
00000220   PBIN_L
00000222   PBOUT
00000223   PBOUT_H
00000222   PBOUT_L
00000226   PBREN
00000227   PBREN_H
00000226   PBREN_L
0000022a   PBSEL
0000022b   PBSEL_H
0000022a   PBSEL_L
00000244   PCDIR
00000245   PCDIR_H
00000244   PCDIR_L
00000248   PCDS
00000249   PCDS_H
00000248   PCDS_L
00000240   PCIN
00000241   PCIN_H
00000240   PCIN_L
00000242   PCOUT
00000243   PCOUT_H
00000242   PCOUT_L
00000246   PCREN
00000247   PCREN_H
00000246   PCREN_L
0000024a   PCSEL
0000024b   PCSEL_H
0000024a   PCSEL_L
00000264   PDDIR
00000265   PDDIR_H
00000264   PDDIR_L
00000268   PDDS
00000269   PDDS_H
00000268   PDDS_L
00000260   PDIN
00000261   PDIN_H
00000260   PDIN_L
00000262   PDOUT
00000263   PDOUT_H
00000262   PDOUT_L
00000266   PDREN
00000267   PDREN_H
00000266   PDREN_L
0000026a   PDSEL
0000026b   PDSEL_H
0000026a   PDSEL_L
00000284   PEDIR
00000285   PEDIR_H
00000284   PEDIR_L
00000288   PEDS
00000289   PEDS_H
00000288   PEDS_L
00000280   PEIN
00000281   PEIN_H
00000280   PEIN_L
00000282   PEOUT
00000283   PEOUT_H
00000282   PEOUT_L
00000286   PEREN
00000287   PEREN_H
00000286   PEREN_L
0000028a   PESEL
0000028b   PESEL_H
0000028a   PESEL_L
000002a4   PFDIR
000002a5   PFDIR_H
000002a4   PFDIR_L
000002a8   PFDS
000002a9   PFDS_H
000002a8   PFDS_L
000002a0   PFIN
000002a1   PFIN_H
000002a0   PFIN_L
000002a2   PFOUT
000002a3   PFOUT_H
000002a2   PFOUT_L
000002a6   PFREN
000002a7   PFREN_H
000002a6   PFREN_L
000002aa   PFSEL
000002ab   PFSEL_H
000002aa   PFSEL_L
00000324   PJDIR
00000325   PJDIR_H
00000324   PJDIR_L
00000328   PJDS
00000329   PJDS_H
00000328   PJDS_L
00000320   PJIN
00000321   PJIN_H
00000320   PJIN_L
00000322   PJOUT
00000323   PJOUT_H
00000322   PJOUT_L
00000326   PJREN
00000327   PJREN_H
00000326   PJREN_L
00000130   PM5CTL0
00000131   PM5CTL0_H
00000130   PM5CTL0_L
00000120   PMMCTL0
00000121   PMMCTL0_H
00000120   PMMCTL0_L
00000122   PMMCTL1
00000123   PMMCTL1_H
00000122   PMMCTL1_L
0000012c   PMMIFG
0000012d   PMMIFG_H
0000012c   PMMIFG_L
0000012e   PMMRIE
0000012f   PMMRIE_H
0000012e   PMMRIE_L
000092f6   ParserInit
00005d20   ParserTask
00000158   RCCTL0
00000159   RCCTL0_H
00000158   RCCTL0_L
000001b0   REFCTL0
000001b1   REFCTL0_H
000001b0   REFCTL0_L
000004e4   RES0
000004e5   RES0_H
000004e4   RES0_L
000004e6   RES1
000004e7   RES1_H
000004e6   RES1_L
000004e8   RES2
000004e9   RES2_H
000004e8   RES2_L
000004ea   RES3
000004eb   RES3_H
000004ea   RES3_L
000004cc   RESHI
000004cd   RESHI_H
000004cc   RESHI_L
000004ca   RESLO
000004cb   RESLO_H
000004ca   RESLO_L
000004ba   RTCADOWDAY
000004bb   RTCADOWDAY_H
000004ba   RTCADOWDAY_L
000004b8   RTCAMINHR
000004b9   RTCAMINHR_H
000004b8   RTCAMINHR_L
000004a0   RTCCTL01
000004a1   RTCCTL01_H
000004a0   RTCCTL01_L
000004a2   RTCCTL23
000004a3   RTCCTL23_H
000004a2   RTCCTL23_L
000004b4   RTCDATE
000004b5   RTCDATE_H
000004b4   RTCDATE_L
000004ae   RTCIV
000004ac   RTCPS
000004a8   RTCPS0CTL
000004a9   RTCPS0CTL_H
000004a8   RTCPS0CTL_L
000004aa   RTCPS1CTL
000004ab   RTCPS1CTL_H
000004aa   RTCPS1CTL_L
000004ad   RTCPS_H
000004ac   RTCPS_L
000004b0   RTCTIM0
000004b1   RTCTIM0_H
000004b0   RTCTIM0_L
000004b2   RTCTIM1
000004b3   RTCTIM1_H
000004b2   RTCTIM1_L
000004b6   RTCYEAR
000004b7   RTCYEAR_H
000004b6   RTCYEAR_L
00008c02   ReadETHReg
00007f8e   ReadPHYReg
00000100   SFRIE1
00000101   SFRIE1_H
00000100   SFRIE1_L
00000102   SFRIFG1
00000103   SFRIFG1_H
00000102   SFRIFG1_L
00000104   SFRRPCR
00000105   SFRRPCR_H
00000104   SFRRPCR_L
000004ce   SUMEXT
000004cf   SUMEXT_H
000004ce   SUMEXT_L
00000124   SVSMHCTL
00000125   SVSMHCTL_H
00000124   SVSMHCTL_L
00000128   SVSMIO
00000129   SVSMIO_H
00000128   SVSMIO_L
00000126   SVSMLCTL
00000127   SVSMLCTL_H
00000126   SVSMLCTL_L
00000198   SYSBERRIV
00000199   SYSBERRIV_H
00000198   SYSBERRIV_L
00000182   SYSBSLC
00000183   SYSBSLC_H
00000182   SYSBSLC_L
00000180   SYSCTL
00000181   SYSCTL_H
00000180   SYSCTL_L
00000186   SYSJMBC
00000187   SYSJMBC_H
00000186   SYSJMBC_L
00000188   SYSJMBI0
00000189   SYSJMBI0_H
00000188   SYSJMBI0_L
0000018a   SYSJMBI1
0000018b   SYSJMBI1_H
0000018a   SYSJMBI1_L
0000018c   SYSJMBO0
0000018d   SYSJMBO0_H
0000018c   SYSJMBO0_L
0000018e   SYSJMBO1
0000018f   SYSJMBO1_H
0000018e   SYSJMBO1_L
0000019e   SYSRSTIV
0000019f   SYSRSTIV_H
0000019e   SYSRSTIV_L
0000019c   SYSSNIV
0000019d   SYSSNIV_H
0000019c   SYSSNIV_L
0000019a   SYSUNIV
0000019b   SYSUNIV_H
0000019a   SYSUNIV_L
00008a8a   SetVCore
00007e5a   SetVCoreDown
0000795e   SetVCoreUp
00009324   StackApplications
00008d22   StackInit
000074c6   StackTask
00008f90   SwapARPPacket
00000352   TA0CCR0
00000354   TA0CCR1
00000356   TA0CCR2
00000358   TA0CCR3
0000035a   TA0CCR4
00000342   TA0CCTL0
00000344   TA0CCTL1
00000346   TA0CCTL2
00000348   TA0CCTL3
0000034a   TA0CCTL4
00000340   TA0CTL
00000360   TA0EX0
0000036e   TA0IV
00000350   TA0R
00000392   TA1CCR0
00000394   TA1CCR1
00000396   TA1CCR2
00000382   TA1CCTL0
00000384   TA1CCTL1
00000386   TA1CCTL2
00000380   TA1CTL
000003a0   TA1EX0
000003ae   TA1IV
00000390   TA1R
000003d2   TB0CCR0
000003d4   TB0CCR1
000003d6   TB0CCR2
000003d8   TB0CCR3
000003da   TB0CCR4
000003dc   TB0CCR5
000003de   TB0CCR6
000003c2   TB0CCTL0
000003c4   TB0CCTL1
000003c6   TB0CCTL2
000003c8   TB0CCTL3
000003ca   TB0CCTL4
000003cc   TB0CCTL5
000003ce   TB0CCTL6
000003c0   TB0CTL
000003e0   TB0EX0
000003ee   TB0IV
000003d0   TB0R
00008f64   TFTPGet
00009310   TFTPGetState
000091ea   TFTPInit
0000921c   TFTPIsFileOpened
000070f6   TFTPIsGetReady
00007ef6   TFTPIsOpened
00007262   TFTPIsPutReady
0000900e   TFTPOpen
000086e6   TFTPOpenFile
0000813c   TFTPTask
000092ce   TickGet
00009036   TickGetDiv256
00009272   TickUpdate
000005d0   UCA0ABCTL
000005c6   UCA0BRW
000005c7   UCA0BRW_H
000005c6   UCA0BRW_L
000005c0   UCA0CTLW0
000005c1   UCA0CTLW0_H
000005c0   UCA0CTLW0_L
000005dc   UCA0ICTL
000005dd   UCA0ICTL_H
000005dc   UCA0ICTL_L
000005d2   UCA0IRCTL
000005d3   UCA0IRCTL_H
000005d2   UCA0IRCTL_L
000005de   UCA0IV
000005c8   UCA0MCTL
000005cc   UCA0RXBUF
000005ca   UCA0STAT
000005ce   UCA0TXBUF
00000610   UCA1ABCTL
00000606   UCA1BRW
00000607   UCA1BRW_H
00000606   UCA1BRW_L
00000600   UCA1CTLW0
00000601   UCA1CTLW0_H
00000600   UCA1CTLW0_L
0000061c   UCA1ICTL
0000061d   UCA1ICTL_H
0000061c   UCA1ICTL_L
00000612   UCA1IRCTL
00000613   UCA1IRCTL_H
00000612   UCA1IRCTL_L
0000061e   UCA1IV
00000608   UCA1MCTL
0000060c   UCA1RXBUF
0000060a   UCA1STAT
0000060e   UCA1TXBUF
000005e6   UCB0BRW
000005e7   UCB0BRW_H
000005e6   UCB0BRW_L
000005e0   UCB0CTLW0
000005e1   UCB0CTLW0_H
000005e0   UCB0CTLW0_L
000005f0   UCB0I2COA
000005f1   UCB0I2COA_H
000005f0   UCB0I2COA_L
000005f2   UCB0I2CSA
000005f3   UCB0I2CSA_H
000005f2   UCB0I2CSA_L
000005fc   UCB0ICTL
000005fd   UCB0ICTL_H
000005fc   UCB0ICTL_L
000005fe   UCB0IV
000005ec   UCB0RXBUF
000005ea   UCB0STAT
000005ee   UCB0TXBUF
00000626   UCB1BRW
00000627   UCB1BRW_H
00000626   UCB1BRW_L
00000620   UCB1CTLW0
00000621   UCB1CTLW0_H
00000620   UCB1CTLW0_L
00000630   UCB1I2COA
00000631   UCB1I2COA_H
00000630   UCB1I2COA_L
00000632   UCB1I2CSA
00000633   UCB1I2CSA_H
00000632   UCB1I2CSA_L
0000063c   UCB1ICTL
0000063d   UCB1ICTL_H
0000063c   UCB1ICTL_L
0000063e   UCB1IV
0000062c   UCB1RXBUF
0000062a   UCB1STAT
0000062e   UCB1TXBUF
00000160   UCSCTL0
00000161   UCSCTL0_H
00000160   UCSCTL0_L
00000162   UCSCTL1
00000163   UCSCTL1_H
00000162   UCSCTL1_L
00000164   UCSCTL2
00000165   UCSCTL2_H
00000164   UCSCTL2_L
00000166   UCSCTL3
00000167   UCSCTL3_H
00000166   UCSCTL3_L
00000168   UCSCTL4
00000169   UCSCTL4_H
00000168   UCSCTL4_L
0000016a   UCSCTL5
0000016b   UCSCTL5_H
0000016a   UCSCTL5_L
0000016c   UCSCTL6
0000016d   UCSCTL6_H
0000016c   UCSCTL6_L
0000016e   UCSCTL7
0000016f   UCSCTL7_H
0000016e   UCSCTL7_L
00000170   UCSCTL8
00000171   UCSCTL8_H
00000170   UCSCTL8_L
00008d8c   UDPClose
0000917a   UDPDiscard
000075d8   UDPFlush
00008fba   UDPGet
00008ede   UDPGetArray
000091b4   UDPInit
0000905e   UDPIsGetReady
00008dc0   UDPIsPutReady
00007bac   UDPOpenEx
00007a28   UDPProcess
000090ac   UDPPut
00008e24   UDPPutArray
00002266   UDPRxCount
00009286   UDPSetRxBuffer
00009232   UDPSetTxBuffer
00002126   UDPSocketInfo
00007396   UDPTask
00002268   UDPTxCount
0000015c   WDTCTL
0000015d   WDTCTL_H
0000015c   WDTCTL_L
0000862e   WritePHYReg
000022c8   _Errno
00005c00   __STACK_END
00000400   __STACK_SIZE
00000400   __SYSMEM_SIZE
0000935a   __TI_CINIT_Base
0000936a   __TI_CINIT_Limit
00009348   __TI_Handler_Table_Base
00009354   __TI_Handler_Table_Limit
UNDEFED    __TI_INITARRAY_Base
UNDEFED    __TI_INITARRAY_Limit
00009316   __TI_ISR_TRAP
00000001   __TI_args_main
00008c3e   __TI_decompress_none
000092dc   __TI_decompress_rle24
00000001   __TI_exit
0000ffd2   __TI_int41
0000ffd4   __TI_int42
0000ffda   __TI_int45
0000ffdc   __TI_int46
0000ffde   __TI_int47
0000ffe0   __TI_int48
0000ffe2   __TI_int49
0000ffe4   __TI_int50
0000ffea   __TI_int53
0000ffec   __TI_int54
0000ffee   __TI_int55
0000fff0   __TI_int56
0000fff2   __TI_int57
0000fff4   __TI_int58
0000fff6   __TI_int59
0000fff8   __TI_int60
0000fffa   __TI_int61
0000fffc   __TI_int62
00008b4a   __TI_zero_init
ffffffff   __binit__
ffffffff   __c_args__
00008b0a   __memcpy_far
0000873e   __mspabi_divul
00009248   __mspabi_mpyi_f5hw
00009116   __mspabi_mpyl_f5hw
0000873e   __mspabi_remul
00008bc0   __mspabi_srll_1
00008b9c   __mspabi_srll_10
00008b98   __mspabi_srll_11
00008b94   __mspabi_srll_12
00008b90   __mspabi_srll_13
00008b8c   __mspabi_srll_14
00008b88   __mspabi_srll_15
00008bbc   __mspabi_srll_2
00008bb8   __mspabi_srll_3
00008bb4   __mspabi_srll_4
00008bb0   __mspabi_srll_5
00008bac   __mspabi_srll_6
00008ba8   __mspabi_srll_7
00008ba4   __mspabi_srll_8
00008ba0   __mspabi_srll_9
00008494   _auto_init
00005d06   _c_int00
00005d06   _c_int00_noexit
00005c00   _ctypes_
000022b2   _lock
00009326   _nop
0000fffe   _reset_vector
00005800   _stack
00001c00   _sys_memory
0000931c   _system_pre_init
0000226c   _tftpError
00002294   _tftpSocket
000022b6   _unlock
00009320   abort
00002295   activeUDPSocket
ffffffff   binit
0000823e   free
0000225c   gotoProgram
000022ac   isTFTPActivated
0000801e   main
00007d16   malloc
000092ae   memcpy
0000929a   memset
00008cb4   minit
00002240   remoteNode
00006f62   strtoul
00009138   swaps


GLOBAL SYMBOLS: SORTED BY Symbol Address 

address    name
--------   ----
00000001   __TI_args_main
00000001   __TI_exit
00000100   SFRIE1
00000100   SFRIE1_L
00000101   SFRIE1_H
00000102   SFRIFG1
00000102   SFRIFG1_L
00000103   SFRIFG1_H
00000104   SFRRPCR
00000104   SFRRPCR_L
00000105   SFRRPCR_H
00000120   PMMCTL0
00000120   PMMCTL0_L
00000121   PMMCTL0_H
00000122   PMMCTL1
00000122   PMMCTL1_L
00000123   PMMCTL1_H
00000124   SVSMHCTL
00000124   SVSMHCTL_L
00000125   SVSMHCTL_H
00000126   SVSMLCTL
00000126   SVSMLCTL_L
00000127   SVSMLCTL_H
00000128   SVSMIO
00000128   SVSMIO_L
00000129   SVSMIO_H
0000012c   PMMIFG
0000012c   PMMIFG_L
0000012d   PMMIFG_H
0000012e   PMMRIE
0000012e   PMMRIE_L
0000012f   PMMRIE_H
00000130   PM5CTL0
00000130   PM5CTL0_L
00000131   PM5CTL0_H
00000140   FCTL1
00000140   FCTL1_L
00000141   FCTL1_H
00000144   FCTL3
00000144   FCTL3_L
00000145   FCTL3_H
00000146   FCTL4
00000146   FCTL4_L
00000147   FCTL4_H
00000150   CRCDI
00000150   CRCDI_L
00000151   CRCDI_H
00000152   CRCDIRB
00000152   CRCDIRB_L
00000153   CRCDIRB_H
00000154   CRCINIRES
00000154   CRCINIRES_L
00000155   CRCINIRES_H
00000156   CRCRESR
00000156   CRCRESR_L
00000157   CRCRESR_H
00000158   RCCTL0
00000158   RCCTL0_L
00000159   RCCTL0_H
0000015c   WDTCTL
0000015c   WDTCTL_L
0000015d   WDTCTL_H
00000160   UCSCTL0
00000160   UCSCTL0_L
00000161   UCSCTL0_H
00000162   UCSCTL1
00000162   UCSCTL1_L
00000163   UCSCTL1_H
00000164   UCSCTL2
00000164   UCSCTL2_L
00000165   UCSCTL2_H
00000166   UCSCTL3
00000166   UCSCTL3_L
00000167   UCSCTL3_H
00000168   UCSCTL4
00000168   UCSCTL4_L
00000169   UCSCTL4_H
0000016a   UCSCTL5
0000016a   UCSCTL5_L
0000016b   UCSCTL5_H
0000016c   UCSCTL6
0000016c   UCSCTL6_L
0000016d   UCSCTL6_H
0000016e   UCSCTL7
0000016e   UCSCTL7_L
0000016f   UCSCTL7_H
00000170   UCSCTL8
00000170   UCSCTL8_L
00000171   UCSCTL8_H
00000180   SYSCTL
00000180   SYSCTL_L
00000181   SYSCTL_H
00000182   SYSBSLC
00000182   SYSBSLC_L
00000183   SYSBSLC_H
00000186   SYSJMBC
00000186   SYSJMBC_L
00000187   SYSJMBC_H
00000188   SYSJMBI0
00000188   SYSJMBI0_L
00000189   SYSJMBI0_H
0000018a   SYSJMBI1
0000018a   SYSJMBI1_L
0000018b   SYSJMBI1_H
0000018c   SYSJMBO0
0000018c   SYSJMBO0_L
0000018d   SYSJMBO0_H
0000018e   SYSJMBO1
0000018e   SYSJMBO1_L
0000018f   SYSJMBO1_H
00000198   SYSBERRIV
00000198   SYSBERRIV_L
00000199   SYSBERRIV_H
0000019a   SYSUNIV
0000019a   SYSUNIV_L
0000019b   SYSUNIV_H
0000019c   SYSSNIV
0000019c   SYSSNIV_L
0000019d   SYSSNIV_H
0000019e   SYSRSTIV
0000019e   SYSRSTIV_L
0000019f   SYSRSTIV_H
000001b0   REFCTL0
000001b0   REFCTL0_L
000001b1   REFCTL0_H
00000200   PAIN
00000200   PAIN_L
00000201   PAIN_H
00000202   PAOUT
00000202   PAOUT_L
00000203   PAOUT_H
00000204   PADIR
00000204   PADIR_L
00000205   PADIR_H
00000206   PAREN
00000206   PAREN_L
00000207   PAREN_H
00000208   PADS
00000208   PADS_L
00000209   PADS_H
0000020a   PASEL
0000020a   PASEL_L
0000020b   PASEL_H
0000020e   P1IV
00000218   PAIES
00000218   PAIES_L
00000219   PAIES_H
0000021a   PAIE
0000021a   PAIE_L
0000021b   PAIE_H
0000021c   PAIFG
0000021c   PAIFG_L
0000021d   PAIFG_H
0000021e   P2IV
00000220   PBIN
00000220   PBIN_L
00000221   PBIN_H
00000222   PBOUT
00000222   PBOUT_L
00000223   PBOUT_H
00000224   PBDIR
00000224   PBDIR_L
00000225   PBDIR_H
00000226   PBREN
00000226   PBREN_L
00000227   PBREN_H
00000228   PBDS
00000228   PBDS_L
00000229   PBDS_H
0000022a   PBSEL
0000022a   PBSEL_L
0000022b   PBSEL_H
00000240   PCIN
00000240   PCIN_L
00000241   PCIN_H
00000242   PCOUT
00000242   PCOUT_L
00000243   PCOUT_H
00000244   PCDIR
00000244   PCDIR_L
00000245   PCDIR_H
00000246   PCREN
00000246   PCREN_L
00000247   PCREN_H
00000248   PCDS
00000248   PCDS_L
00000249   PCDS_H
0000024a   PCSEL
0000024a   PCSEL_L
0000024b   PCSEL_H
00000260   PDIN
00000260   PDIN_L
00000261   PDIN_H
00000262   PDOUT
00000262   PDOUT_L
00000263   PDOUT_H
00000264   PDDIR
00000264   PDDIR_L
00000265   PDDIR_H
00000266   PDREN
00000266   PDREN_L
00000267   PDREN_H
00000268   PDDS
00000268   PDDS_L
00000269   PDDS_H
0000026a   PDSEL
0000026a   PDSEL_L
0000026b   PDSEL_H
00000280   PEIN
00000280   PEIN_L
00000281   PEIN_H
00000282   PEOUT
00000282   PEOUT_L
00000283   PEOUT_H
00000284   PEDIR
00000284   PEDIR_L
00000285   PEDIR_H
00000286   PEREN
00000286   PEREN_L
00000287   PEREN_H
00000288   PEDS
00000288   PEDS_L
00000289   PEDS_H
0000028a   PESEL
0000028a   PESEL_L
0000028b   PESEL_H
000002a0   PFIN
000002a0   PFIN_L
000002a1   PFIN_H
000002a2   PFOUT
000002a2   PFOUT_L
000002a3   PFOUT_H
000002a4   PFDIR
000002a4   PFDIR_L
000002a5   PFDIR_H
000002a6   PFREN
000002a6   PFREN_L
000002a7   PFREN_H
000002a8   PFDS
000002a8   PFDS_L
000002a9   PFDS_H
000002aa   PFSEL
000002aa   PFSEL_L
000002ab   PFSEL_H
00000320   PJIN
00000320   PJIN_L
00000321   PJIN_H
00000322   PJOUT
00000322   PJOUT_L
00000323   PJOUT_H
00000324   PJDIR
00000324   PJDIR_L
00000325   PJDIR_H
00000326   PJREN
00000326   PJREN_L
00000327   PJREN_H
00000328   PJDS
00000328   PJDS_L
00000329   PJDS_H
00000340   TA0CTL
00000342   TA0CCTL0
00000344   TA0CCTL1
00000346   TA0CCTL2
00000348   TA0CCTL3
0000034a   TA0CCTL4
00000350   TA0R
00000352   TA0CCR0
00000354   TA0CCR1
00000356   TA0CCR2
00000358   TA0CCR3
0000035a   TA0CCR4
00000360   TA0EX0
0000036e   TA0IV
00000380   TA1CTL
00000382   TA1CCTL0
00000384   TA1CCTL1
00000386   TA1CCTL2
00000390   TA1R
00000392   TA1CCR0
00000394   TA1CCR1
00000396   TA1CCR2
000003a0   TA1EX0
000003ae   TA1IV
000003c0   TB0CTL
000003c2   TB0CCTL0
000003c4   TB0CCTL1
000003c6   TB0CCTL2
000003c8   TB0CCTL3
000003ca   TB0CCTL4
000003cc   TB0CCTL5
000003ce   TB0CCTL6
000003d0   TB0R
000003d2   TB0CCR0
000003d4   TB0CCR1
000003d6   TB0CCR2
000003d8   TB0CCR3
000003da   TB0CCR4
000003dc   TB0CCR5
000003de   TB0CCR6
000003e0   TB0EX0
000003ee   TB0IV
00000400   __STACK_SIZE
00000400   __SYSMEM_SIZE
000004a0   RTCCTL01
000004a0   RTCCTL01_L
000004a1   RTCCTL01_H
000004a2   RTCCTL23
000004a2   RTCCTL23_L
000004a3   RTCCTL23_H
000004a8   RTCPS0CTL
000004a8   RTCPS0CTL_L
000004a9   RTCPS0CTL_H
000004aa   RTCPS1CTL
000004aa   RTCPS1CTL_L
000004ab   RTCPS1CTL_H
000004ac   RTCPS
000004ac   RTCPS_L
000004ad   RTCPS_H
000004ae   RTCIV
000004b0   RTCTIM0
000004b0   RTCTIM0_L
000004b1   RTCTIM0_H
000004b2   RTCTIM1
000004b2   RTCTIM1_L
000004b3   RTCTIM1_H
000004b4   RTCDATE
000004b4   RTCDATE_L
000004b5   RTCDATE_H
000004b6   RTCYEAR
000004b6   RTCYEAR_L
000004b7   RTCYEAR_H
000004b8   RTCAMINHR
000004b8   RTCAMINHR_L
000004b9   RTCAMINHR_H
000004ba   RTCADOWDAY
000004ba   RTCADOWDAY_L
000004bb   RTCADOWDAY_H
000004c0   MPY
000004c0   MPY_L
000004c1   MPY_H
000004c2   MPYS
000004c2   MPYS_L
000004c3   MPYS_H
000004c4   MAC
000004c4   MAC_L
000004c5   MAC_H
000004c6   MACS
000004c6   MACS_L
000004c7   MACS_H
000004c8   OP2
000004c8   OP2_L
000004c9   OP2_H
000004ca   RESLO
000004ca   RESLO_L
000004cb   RESLO_H
000004cc   RESHI
000004cc   RESHI_L
000004cd   RESHI_H
000004ce   SUMEXT
000004ce   SUMEXT_L
000004cf   SUMEXT_H
000004d0   MPY32L
000004d0   MPY32L_L
000004d1   MPY32L_H
000004d2   MPY32H
000004d2   MPY32H_L
000004d3   MPY32H_H
000004d4   MPYS32L
000004d4   MPYS32L_L
000004d5   MPYS32L_H
000004d6   MPYS32H
000004d6   MPYS32H_L
000004d7   MPYS32H_H
000004d8   MAC32L
000004d8   MAC32L_L
000004d9   MAC32L_H
000004da   MAC32H
000004da   MAC32H_L
000004db   MAC32H_H
000004dc   MACS32L
000004dc   MACS32L_L
000004dd   MACS32L_H
000004de   MACS32H
000004de   MACS32H_L
000004df   MACS32H_H
000004e0   OP2L
000004e0   OP2L_L
000004e1   OP2L_H
000004e2   OP2H
000004e2   OP2H_L
000004e3   OP2H_H
000004e4   RES0
000004e4   RES0_L
000004e5   RES0_H
000004e6   RES1
000004e6   RES1_L
000004e7   RES1_H
000004e8   RES2
000004e8   RES2_L
000004e9   RES2_H
000004ea   RES3
000004ea   RES3_L
000004eb   RES3_H
000004ec   MPY32CTL0
000004ec   MPY32CTL0_L
000004ed   MPY32CTL0_H
00000500   DMACTL0
00000500   DMACTL0_L
00000501   DMACTL0_H
00000502   DMACTL1
00000502   DMACTL1_L
00000503   DMACTL1_H
00000504   DMACTL2
00000504   DMACTL2_L
00000505   DMACTL2_H
00000506   DMACTL3
00000506   DMACTL3_L
00000507   DMACTL3_H
00000508   DMACTL4
00000508   DMACTL4_L
00000509   DMACTL4_H
0000050e   DMAIV
0000050e   DMAIV_L
0000050f   DMAIV_H
00000510   DMA0CTL
00000510   DMA0CTL_L
00000511   DMA0CTL_H
00000512   DMA0SA
00000512   DMA0SAL
00000516   DMA0DA
00000516   DMA0DAL
0000051a   DMA0SZ
00000520   DMA1CTL
00000520   DMA1CTL_L
00000521   DMA1CTL_H
00000522   DMA1SA
00000522   DMA1SAL
00000526   DMA1DA
00000526   DMA1DAL
0000052a   DMA1SZ
00000530   DMA2CTL
00000530   DMA2CTL_L
00000531   DMA2CTL_H
00000532   DMA2SA
00000532   DMA2SAL
00000536   DMA2DA
00000536   DMA2DAL
0000053a   DMA2SZ
000005c0   UCA0CTLW0
000005c0   UCA0CTLW0_L
000005c1   UCA0CTLW0_H
000005c6   UCA0BRW
000005c6   UCA0BRW_L
000005c7   UCA0BRW_H
000005c8   UCA0MCTL
000005ca   UCA0STAT
000005cc   UCA0RXBUF
000005ce   UCA0TXBUF
000005d0   UCA0ABCTL
000005d2   UCA0IRCTL
000005d2   UCA0IRCTL_L
000005d3   UCA0IRCTL_H
000005dc   UCA0ICTL
000005dc   UCA0ICTL_L
000005dd   UCA0ICTL_H
000005de   UCA0IV
000005e0   UCB0CTLW0
000005e0   UCB0CTLW0_L
000005e1   UCB0CTLW0_H
000005e6   UCB0BRW
000005e6   UCB0BRW_L
000005e7   UCB0BRW_H
000005ea   UCB0STAT
000005ec   UCB0RXBUF
000005ee   UCB0TXBUF
000005f0   UCB0I2COA
000005f0   UCB0I2COA_L
000005f1   UCB0I2COA_H
000005f2   UCB0I2CSA
000005f2   UCB0I2CSA_L
000005f3   UCB0I2CSA_H
000005fc   UCB0ICTL
000005fc   UCB0ICTL_L
000005fd   UCB0ICTL_H
000005fe   UCB0IV
00000600   UCA1CTLW0
00000600   UCA1CTLW0_L
00000601   UCA1CTLW0_H
00000606   UCA1BRW
00000606   UCA1BRW_L
00000607   UCA1BRW_H
00000608   UCA1MCTL
0000060a   UCA1STAT
0000060c   UCA1RXBUF
0000060e   UCA1TXBUF
00000610   UCA1ABCTL
00000612   UCA1IRCTL
00000612   UCA1IRCTL_L
00000613   UCA1IRCTL_H
0000061c   UCA1ICTL
0000061c   UCA1ICTL_L
0000061d   UCA1ICTL_H
0000061e   UCA1IV
00000620   UCB1CTLW0
00000620   UCB1CTLW0_L
00000621   UCB1CTLW0_H
00000626   UCB1BRW
00000626   UCB1BRW_L
00000627   UCB1BRW_H
0000062a   UCB1STAT
0000062c   UCB1RXBUF
0000062e   UCB1TXBUF
00000630   UCB1I2COA
00000630   UCB1I2COA_L
00000631   UCB1I2COA_H
00000632   UCB1I2CSA
00000632   UCB1I2CSA_L
00000633   UCB1I2CSA_H
0000063c   UCB1ICTL
0000063c   UCB1ICTL_L
0000063d   UCB1ICTL_H
0000063e   UCB1IV
00000700   ADC12CTL0
00000700   ADC12CTL0_L
00000701   ADC12CTL0_H
00000702   ADC12CTL1
00000702   ADC12CTL1_L
00000703   ADC12CTL1_H
00000704   ADC12CTL2
00000704   ADC12CTL2_L
00000705   ADC12CTL2_H
0000070a   ADC12IFG
0000070a   ADC12IFG_L
0000070b   ADC12IFG_H
0000070c   ADC12IE
0000070c   ADC12IE_L
0000070d   ADC12IE_H
0000070e   ADC12IV
0000070e   ADC12IV_L
0000070f   ADC12IV_H
00000710   ADC12MCTL0
00000711   ADC12MCTL1
00000712   ADC12MCTL2
00000713   ADC12MCTL3
00000714   ADC12MCTL4
00000715   ADC12MCTL5
00000716   ADC12MCTL6
00000717   ADC12MCTL7
00000718   ADC12MCTL8
00000719   ADC12MCTL9
0000071a   ADC12MCTL10
0000071b   ADC12MCTL11
0000071c   ADC12MCTL12
0000071d   ADC12MCTL13
0000071e   ADC12MCTL14
0000071f   ADC12MCTL15
00000720   ADC12MEM0
00000720   ADC12MEM0_L
00000721   ADC12MEM0_H
00000722   ADC12MEM1
00000722   ADC12MEM1_L
00000723   ADC12MEM1_H
00000724   ADC12MEM2
00000724   ADC12MEM2_L
00000725   ADC12MEM2_H
00000726   ADC12MEM3
00000726   ADC12MEM3_L
00000727   ADC12MEM3_H
00000728   ADC12MEM4
00000728   ADC12MEM4_L
00000729   ADC12MEM4_H
0000072a   ADC12MEM5
0000072a   ADC12MEM5_L
0000072b   ADC12MEM5_H
0000072c   ADC12MEM6
0000072c   ADC12MEM6_L
0000072d   ADC12MEM6_H
0000072e   ADC12MEM7
0000072e   ADC12MEM7_L
0000072f   ADC12MEM7_H
00000730   ADC12MEM8
00000730   ADC12MEM8_L
00000731   ADC12MEM8_H
00000732   ADC12MEM9
00000732   ADC12MEM9_L
00000733   ADC12MEM9_H
00000734   ADC12MEM10
00000734   ADC12MEM10_L
00000735   ADC12MEM10_H
00000736   ADC12MEM11
00000736   ADC12MEM11_L
00000737   ADC12MEM11_H
00000738   ADC12MEM12
00000738   ADC12MEM12_L
00000739   ADC12MEM12_H
0000073a   ADC12MEM13
0000073a   ADC12MEM13_L
0000073b   ADC12MEM13_H
0000073c   ADC12MEM14
0000073c   ADC12MEM14_L
0000073d   ADC12MEM14_H
0000073e   ADC12MEM15
0000073e   ADC12MEM15_L
0000073f   ADC12MEM15_H
00001c00   _sys_memory
00002126   UDPSocketInfo
000021e6   AppConfig
00002240   remoteNode
0000225c   gotoProgram
00002266   UDPRxCount
00002268   UDPTxCount
0000226c   _tftpError
00002294   _tftpSocket
00002295   activeUDPSocket
000022ac   isTFTPActivated
000022b2   _lock
000022b6   _unlock
000022c0   DHCPClientInitializedOnce
000022c8   _Errno
00005800   _stack
00005c00   __STACK_END
00005c00   _ctypes_
00005d06   _c_int00
00005d06   _c_int00_noexit
00005d20   ParserTask
00006148   DHCPTask
000067a8   MACMemCopyAsync
00006bfe   MACFlush
00006db4   MACInit
00006f62   strtoul
000070f6   TFTPIsGetReady
00007262   TFTPIsPutReady
00007396   UDPTask
000074c6   StackTask
000075d8   UDPFlush
000077ac   ARPProcess
0000795e   SetVCoreUp
00007a28   UDPProcess
00007af0   CalcIPBufferChecksum
00007bac   UDPOpenEx
00007c66   MACGetHeader
00007d16   malloc
00007dbc   IPGetHeader
00007e5a   SetVCoreDown
00007ef6   TFTPIsOpened
00007f8e   ReadPHYReg
0000801e   main
000080ae   IPPutHeader
0000813c   TFTPTask
000081be   ICMPProcess
0000823e   free
000082be   MACCalcRxChecksum
00008424   MACPutHeader
00008494   _auto_init
00008504   InitializeClocks
000085cc   ARPResolve
0000862e   WritePHYReg
0000868c   InitAppConfig
000086e6   TFTPOpenFile
0000873e   __mspabi_divul
0000873e   __mspabi_remul
00008796   MACSetWritePtr
000087ec   ARPIsResolved
00008840   MACSetReadPtr
00008930   MACGetArray
0000897a   MACPutArray
000089c4   MACDiscardRx
00008a8a   SetVCore
00008b0a   __memcpy_far
00008b4a   __TI_zero_init
00008b88   __mspabi_srll_15
00008b8c   __mspabi_srll_14
00008b90   __mspabi_srll_13
00008b94   __mspabi_srll_12
00008b98   __mspabi_srll_11
00008b9c   __mspabi_srll_10
00008ba0   __mspabi_srll_9
00008ba4   __mspabi_srll_8
00008ba8   __mspabi_srll_7
00008bac   __mspabi_srll_6
00008bb0   __mspabi_srll_5
00008bb4   __mspabi_srll_4
00008bb8   __mspabi_srll_3
00008bbc   __mspabi_srll_2
00008bc0   __mspabi_srll_1
00008bc6   MACPut
00008c02   ReadETHReg
00008c3e   __TI_decompress_none
00008c7a   DHCPInit
00008cb4   minit
00008cec   InitializeEthSpi
00008d22   StackInit
00008d58   MACGet
00008d8c   UDPClose
00008dc0   UDPIsPutReady
00008df4   MACSetReadPtrInRx
00008e24   UDPPutArray
00008e54   CalcIPChecksum
00008e82   Flash_write8
00008ede   UDPGetArray
00008f0c   Flash_segmentErase
00008f64   TFTPGet
00008f90   SwapARPPacket
00008fba   UDPGet
0000900e   TFTPOpen
00009036   TickGetDiv256
0000905e   UDPIsGetReady
00009086   InitializeButton
000090ac   UDPPut
000090d2   BankSel
000090f4   InitializeIO
00009116   __mspabi_mpyl_f5hw
00009138   swaps
0000915a   ARPInit
0000917a   UDPDiscard
00009198   MACIsMemCopyDone
000091b4   UDPInit
000091d0   MACIsTxReady
000091ea   TFTPInit
00009204   DHCPDisable
0000921c   TFTPIsFileOpened
00009232   UDPSetTxBuffer
00009248   __mspabi_mpyi_f5hw
0000925e   MACIsLinked
00009272   TickUpdate
00009286   UDPSetRxBuffer
0000929a   memset
000092ae   memcpy
000092c0   InitializeLeds
000092ce   TickGet
000092dc   __TI_decompress_rle24
000092ea   IPSetRxBuffer
000092f6   ParserInit
00009300   DHCPIsBound
00009308   InitializeTimers
00009310   TFTPGetState
00009316   __TI_ISR_TRAP
0000931c   _system_pre_init
00009320   C$$EXIT
00009320   abort
00009324   StackApplications
00009326   _nop
00009348   __TI_Handler_Table_Base
00009354   __TI_Handler_Table_Limit
0000935a   __TI_CINIT_Base
0000936a   __TI_CINIT_Limit
0000ffd2   __TI_int41
0000ffd4   __TI_int42
0000ffda   __TI_int45
0000ffdc   __TI_int46
0000ffde   __TI_int47
0000ffe0   __TI_int48
0000ffe2   __TI_int49
0000ffe4   __TI_int50
0000ffea   __TI_int53
0000ffec   __TI_int54
0000ffee   __TI_int55
0000fff0   __TI_int56
0000fff2   __TI_int57
0000fff4   __TI_int58
0000fff6   __TI_int59
0000fff8   __TI_int60
0000fffa   __TI_int61
0000fffc   __TI_int62
0000fffe   _reset_vector
ffffffff   __binit__
ffffffff   __c_args__
ffffffff   binit
UNDEFED    __TI_INITARRAY_Base
UNDEFED    __TI_INITARRAY_Limit

[770 symbols]
